[2025-04-22T13:40:49.238+0000][0.196s] Heap region size: 1M
[2025-04-22T13:40:52.048+0000][3.007s] Using G1
[2025-04-22T13:40:52.049+0000][3.007s] Heap address: 0x00000000e0000000, size: 512 MB, Compressed Oops mode: 32-bit
[2025-04-22T13:40:52.054+0000][3.012s] Mark closed archive regions in map: [0x00000000fff00000, 0x00000000fff65ff8]
[2025-04-22T13:40:52.055+0000][3.013s] Mark open archive regions in map: [0x00000000ffe00000, 0x00000000ffe42ff8]
[2025-04-22T13:40:55.554+0000][6.513s] GC(0) Pause Young (Normal) (G1 Evacuation Pause)
[2025-04-22T13:40:55.557+0000][6.516s] GC(0) Using 4 workers of 4 for evacuation
[2025-04-22T13:40:55.577+0000][6.536s] GC(0)   Pre Evacuate Collection Set: 0.1ms
[2025-04-22T13:40:55.578+0000][6.536s] GC(0)   Evacuate Collection Set: 11.2ms
[2025-04-22T13:40:55.578+0000][6.536s] GC(0)   Post Evacuate Collection Set: 8.3ms
[2025-04-22T13:40:55.578+0000][6.537s] GC(0)   Other: 3.7ms
[2025-04-22T13:40:55.578+0000][6.537s] GC(0) Eden regions: 25->0(304)
[2025-04-22T13:40:55.578+0000][6.537s] GC(0) Survivor regions: 0->3(4)
[2025-04-22T13:40:55.579+0000][6.537s] GC(0) Old regions: 2->2
[2025-04-22T13:40:55.579+0000][6.537s] GC(0) Humongous regions: 0->0
[2025-04-22T13:40:55.579+0000][6.537s] GC(0) Metaspace: 7039K(8448K)->7039K(8448K) NonClass: 6166K(7424K)->6166K(7424K) Class: 872K(1024K)->872K(1024K)
[2025-04-22T13:40:55.579+0000][6.538s] GC(0) Pause Young (Normal) (G1 Evacuation Pause) 25M->3M(512M) 25.167ms
[2025-04-22T13:40:55.580+0000][6.538s] GC(0) User=0.03s Sys=0.01s Real=0.03s
[2025-04-22T13:40:57.661+0000][8.619s] GC(1) Pause Young (Normal) (G1 Evacuation Pause)
[2025-04-22T13:40:57.661+0000][8.620s] GC(1) Using 4 workers of 4 for evacuation
[2025-04-22T13:40:57.690+0000][8.649s] GC(1)   Pre Evacuate Collection Set: 0.0ms
[2025-04-22T13:40:57.691+0000][8.649s] GC(1)   Evacuate Collection Set: 28.7ms
[2025-04-22T13:40:57.691+0000][8.649s] GC(1)   Post Evacuate Collection Set: 0.3ms
[2025-04-22T13:40:57.691+0000][8.650s] GC(1)   Other: 0.6ms
[2025-04-22T13:40:57.692+0000][8.651s] GC(1) Eden regions: 23->0(38)
[2025-04-22T13:40:57.693+0000][8.651s] GC(1) Survivor regions: 3->4(4)
[2025-04-22T13:40:57.696+0000][8.654s] GC(1) Old regions: 2->10
[2025-04-22T13:40:57.697+0000][8.655s] GC(1) Humongous regions: 4->4
[2025-04-22T13:40:57.697+0000][8.656s] GC(1) Metaspace: 14265K(15104K)->14265K(15104K) NonClass: 12493K(13056K)->12493K(13056K) Class: 1772K(2048K)->1772K(2048K)
[2025-04-22T13:40:57.698+0000][8.656s] GC(1) Pause Young (Normal) (G1 Evacuation Pause) 30M->16M(512M) 36.771ms
[2025-04-22T13:40:57.698+0000][8.656s] GC(1) User=0.06s Sys=0.01s Real=0.04s
[2025-04-22T13:41:00.332+0000][11.295s] GC(2) Pause Young (Normal) (G1 Evacuation Pause)
[2025-04-22T13:41:00.333+0000][11.295s] GC(2) Using 4 workers of 4 for evacuation
[2025-04-22T13:41:00.349+0000][11.311s] GC(2)   Pre Evacuate Collection Set: 0.0ms
[2025-04-22T13:41:00.349+0000][11.312s] GC(2)   Evacuate Collection Set: 14.2ms
[2025-04-22T13:41:00.350+0000][11.312s] GC(2)   Post Evacuate Collection Set: 0.9ms
[2025-04-22T13:41:00.350+0000][11.313s] GC(2)   Other: 1.5ms
[2025-04-22T13:41:00.350+0000][11.313s] GC(2) Eden regions: 38->0(49)
[2025-04-22T13:41:00.351+0000][11.313s] GC(2) Survivor regions: 4->6(6)
[2025-04-22T13:41:00.352+0000][11.314s] GC(2) Old regions: 10->16
[2025-04-22T13:41:00.352+0000][11.315s] GC(2) Humongous regions: 4->4
[2025-04-22T13:41:00.353+0000][11.315s] GC(2) Metaspace: 17688K(18560K)->17688K(18560K) NonClass: 15537K(16128K)->15537K(16128K) Class: 2151K(2432K)->2151K(2432K)
[2025-04-22T13:41:00.353+0000][11.316s] GC(2) Pause Young (Normal) (G1 Evacuation Pause) 54M->24M(512M) 20.774ms
[2025-04-22T13:41:00.353+0000][11.316s] GC(2) User=0.04s Sys=0.00s Real=0.03s
[2025-04-22T13:41:01.169+0000][12.132s] GC(3) Pause Young (Concurrent Start) (Metadata GC Threshold)
[2025-04-22T13:41:01.170+0000][12.132s] GC(3) Using 4 workers of 4 for evacuation
[2025-04-22T13:41:01.177+0000][12.139s] GC(3)   Pre Evacuate Collection Set: 0.1ms
[2025-04-22T13:41:01.177+0000][12.140s] GC(3)   Evacuate Collection Set: 5.9ms
[2025-04-22T13:41:01.177+0000][12.140s] GC(3)   Post Evacuate Collection Set: 0.5ms
[2025-04-22T13:41:01.177+0000][12.140s] GC(3)   Other: 0.9ms
[2025-04-22T13:41:01.178+0000][12.140s] GC(3) Eden regions: 21->0(51)
[2025-04-22T13:41:01.178+0000][12.140s] GC(3) Survivor regions: 6->1(7)
[2025-04-22T13:41:01.178+0000][12.141s] GC(3) Old regions: 16->23
[2025-04-22T13:41:01.178+0000][12.141s] GC(3) Humongous regions: 4->4
[2025-04-22T13:41:01.178+0000][12.141s] GC(3) Metaspace: 20471K(21248K)->20471K(21248K) NonClass: 17970K(18432K)->17970K(18432K) Class: 2500K(2816K)->2500K(2816K)
[2025-04-22T13:41:01.179+0000][12.141s] GC(3) Pause Young (Concurrent Start) (Metadata GC Threshold) 45M->26M(512M) 9.131ms
[2025-04-22T13:41:01.179+0000][12.141s] GC(3) User=0.02s Sys=0.00s Real=0.01s
[2025-04-22T13:41:01.179+0000][12.142s] GC(4) Concurrent Cycle
[2025-04-22T13:41:01.180+0000][12.143s] GC(4) Concurrent Clear Claimed Marks
[2025-04-22T13:41:01.181+0000][12.143s] GC(4) Concurrent Clear Claimed Marks 0.477ms
[2025-04-22T13:41:01.183+0000][12.146s] GC(4) Concurrent Scan Root Regions
[2025-04-22T13:41:01.185+0000][12.148s] GC(4) Concurrent Scan Root Regions 2.004ms
[2025-04-22T13:41:01.185+0000][12.148s] GC(4) Concurrent Mark (12.148s)
[2025-04-22T13:41:01.186+0000][12.148s] GC(4) Concurrent Mark From Roots
[2025-04-22T13:41:01.186+0000][12.148s] GC(4) Using 1 workers of 1 for marking
[2025-04-22T13:41:01.290+0000][12.253s] GC(4) Concurrent Mark From Roots 104.650ms
[2025-04-22T13:41:01.291+0000][12.253s] GC(4) Concurrent Preclean
[2025-04-22T13:41:01.291+0000][12.254s] GC(4) Concurrent Preclean 0.616ms
[2025-04-22T13:41:01.291+0000][12.254s] GC(4) Concurrent Mark (12.148s, 12.254s) 106.155ms
[2025-04-22T13:41:01.304+0000][12.266s] GC(4) Pause Remark
[2025-04-22T13:41:01.324+0000][12.287s] GC(4) Cleaned string and symbol table, strings: 9242 processed, 32 removed, symbols: 57448 processed, 28 removed
[2025-04-22T13:41:01.325+0000][12.288s] GC(4) Pause Remark 30M->30M(512M) 21.306ms
[2025-04-22T13:41:01.326+0000][12.288s] GC(4) User=0.03s Sys=0.00s Real=0.02s
[2025-04-22T13:41:01.326+0000][12.288s] GC(4) Concurrent Rebuild Remembered Sets
[2025-04-22T13:41:01.484+0000][12.447s] GC(4) Concurrent Rebuild Remembered Sets 158.419ms
[2025-04-22T13:41:01.493+0000][12.455s] GC(4) Pause Cleanup
[2025-04-22T13:41:01.500+0000][12.463s] GC(4) Pause Cleanup 38M->38M(512M) 7.305ms
[2025-04-22T13:41:01.502+0000][12.465s] GC(4) User=0.00s Sys=0.01s Real=0.01s
[2025-04-22T13:41:01.502+0000][12.465s] GC(4) Concurrent Cleanup for Next Mark
[2025-04-22T13:41:01.504+0000][12.467s] GC(4) Concurrent Cleanup for Next Mark 1.535ms
[2025-04-22T13:41:01.504+0000][12.467s] GC(4) Concurrent Cycle 325.167ms
[2025-04-22T13:41:02.792+0000][13.755s] GC(5) Pause Young (Concurrent Start) (G1 Evacuation Pause)
[2025-04-22T13:41:02.793+0000][13.755s] GC(5) Using 4 workers of 4 for evacuation
[2025-04-22T13:41:02.804+0000][13.766s] GC(5)   Pre Evacuate Collection Set: 0.1ms
[2025-04-22T13:41:02.804+0000][13.767s] GC(5)   Evacuate Collection Set: 10.5ms
[2025-04-22T13:41:02.805+0000][13.767s] GC(5)   Post Evacuate Collection Set: 0.3ms
[2025-04-22T13:41:02.805+0000][13.767s] GC(5)   Other: 0.8ms
[2025-04-22T13:41:02.805+0000][13.767s] GC(5) Eden regions: 51->0(84)
[2025-04-22T13:41:02.805+0000][13.768s] GC(5) Survivor regions: 1->1(7)
[2025-04-22T13:41:02.805+0000][13.768s] GC(5) Old regions: 23->23
[2025-04-22T13:41:02.805+0000][13.768s] GC(5) Humongous regions: 4->4
[2025-04-22T13:41:02.806+0000][13.768s] GC(5) Metaspace: 25490K(26624K)->25490K(26624K) NonClass: 22459K(23296K)->22459K(23296K) Class: 3030K(3328K)->3030K(3328K)
[2025-04-22T13:41:02.806+0000][13.769s] GC(5) Pause Young (Concurrent Start) (G1 Evacuation Pause) 77M->26M(512M) 13.901ms
[2025-04-22T13:41:02.806+0000][13.769s] GC(5) User=0.01s Sys=0.00s Real=0.02s
[2025-04-22T13:41:02.807+0000][13.769s] GC(6) Concurrent Cycle
[2025-04-22T13:41:02.807+0000][13.770s] GC(6) Concurrent Clear Claimed Marks
[2025-04-22T13:41:02.807+0000][13.770s] GC(6) Concurrent Clear Claimed Marks 0.246ms
[2025-04-22T13:41:02.807+0000][13.770s] GC(6) Concurrent Scan Root Regions
[2025-04-22T13:41:02.814+0000][13.777s] GC(6) Concurrent Scan Root Regions 6.838ms
[2025-04-22T13:41:02.815+0000][13.777s] GC(6) Concurrent Mark (13.777s)
[2025-04-22T13:41:02.815+0000][13.777s] GC(6) Concurrent Mark From Roots
[2025-04-22T13:41:02.816+0000][13.779s] GC(6) Using 1 workers of 1 for marking
[2025-04-22T13:41:02.941+0000][13.903s] GC(6) Concurrent Mark From Roots 126.043ms
[2025-04-22T13:41:02.941+0000][13.904s] GC(6) Concurrent Preclean
[2025-04-22T13:41:02.942+0000][13.904s] GC(6) Concurrent Preclean 0.306ms
[2025-04-22T13:41:02.942+0000][13.904s] GC(6) Concurrent Mark (13.777s, 13.904s) 127.110ms
[2025-04-22T13:41:02.942+0000][13.905s] GC(6) Pause Remark
[2025-04-22T13:41:02.953+0000][13.915s] GC(6) Cleaned string and symbol table, strings: 10442 processed, 1 removed, symbols: 75203 processed, 27 removed
[2025-04-22T13:41:02.953+0000][13.916s] GC(6) Pause Remark 33M->33M(512M) 11.201ms
[2025-04-22T13:41:02.954+0000][13.916s] GC(6) User=0.02s Sys=0.00s Real=0.02s
[2025-04-22T13:41:02.954+0000][13.916s] GC(6) Concurrent Rebuild Remembered Sets
[2025-04-22T13:41:03.021+0000][13.983s] GC(6) Concurrent Rebuild Remembered Sets 67.073ms
[2025-04-22T13:41:03.021+0000][13.984s] GC(6) Pause Cleanup
[2025-04-22T13:41:03.022+0000][13.984s] GC(6) Pause Cleanup 35M->35M(512M) 0.414ms
[2025-04-22T13:41:03.022+0000][13.985s] GC(6) User=0.01s Sys=0.00s Real=0.00s
[2025-04-22T13:41:03.023+0000][13.985s] GC(6) Concurrent Cleanup for Next Mark
[2025-04-22T13:41:03.024+0000][13.986s] GC(6) Concurrent Cleanup for Next Mark 1.192ms
[2025-04-22T13:41:03.024+0000][13.987s] GC(6) Concurrent Cycle 217.382ms
[2025-04-22T13:41:06.777+0000][17.739s] GC(7) Pause Young (Normal) (G1 Evacuation Pause)
[2025-04-22T13:41:06.778+0000][17.740s] GC(7) Using 4 workers of 4 for evacuation
[2025-04-22T13:41:06.814+0000][17.776s] GC(7)   Pre Evacuate Collection Set: 0.0ms
[2025-04-22T13:41:06.814+0000][17.777s] GC(7)   Evacuate Collection Set: 34.4ms
[2025-04-22T13:41:06.814+0000][17.777s] GC(7)   Post Evacuate Collection Set: 0.8ms
[2025-04-22T13:41:06.815+0000][17.777s] GC(7)   Other: 1.7ms
[2025-04-22T13:41:06.815+0000][17.777s] GC(7) Eden regions: 84->0(113)
[2025-04-22T13:41:06.815+0000][17.777s] GC(7) Survivor regions: 1->10(11)
[2025-04-22T13:41:06.815+0000][17.778s] GC(7) Old regions: 23->23
[2025-04-22T13:41:06.815+0000][17.778s] GC(7) Humongous regions: 4->4
[2025-04-22T13:41:06.816+0000][17.778s] GC(7) Metaspace: 34329K(35712K)->34329K(35712K) NonClass: 30307K(31232K)->30307K(31232K) Class: 4022K(4480K)->4022K(4480K)
[2025-04-22T13:41:06.816+0000][17.778s] GC(7) Pause Young (Normal) (G1 Evacuation Pause) 110M->35M(512M) 38.840ms
[2025-04-22T13:41:06.816+0000][17.779s] GC(7) User=0.08s Sys=0.00s Real=0.04s
[2025-04-22T13:44:52.307+0000][243.290s] Heap
[2025-04-22T13:44:52.308+0000][243.291s]  garbage-first heap   total 524288K, used 101585K [0x00000000e0000000, 0x0000000100000000)
[2025-04-22T13:44:52.309+0000][243.292s]   region size 1024K, 75 young (76800K), 10 survivors (10240K)
[2025-04-22T13:44:52.309+0000][243.292s]  Metaspace       used 39382K, capacity 40557K, committed 40704K, reserved 1085440K
[2025-04-22T13:44:52.310+0000][243.292s]   class space    used 4628K, capacity 5099K, committed 5120K, reserved 1048576K
