[2025-04-22T13:40:49.248+0000][0.211s] Heap region size: 1M
[2025-04-22T13:40:52.839+0000][3.802s] Using G1
[2025-04-22T13:40:52.840+0000][3.804s] Heap address: 0x00000000e0000000, size: 512 MB, Compressed Oops mode: 32-bit
[2025-04-22T13:40:52.841+0000][3.804s] Mark closed archive regions in map: [0x00000000fff00000, 0x00000000fff65ff8]
[2025-04-22T13:40:52.842+0000][3.805s] Mark open archive regions in map: [0x00000000ffe00000, 0x00000000ffe42ff8]
[2025-04-22T13:40:55.475+0000][6.438s] GC(0) Pause Young (Normal) (G1 Evacuation Pause)
[2025-04-22T13:40:55.478+0000][6.441s] GC(0) Using 4 workers of 4 for evacuation
[2025-04-22T13:40:55.535+0000][6.498s] GC(0)   Pre Evacuate Collection Set: 0.1ms
[2025-04-22T13:40:55.535+0000][6.498s] GC(0)   Evacuate Collection Set: 54.5ms
[2025-04-22T13:40:55.535+0000][6.499s] GC(0)   Post Evacuate Collection Set: 1.3ms
[2025-04-22T13:40:55.536+0000][6.499s] GC(0)   Other: 3.4ms
[2025-04-22T13:40:55.536+0000][6.499s] GC(0) Eden regions: 25->0(304)
[2025-04-22T13:40:55.536+0000][6.499s] GC(0) Survivor regions: 0->3(4)
[2025-04-22T13:40:55.536+0000][6.499s] GC(0) Old regions: 2->2
[2025-04-22T13:40:55.536+0000][6.500s] GC(0) Humongous regions: 0->0
[2025-04-22T13:40:55.537+0000][6.500s] GC(0) Metaspace: 7047K(8448K)->7047K(8448K) NonClass: 6175K(7424K)->6175K(7424K) Class: 872K(1024K)->872K(1024K)
[2025-04-22T13:40:55.537+0000][6.500s] GC(0) Pause Young (Normal) (G1 Evacuation Pause) 25M->3M(512M) 62.130ms
[2025-04-22T13:40:55.538+0000][6.501s] GC(0) User=0.18s Sys=0.00s Real=0.07s
[2025-04-22T13:40:57.581+0000][8.544s] GC(1) Pause Young (Normal) (G1 Evacuation Pause)
[2025-04-22T13:40:57.581+0000][8.545s] GC(1) Using 4 workers of 4 for evacuation
[2025-04-22T13:40:57.654+0000][8.617s] GC(1)   Pre Evacuate Collection Set: 0.0ms
[2025-04-22T13:40:57.654+0000][8.617s] GC(1)   Evacuate Collection Set: 70.6ms
[2025-04-22T13:40:57.654+0000][8.618s] GC(1)   Post Evacuate Collection Set: 1.4ms
[2025-04-22T13:40:57.655+0000][8.618s] GC(1)   Other: 1.1ms
[2025-04-22T13:40:57.655+0000][8.618s] GC(1) Eden regions: 22->0(32)
[2025-04-22T13:40:57.655+0000][8.618s] GC(1) Survivor regions: 3->4(4)
[2025-04-22T13:40:57.655+0000][8.618s] GC(1) Old regions: 2->10
[2025-04-22T13:40:57.655+0000][8.619s] GC(1) Humongous regions: 4->4
[2025-04-22T13:40:57.656+0000][8.619s] GC(1) Metaspace: 13982K(14848K)->13982K(14848K) NonClass: 12239K(12800K)->12239K(12800K) Class: 1743K(2048K)->1743K(2048K)
[2025-04-22T13:40:57.656+0000][8.619s] GC(1) Pause Young (Normal) (G1 Evacuation Pause) 29M->16M(512M) 75.045ms
[2025-04-22T13:40:57.656+0000][8.619s] GC(1) User=0.14s Sys=0.00s Real=0.07s
[2025-04-22T13:41:00.071+0000][11.039s] GC(2) Pause Young (Normal) (G1 Evacuation Pause)
[2025-04-22T13:41:00.077+0000][11.044s] GC(2) Using 4 workers of 4 for evacuation
[2025-04-22T13:41:00.122+0000][11.089s] GC(2)   Pre Evacuate Collection Set: 0.0ms
[2025-04-22T13:41:00.122+0000][11.089s] GC(2)   Evacuate Collection Set: 30.0ms
[2025-04-22T13:41:00.122+0000][11.090s] GC(2)   Post Evacuate Collection Set: 10.5ms
[2025-04-22T13:41:00.123+0000][11.090s] GC(2)   Other: 9.6ms
[2025-04-22T13:41:00.123+0000][11.090s] GC(2) Eden regions: 32->0(41)
[2025-04-22T13:41:00.123+0000][11.091s] GC(2) Survivor regions: 4->5(5)
[2025-04-22T13:41:00.124+0000][11.091s] GC(2) Old regions: 10->17
[2025-04-22T13:41:00.124+0000][11.091s] GC(2) Humongous regions: 4->4
[2025-04-22T13:41:00.124+0000][11.091s] GC(2) Metaspace: 16967K(17920K)->16967K(17920K) NonClass: 14898K(15616K)->14898K(15616K) Class: 2068K(2304K)->2068K(2304K)
[2025-04-22T13:41:00.124+0000][11.092s] GC(2) Pause Young (Normal) (G1 Evacuation Pause) 48M->24M(512M) 53.021ms
[2025-04-22T13:41:00.125+0000][11.092s] GC(2) User=0.05s Sys=0.01s Real=0.06s
[2025-04-22T13:41:01.179+0000][12.146s] GC(3) Pause Young (Concurrent Start) (Metadata GC Threshold)
[2025-04-22T13:41:01.179+0000][12.146s] GC(3) Using 4 workers of 4 for evacuation
[2025-04-22T13:41:01.209+0000][12.177s] GC(3)   Pre Evacuate Collection Set: 0.1ms
[2025-04-22T13:41:01.210+0000][12.177s] GC(3)   Evacuate Collection Set: 24.6ms
[2025-04-22T13:41:01.210+0000][12.177s] GC(3)   Post Evacuate Collection Set: 4.0ms
[2025-04-22T13:41:01.210+0000][12.177s] GC(3)   Other: 1.7ms
[2025-04-22T13:41:01.210+0000][12.177s] GC(3) Eden regions: 27->0(47)
[2025-04-22T13:41:01.210+0000][12.178s] GC(3) Survivor regions: 5->2(6)
[2025-04-22T13:41:01.211+0000][12.178s] GC(3) Old regions: 17->22
[2025-04-22T13:41:01.211+0000][12.178s] GC(3) Humongous regions: 4->4
[2025-04-22T13:41:01.211+0000][12.178s] GC(3) Metaspace: 20458K(21248K)->20458K(21248K) NonClass: 17949K(18432K)->17949K(18432K) Class: 2508K(2816K)->2508K(2816K)
[2025-04-22T13:41:01.211+0000][12.178s] GC(3) Pause Young (Concurrent Start) (Metadata GC Threshold) 50M->25M(512M) 32.387ms
[2025-04-22T13:41:01.211+0000][12.179s] GC(3) User=0.05s Sys=0.00s Real=0.03s
[2025-04-22T13:41:01.212+0000][12.179s] GC(4) Concurrent Cycle
[2025-04-22T13:41:01.212+0000][12.179s] GC(4) Concurrent Clear Claimed Marks
[2025-04-22T13:41:01.212+0000][12.179s] GC(4) Concurrent Clear Claimed Marks 0.233ms
[2025-04-22T13:41:01.212+0000][12.180s] GC(4) Concurrent Scan Root Regions
[2025-04-22T13:41:01.215+0000][12.182s] GC(4) Concurrent Scan Root Regions 2.874ms
[2025-04-22T13:41:01.216+0000][12.183s] GC(4) Concurrent Mark (12.183s)
[2025-04-22T13:41:01.216+0000][12.184s] GC(4) Concurrent Mark From Roots
[2025-04-22T13:41:01.217+0000][12.184s] GC(4) Using 1 workers of 1 for marking
[2025-04-22T13:41:01.351+0000][12.318s] GC(4) Concurrent Mark From Roots 134.637ms
[2025-04-22T13:41:01.351+0000][12.319s] GC(4) Concurrent Preclean
[2025-04-22T13:41:01.353+0000][12.321s] GC(4) Concurrent Preclean 1.944ms
[2025-04-22T13:41:01.354+0000][12.321s] GC(4) Concurrent Mark (12.183s, 12.321s) 137.597ms
[2025-04-22T13:41:01.354+0000][12.321s] GC(4) Pause Remark
[2025-04-22T13:41:01.364+0000][12.331s] GC(4) Cleaned string and symbol table, strings: 9274 processed, 22 removed, symbols: 57818 processed, 28 removed
[2025-04-22T13:41:01.365+0000][12.332s] GC(4) Pause Remark 35M->35M(512M) 10.908ms
[2025-04-22T13:41:01.365+0000][12.333s] GC(4) User=0.02s Sys=0.00s Real=0.01s
[2025-04-22T13:41:01.366+0000][12.333s] GC(4) Concurrent Rebuild Remembered Sets
[2025-04-22T13:41:01.409+0000][12.377s] GC(4) Concurrent Rebuild Remembered Sets 43.636ms
[2025-04-22T13:41:01.411+0000][12.378s] GC(4) Pause Cleanup
[2025-04-22T13:41:01.413+0000][12.380s] GC(4) Pause Cleanup 36M->36M(512M) 1.577ms
[2025-04-22T13:41:01.414+0000][12.381s] GC(4) User=0.00s Sys=0.00s Real=0.01s
[2025-04-22T13:41:01.415+0000][12.382s] GC(4) Concurrent Cleanup for Next Mark
[2025-04-22T13:41:01.433+0000][12.400s] GC(4) Concurrent Cleanup for Next Mark 18.269ms
[2025-04-22T13:41:01.437+0000][12.405s] GC(4) Concurrent Cycle 225.604ms
[2025-04-22T13:41:03.557+0000][14.524s] GC(5) Pause Young (Concurrent Start) (G1 Evacuation Pause)
[2025-04-22T13:41:03.557+0000][14.524s] GC(5) Using 4 workers of 4 for evacuation
[2025-04-22T13:41:03.570+0000][14.537s] GC(5)   Pre Evacuate Collection Set: 0.1ms
[2025-04-22T13:41:03.570+0000][14.538s] GC(5)   Evacuate Collection Set: 11.8ms
[2025-04-22T13:41:03.572+0000][14.539s] GC(5)   Post Evacuate Collection Set: 0.4ms
[2025-04-22T13:41:03.573+0000][14.540s] GC(5)   Other: 1.0ms
[2025-04-22T13:41:03.573+0000][14.540s] GC(5) Eden regions: 47->0(305)
[2025-04-22T13:41:03.573+0000][14.541s] GC(5) Survivor regions: 2->2(7)
[2025-04-22T13:41:03.574+0000][14.541s] GC(5) Old regions: 22->22
[2025-04-22T13:41:03.574+0000][14.542s] GC(5) Humongous regions: 4->4
[2025-04-22T13:41:03.575+0000][14.542s] GC(5) Metaspace: 25061K(26112K)->25061K(26112K) NonClass: 22067K(22784K)->22067K(22784K) Class: 2994K(3328K)->2994K(3328K)
[2025-04-22T13:41:03.576+0000][14.544s] GC(5) Pause Young (Concurrent Start) (G1 Evacuation Pause) 72M->25M(512M) 19.687ms
[2025-04-22T13:41:03.577+0000][14.544s] GC(5) User=0.03s Sys=0.00s Real=0.02s
[2025-04-22T13:41:03.579+0000][14.546s] GC(6) Concurrent Cycle
[2025-04-22T13:41:03.579+0000][14.546s] GC(6) Concurrent Clear Claimed Marks
[2025-04-22T13:41:03.581+0000][14.548s] GC(6) Concurrent Clear Claimed Marks 1.573ms
[2025-04-22T13:41:03.582+0000][14.549s] GC(6) Concurrent Scan Root Regions
[2025-04-22T13:41:03.593+0000][14.560s] GC(6) Concurrent Scan Root Regions 11.422ms
[2025-04-22T13:41:03.593+0000][14.561s] GC(6) Concurrent Mark (14.561s)
[2025-04-22T13:41:03.593+0000][14.561s] GC(6) Concurrent Mark From Roots
[2025-04-22T13:41:03.594+0000][14.561s] GC(6) Using 1 workers of 1 for marking
[2025-04-22T13:41:03.722+0000][14.689s] GC(6) Concurrent Mark From Roots 128.230ms
[2025-04-22T13:41:03.723+0000][14.690s] GC(6) Concurrent Preclean
[2025-04-22T13:41:03.724+0000][14.692s] GC(6) Concurrent Preclean 1.282ms
[2025-04-22T13:41:03.724+0000][14.692s] GC(6) Concurrent Mark (14.561s, 14.692s) 131.198ms
[2025-04-22T13:41:03.730+0000][14.697s] GC(6) Pause Remark
[2025-04-22T13:41:03.748+0000][14.716s] GC(6) Cleaned string and symbol table, strings: 10164 processed, 4 removed, symbols: 73472 processed, 11 removed
[2025-04-22T13:41:03.749+0000][14.716s] GC(6) Pause Remark 29M->29M(512M) 19.325ms
[2025-04-22T13:41:03.750+0000][14.717s] GC(6) User=0.03s Sys=0.00s Real=0.02s
[2025-04-22T13:41:03.753+0000][14.720s] GC(6) Concurrent Rebuild Remembered Sets
[2025-04-22T13:41:03.815+0000][14.782s] GC(6) Concurrent Rebuild Remembered Sets 61.696ms
[2025-04-22T13:41:03.817+0000][14.784s] GC(6) Pause Cleanup
[2025-04-22T13:41:03.818+0000][14.785s] GC(6) Pause Cleanup 30M->30M(512M) 1.126ms
[2025-04-22T13:41:03.818+0000][14.786s] GC(6) User=0.00s Sys=0.00s Real=0.00s
[2025-04-22T13:41:03.822+0000][14.789s] GC(6) Concurrent Cleanup for Next Mark
[2025-04-22T13:41:03.827+0000][14.794s] GC(6) Concurrent Cleanup for Next Mark 4.860ms
[2025-04-22T13:41:03.832+0000][14.799s] GC(6) Concurrent Cycle 253.362ms
[2025-04-22T13:44:51.743+0000][242.730s] Heap
[2025-04-22T13:44:51.743+0000][242.731s]  garbage-first heap   total 524288K, used 235417K [0x00000000e0000000, 0x0000000100000000)
[2025-04-22T13:44:51.744+0000][242.731s]   region size 1024K, 207 young (211968K), 2 survivors (2048K)
[2025-04-22T13:44:51.744+0000][242.732s]  Metaspace       used 42263K, capacity 43442K, committed 43648K, reserved 1087488K
[2025-04-22T13:44:51.744+0000][242.732s]   class space    used 4898K, capacity 5387K, committed 5504K, reserved 1048576K
