[2025-04-22T13:45:07.535+0000][0.154s] Heap region size: 1M
[2025-04-22T13:45:08.373+0000][0.991s] Using G1
[2025-04-22T13:45:08.383+0000][1.001s] Heap address: 0x00000000e0000000, size: 512 MB, Compressed Oops mode: 32-bit
[2025-04-22T13:45:08.402+0000][1.021s] Mark closed archive regions in map: [0x00000000fff00000, 0x00000000fff65ff8]
[2025-04-22T13:45:08.410+0000][1.028s] Mark open archive regions in map: [0x00000000ffe00000, 0x00000000ffe42ff8]
[2025-04-22T13:45:12.953+0000][5.571s] GC(0) Pause Young (Normal) (G1 Evacuation Pause)
[2025-04-22T13:45:12.963+0000][5.582s] GC(0) Using 4 workers of 4 for evacuation
[2025-04-22T13:45:13.048+0000][5.666s] GC(0)   Pre Evacuate Collection Set: 0.4ms
[2025-04-22T13:45:13.048+0000][5.666s] GC(0)   Evacuate Collection Set: 74.3ms
[2025-04-22T13:45:13.048+0000][5.667s] GC(0)   Post Evacuate Collection Set: 6.6ms
[2025-04-22T13:45:13.049+0000][5.667s] GC(0)   Other: 14.0ms
[2025-04-22T13:45:13.049+0000][5.667s] GC(0) Eden regions: 25->0(271)
[2025-04-22T13:45:13.049+0000][5.668s] GC(0) Survivor regions: 0->3(4)
[2025-04-22T13:45:13.049+0000][5.668s] GC(0) Old regions: 2->2
[2025-04-22T13:45:13.050+0000][5.668s] GC(0) Humongous regions: 0->0
[2025-04-22T13:45:13.050+0000][5.668s] GC(0) Metaspace: 7043K(8448K)->7043K(8448K) NonClass: 6171K(7424K)->6171K(7424K) Class: 872K(1024K)->872K(1024K)
[2025-04-22T13:45:13.050+0000][5.669s] GC(0) Pause Young (Normal) (G1 Evacuation Pause) 25M->3M(512M) 97.515ms
[2025-04-22T13:45:13.051+0000][5.669s] GC(0) User=0.15s Sys=0.02s Real=0.10s
[2025-04-22T13:45:14.860+0000][7.478s] GC(1) Pause Young (Normal) (G1 Evacuation Pause)
[2025-04-22T13:45:14.860+0000][7.479s] GC(1) Using 4 workers of 4 for evacuation
[2025-04-22T13:45:14.910+0000][7.529s] GC(1)   Pre Evacuate Collection Set: 0.1ms
[2025-04-22T13:45:14.911+0000][7.529s] GC(1)   Evacuate Collection Set: 45.9ms
[2025-04-22T13:45:14.911+0000][7.529s] GC(1)   Post Evacuate Collection Set: 0.6ms
[2025-04-22T13:45:14.911+0000][7.529s] GC(1)   Other: 4.0ms
[2025-04-22T13:45:14.911+0000][7.530s] GC(1) Eden regions: 22->0(33)
[2025-04-22T13:45:14.911+0000][7.530s] GC(1) Survivor regions: 3->4(4)
[2025-04-22T13:45:14.912+0000][7.530s] GC(1) Old regions: 2->10
[2025-04-22T13:45:14.912+0000][7.530s] GC(1) Humongous regions: 4->4
[2025-04-22T13:45:14.912+0000][7.530s] GC(1) Metaspace: 13985K(14592K)->13985K(14592K) NonClass: 12237K(12544K)->12237K(12544K) Class: 1747K(2048K)->1747K(2048K)
[2025-04-22T13:45:14.912+0000][7.530s] GC(1) Pause Young (Normal) (G1 Evacuation Pause) 29M->16M(512M) 52.419ms
[2025-04-22T13:45:14.912+0000][7.531s] GC(1) User=0.15s Sys=0.00s Real=0.05s
[2025-04-22T13:45:15.952+0000][8.570s] GC(2) Pause Young (Normal) (G1 Evacuation Pause)
[2025-04-22T13:45:15.952+0000][8.571s] GC(2) Using 4 workers of 4 for evacuation
[2025-04-22T13:45:16.003+0000][8.622s] GC(2)   Pre Evacuate Collection Set: 0.0ms
[2025-04-22T13:45:16.004+0000][8.622s] GC(2)   Evacuate Collection Set: 43.1ms
[2025-04-22T13:45:16.004+0000][8.623s] GC(2)   Post Evacuate Collection Set: 0.5ms
[2025-04-22T13:45:16.005+0000][8.623s] GC(2)   Other: 7.7ms
[2025-04-22T13:45:16.005+0000][8.623s] GC(2) Eden regions: 24->0(39)
[2025-04-22T13:45:16.005+0000][8.624s] GC(2) Survivor regions: 4->4(4)
[2025-04-22T13:45:16.006+0000][8.624s] GC(2) Old regions: 10->15
[2025-04-22T13:45:16.006+0000][8.624s] GC(2) Humongous regions: 4->4
[2025-04-22T13:45:16.006+0000][8.625s] GC(2) Metaspace: 16904K(17664K)->16904K(17664K) NonClass: 14832K(15360K)->14832K(15360K) Class: 2071K(2304K)->2071K(2304K)
[2025-04-22T13:45:16.006+0000][8.625s] GC(2) Pause Young (Normal) (G1 Evacuation Pause) 40M->21M(512M) 54.582ms
[2025-04-22T13:45:16.007+0000][8.625s] GC(2) User=0.07s Sys=0.00s Real=0.05s
[2025-04-22T13:45:18.801+0000][11.419s] GC(3) Pause Young (Concurrent Start) (Metadata GC Threshold)
[2025-04-22T13:45:18.814+0000][11.432s] GC(3) Using 4 workers of 4 for evacuation
[2025-04-22T13:45:18.852+0000][11.470s] GC(3)   Pre Evacuate Collection Set: 0.3ms
[2025-04-22T13:45:18.852+0000][11.471s] GC(3)   Evacuate Collection Set: 35.0ms
[2025-04-22T13:45:18.852+0000][11.471s] GC(3)   Post Evacuate Collection Set: 1.3ms
[2025-04-22T13:45:18.863+0000][11.482s] GC(3)   Other: 14.4ms
[2025-04-22T13:45:18.869+0000][11.487s] GC(3) Eden regions: 34->0(44)
[2025-04-22T13:45:18.869+0000][11.487s] GC(3) Survivor regions: 4->4(6)
[2025-04-22T13:45:18.880+0000][11.498s] GC(3) Old regions: 15->19
[2025-04-22T13:45:18.880+0000][11.499s] GC(3) Humongous regions: 4->4
[2025-04-22T13:45:18.883+0000][11.502s] GC(3) Metaspace: 20541K(21248K)->20541K(21248K) NonClass: 18025K(18432K)->18025K(18432K) Class: 2516K(2816K)->2516K(2816K)
[2025-04-22T13:45:18.899+0000][11.517s] GC(3) Pause Young (Concurrent Start) (Metadata GC Threshold) 55M->25M(512M) 97.667ms
[2025-04-22T13:45:18.908+0000][11.526s] GC(3) User=0.13s Sys=0.03s Real=0.11s
[2025-04-22T13:45:18.912+0000][11.530s] GC(4) Concurrent Cycle
[2025-04-22T13:45:18.912+0000][11.530s] GC(4) Concurrent Clear Claimed Marks
[2025-04-22T13:45:18.912+0000][11.531s] GC(4) Concurrent Clear Claimed Marks 0.258ms
[2025-04-22T13:45:18.912+0000][11.531s] GC(4) Concurrent Scan Root Regions
[2025-04-22T13:45:18.915+0000][11.533s] GC(4) Concurrent Scan Root Regions 2.605ms
[2025-04-22T13:45:18.923+0000][11.541s] GC(4) Concurrent Mark (11.541s)
[2025-04-22T13:45:18.930+0000][11.548s] GC(4) Concurrent Mark From Roots
[2025-04-22T13:45:18.930+0000][11.549s] GC(4) Using 1 workers of 1 for marking
[2025-04-22T13:45:19.113+0000][11.732s] GC(4) Concurrent Mark From Roots 183.426ms
[2025-04-22T13:45:19.116+0000][11.734s] GC(4) Concurrent Preclean
[2025-04-22T13:45:19.130+0000][11.749s] GC(4) Concurrent Preclean 14.809ms
[2025-04-22T13:45:19.138+0000][11.757s] GC(4) Concurrent Mark (11.541s, 11.757s) 215.416ms
[2025-04-22T13:45:19.147+0000][11.765s] GC(4) Pause Remark
[2025-04-22T13:45:19.166+0000][11.784s] GC(4) Cleaned string and symbol table, strings: 9240 processed, 22 removed, symbols: 57675 processed, 29 removed
[2025-04-22T13:45:19.170+0000][11.788s] GC(4) Pause Remark 30M->30M(512M) 23.061ms
[2025-04-22T13:45:19.170+0000][11.788s] GC(4) User=0.02s Sys=0.00s Real=0.03s
[2025-04-22T13:45:19.171+0000][11.790s] GC(4) Concurrent Rebuild Remembered Sets
[2025-04-22T13:45:19.229+0000][11.848s] GC(4) Concurrent Rebuild Remembered Sets 57.953ms
[2025-04-22T13:45:19.230+0000][11.848s] GC(4) Pause Cleanup
[2025-04-22T13:45:19.231+0000][11.849s] GC(4) Pause Cleanup 36M->36M(512M) 0.747ms
[2025-04-22T13:45:19.231+0000][11.849s] GC(4) User=0.00s Sys=0.00s Real=0.00s
[2025-04-22T13:45:19.232+0000][11.850s] GC(4) Concurrent Cleanup for Next Mark
[2025-04-22T13:45:19.233+0000][11.851s] GC(4) Concurrent Cleanup for Next Mark 1.316ms
[2025-04-22T13:45:19.233+0000][11.852s] GC(4) Concurrent Cycle 321.599ms
[2025-04-22T13:45:20.360+0000][12.979s] GC(5) Pause Young (Concurrent Start) (G1 Evacuation Pause)
[2025-04-22T13:45:20.361+0000][12.979s] GC(5) Using 4 workers of 4 for evacuation
[2025-04-22T13:45:20.400+0000][13.018s] GC(5)   Pre Evacuate Collection Set: 0.1ms
[2025-04-22T13:45:20.400+0000][13.018s] GC(5)   Evacuate Collection Set: 32.0ms
[2025-04-22T13:45:20.400+0000][13.019s] GC(5)   Post Evacuate Collection Set: 6.4ms
[2025-04-22T13:45:20.400+0000][13.019s] GC(5)   Other: 0.8ms
[2025-04-22T13:45:20.400+0000][13.019s] GC(5) Eden regions: 44->0(134)
[2025-04-22T13:45:20.401+0000][13.019s] GC(5) Survivor regions: 4->1(6)
[2025-04-22T13:45:20.401+0000][13.019s] GC(5) Old regions: 19->22
[2025-04-22T13:45:20.401+0000][13.019s] GC(5) Humongous regions: 4->4
[2025-04-22T13:45:20.401+0000][13.020s] GC(5) Metaspace: 25062K(26112K)->25062K(26112K) NonClass: 22070K(22784K)->22070K(22784K) Class: 2992K(3328K)->2992K(3328K)
[2025-04-22T13:45:20.401+0000][13.020s] GC(5) Pause Young (Concurrent Start) (G1 Evacuation Pause) 69M->25M(512M) 40.917ms
[2025-04-22T13:45:20.402+0000][13.020s] GC(5) User=0.05s Sys=0.00s Real=0.04s
[2025-04-22T13:45:20.407+0000][13.026s] GC(6) Concurrent Cycle
[2025-04-22T13:45:20.410+0000][13.028s] GC(6) Concurrent Clear Claimed Marks
[2025-04-22T13:45:20.410+0000][13.028s] GC(6) Concurrent Clear Claimed Marks 0.424ms
[2025-04-22T13:45:20.411+0000][13.029s] GC(6) Concurrent Scan Root Regions
[2025-04-22T13:45:20.418+0000][13.037s] GC(6) Concurrent Scan Root Regions 7.784ms
[2025-04-22T13:45:20.419+0000][13.037s] GC(6) Concurrent Mark (13.037s)
[2025-04-22T13:45:20.419+0000][13.037s] GC(6) Concurrent Mark From Roots
[2025-04-22T13:45:20.419+0000][13.037s] GC(6) Using 1 workers of 1 for marking
[2025-04-22T13:45:20.527+0000][13.146s] GC(6) Concurrent Mark From Roots 108.576ms
[2025-04-22T13:45:20.530+0000][13.148s] GC(6) Concurrent Preclean
[2025-04-22T13:45:20.530+0000][13.149s] GC(6) Concurrent Preclean 0.779ms
[2025-04-22T13:45:20.531+0000][13.149s] GC(6) Concurrent Mark (13.037s, 13.149s) 112.185ms
[2025-04-22T13:45:20.540+0000][13.158s] GC(6) Pause Remark
[2025-04-22T13:45:20.573+0000][13.192s] GC(6) Cleaned string and symbol table, strings: 10149 processed, 4 removed, symbols: 73194 processed, 10 removed
[2025-04-22T13:45:20.580+0000][13.198s] GC(6) Pause Remark 29M->29M(512M) 40.095ms
[2025-04-22T13:45:20.580+0000][13.198s] GC(6) User=0.05s Sys=0.01s Real=0.04s
[2025-04-22T13:45:20.580+0000][13.199s] GC(6) Concurrent Rebuild Remembered Sets
[2025-04-22T13:45:20.642+0000][13.261s] GC(6) Concurrent Rebuild Remembered Sets 62.097ms
[2025-04-22T13:45:20.643+0000][13.261s] GC(6) Pause Cleanup
[2025-04-22T13:45:20.643+0000][13.262s] GC(6) Pause Cleanup 30M->30M(512M) 0.413ms
[2025-04-22T13:45:20.644+0000][13.262s] GC(6) User=0.00s Sys=0.00s Real=0.00s
[2025-04-22T13:45:20.648+0000][13.267s] GC(6) Concurrent Cleanup for Next Mark
[2025-04-22T13:45:20.650+0000][13.269s] GC(6) Concurrent Cleanup for Next Mark 1.977ms
[2025-04-22T13:45:20.651+0000][13.269s] GC(6) Concurrent Cycle 243.633ms
[2025-04-22T13:45:32.218+0000][24.849s] GC(7) Pause Young (Normal) (G1 Evacuation Pause)
[2025-04-22T13:45:32.218+0000][24.849s] GC(7) Using 4 workers of 4 for evacuation
[2025-04-22T13:45:32.252+0000][24.883s] GC(7)   Pre Evacuate Collection Set: 0.0ms
[2025-04-22T13:45:32.252+0000][24.883s] GC(7)   Evacuate Collection Set: 31.7ms
[2025-04-22T13:45:32.252+0000][24.883s] GC(7)   Post Evacuate Collection Set: 1.4ms
[2025-04-22T13:45:32.252+0000][24.884s] GC(7)   Other: 1.0ms
[2025-04-22T13:45:32.253+0000][24.884s] GC(7) Eden regions: 134->0(157)
[2025-04-22T13:45:32.253+0000][24.884s] GC(7) Survivor regions: 1->12(17)
[2025-04-22T13:45:32.253+0000][24.884s] GC(7) Old regions: 22->22
[2025-04-22T13:45:32.253+0000][24.885s] GC(7) Humongous regions: 4->4
[2025-04-22T13:45:32.254+0000][24.885s] GC(7) Metaspace: 38398K(39552K)->38398K(39552K) NonClass: 33880K(34560K)->33880K(34560K) Class: 4518K(4992K)->4518K(4992K)
[2025-04-22T13:45:32.254+0000][24.885s] GC(7) Pause Young (Normal) (G1 Evacuation Pause) 159M->35M(512M) 36.349ms
[2025-04-22T13:45:32.254+0000][24.886s] GC(7) User=0.11s Sys=0.01s Real=0.03s
[2025-04-22T13:47:19.834+0000][132.467s] Heap
[2025-04-22T13:47:19.834+0000][132.467s]  garbage-first heap   total 524288K, used 54120K [0x00000000e0000000, 0x0000000100000000)
[2025-04-22T13:47:19.834+0000][132.467s]   region size 1024K, 30 young (30720K), 12 survivors (12288K)
[2025-04-22T13:47:19.835+0000][132.468s]  Metaspace       used 38988K, capacity 40086K, committed 40448K, reserved 1085440K
[2025-04-22T13:47:19.835+0000][132.468s]   class space    used 4593K, capacity 5029K, committed 5120K, reserved 1048576K
