[2025-04-22T13:34:14.363+0000][0.076s] Heap region size: 1M
[2025-04-22T13:34:17.134+0000][2.847s] Using G1
[2025-04-22T13:34:17.150+0000][2.863s] Heap address: 0x00000000e0000000, size: 512 MB, Compressed Oops mode: 32-bit
[2025-04-22T13:34:17.182+0000][2.895s] Mark closed archive regions in map: [0x00000000fff00000, 0x00000000fff65ff8]
[2025-04-22T13:34:17.183+0000][2.896s] Mark open archive regions in map: [0x00000000ffe00000, 0x00000000ffe42ff8]
[2025-04-22T13:34:22.784+0000][8.497s] GC(0) Pause Young (Normal) (G1 Evacuation Pause)
[2025-04-22T13:34:22.792+0000][8.505s] GC(0) Using 4 workers of 4 for evacuation
[2025-04-22T13:34:22.889+0000][8.602s] GC(0)   Pre Evacuate Collection Set: 0.1ms
[2025-04-22T13:34:22.890+0000][8.603s] GC(0)   Evacuate Collection Set: 94.3ms
[2025-04-22T13:34:22.890+0000][8.603s] GC(0)   Post Evacuate Collection Set: 2.3ms
[2025-04-22T13:34:22.891+0000][8.603s] GC(0)   Other: 8.5ms
[2025-04-22T13:34:22.891+0000][8.604s] GC(0) Eden regions: 25->0(21)
[2025-04-22T13:34:22.891+0000][8.604s] GC(0) Survivor regions: 0->4(4)
[2025-04-22T13:34:22.891+0000][8.604s] GC(0) Old regions: 2->2
[2025-04-22T13:34:22.892+0000][8.605s] GC(0) Humongous regions: 0->0
[2025-04-22T13:34:22.892+0000][8.605s] GC(0) Metaspace: 7107K(8448K)->7107K(8448K) NonClass: 6226K(7424K)->6226K(7424K) Class: 881K(1024K)->881K(1024K)
[2025-04-22T13:34:22.892+0000][8.605s] GC(0) Pause Young (Normal) (G1 Evacuation Pause) 25M->3M(512M) 108.076ms
[2025-04-22T13:34:22.893+0000][8.606s] GC(0) User=0.03s Sys=0.10s Real=0.11s
[2025-04-22T13:34:24.500+0000][10.212s] GC(1) Pause Young (Normal) (G1 Evacuation Pause)
[2025-04-22T13:34:24.500+0000][10.213s] GC(1) Using 4 workers of 4 for evacuation
[2025-04-22T13:34:24.522+0000][10.235s] GC(1)   Pre Evacuate Collection Set: 0.0ms
[2025-04-22T13:34:24.523+0000][10.235s] GC(1)   Evacuate Collection Set: 21.4ms
[2025-04-22T13:34:24.523+0000][10.236s] GC(1)   Post Evacuate Collection Set: 0.6ms
[2025-04-22T13:34:24.523+0000][10.236s] GC(1)   Other: 0.7ms
[2025-04-22T13:34:24.523+0000][10.236s] GC(1) Eden regions: 21->0(41)
[2025-04-22T13:34:24.523+0000][10.236s] GC(1) Survivor regions: 4->4(4)
[2025-04-22T13:34:24.523+0000][10.236s] GC(1) Old regions: 2->10
[2025-04-22T13:34:24.524+0000][10.236s] GC(1) Humongous regions: 4->4
[2025-04-22T13:34:24.524+0000][10.237s] GC(1) Metaspace: 13890K(14592K)->13890K(14592K) NonClass: 12162K(12544K)->12162K(12544K) Class: 1727K(2048K)->1727K(2048K)
[2025-04-22T13:34:24.524+0000][10.237s] GC(1) Pause Young (Normal) (G1 Evacuation Pause) 28M->16M(512M) 24.650ms
[2025-04-22T13:34:24.524+0000][10.237s] GC(1) User=0.06s Sys=0.00s Real=0.03s
[2025-04-22T13:34:26.621+0000][12.334s] GC(2) Pause Young (Normal) (G1 Evacuation Pause)
[2025-04-22T13:34:26.622+0000][12.335s] GC(2) Using 4 workers of 4 for evacuation
[2025-04-22T13:34:26.692+0000][12.405s] GC(2)   Pre Evacuate Collection Set: 0.0ms
[2025-04-22T13:34:26.693+0000][12.406s] GC(2)   Evacuate Collection Set: 68.4ms
[2025-04-22T13:34:26.693+0000][12.406s] GC(2)   Post Evacuate Collection Set: 2.0ms
[2025-04-22T13:34:26.693+0000][12.406s] GC(2)   Other: 0.7ms
[2025-04-22T13:34:26.693+0000][12.406s] GC(2) Eden regions: 41->0(43)
[2025-04-22T13:34:26.694+0000][12.406s] GC(2) Survivor regions: 4->6(6)
[2025-04-22T13:34:26.694+0000][12.407s] GC(2) Old regions: 10->16
[2025-04-22T13:34:26.694+0000][12.407s] GC(2) Humongous regions: 4->4
[2025-04-22T13:34:26.694+0000][12.407s] GC(2) Metaspace: 17877K(18560K)->17877K(18560K) NonClass: 15693K(16128K)->15693K(16128K) Class: 2183K(2432K)->2183K(2432K)
[2025-04-22T13:34:26.694+0000][12.407s] GC(2) Pause Young (Normal) (G1 Evacuation Pause) 57M->24M(512M) 72.820ms
[2025-04-22T13:34:26.694+0000][12.407s] GC(2) User=0.10s Sys=0.09s Real=0.07s
[2025-04-22T13:34:27.482+0000][13.194s] GC(3) Pause Young (Concurrent Start) (Metadata GC Threshold)
[2025-04-22T13:34:27.482+0000][13.195s] GC(3) Using 4 workers of 4 for evacuation
[2025-04-22T13:34:27.495+0000][13.208s] GC(3)   Pre Evacuate Collection Set: 0.1ms
[2025-04-22T13:34:27.496+0000][13.208s] GC(3)   Evacuate Collection Set: 11.6ms
[2025-04-22T13:34:27.496+0000][13.209s] GC(3)   Post Evacuate Collection Set: 0.7ms
[2025-04-22T13:34:27.496+0000][13.209s] GC(3)   Other: 1.3ms
[2025-04-22T13:34:27.497+0000][13.209s] GC(3) Eden regions: 19->0(44)
[2025-04-22T13:34:27.497+0000][13.210s] GC(3) Survivor regions: 6->1(7)
[2025-04-22T13:34:27.497+0000][13.210s] GC(3) Old regions: 16->22
[2025-04-22T13:34:27.501+0000][13.214s] GC(3) Humongous regions: 4->4
[2025-04-22T13:34:27.501+0000][13.214s] GC(3) Metaspace: 20548K(21248K)->20548K(21248K) NonClass: 18028K(18432K)->18028K(18432K) Class: 2520K(2816K)->2520K(2816K)
[2025-04-22T13:34:27.502+0000][13.215s] GC(3) Pause Young (Concurrent Start) (Metadata GC Threshold) 43M->25M(512M) 20.488ms
[2025-04-22T13:34:27.502+0000][13.215s] GC(3) User=0.03s Sys=0.00s Real=0.02s
[2025-04-22T13:34:27.506+0000][13.219s] GC(4) Concurrent Cycle
[2025-04-22T13:34:27.507+0000][13.220s] GC(4) Concurrent Clear Claimed Marks
[2025-04-22T13:34:27.507+0000][13.220s] GC(4) Concurrent Clear Claimed Marks 0.302ms
[2025-04-22T13:34:27.508+0000][13.220s] GC(4) Concurrent Scan Root Regions
[2025-04-22T13:34:27.518+0000][13.231s] GC(4) Concurrent Scan Root Regions 10.244ms
[2025-04-22T13:34:27.518+0000][13.231s] GC(4) Concurrent Mark (13.231s)
[2025-04-22T13:34:27.519+0000][13.231s] GC(4) Concurrent Mark From Roots
[2025-04-22T13:34:27.519+0000][13.232s] GC(4) Using 1 workers of 1 for marking
[2025-04-22T13:34:27.588+0000][13.301s] GC(4) Concurrent Mark From Roots 69.831ms
[2025-04-22T13:34:27.589+0000][13.302s] GC(4) Concurrent Preclean
[2025-04-22T13:34:27.589+0000][13.302s] GC(4) Concurrent Preclean 0.454ms
[2025-04-22T13:34:27.590+0000][13.303s] GC(4) Concurrent Mark (13.231s, 13.303s) 71.506ms
[2025-04-22T13:34:27.591+0000][13.303s] GC(4) Pause Remark
[2025-04-22T13:34:27.598+0000][13.310s] GC(4) Cleaned string and symbol table, strings: 9226 processed, 21 removed, symbols: 57516 processed, 28 removed
[2025-04-22T13:34:27.598+0000][13.311s] GC(4) Pause Remark 28M->28M(512M) 7.729ms
[2025-04-22T13:34:27.601+0000][13.314s] GC(4) User=0.01s Sys=0.00s Real=0.02s
[2025-04-22T13:34:27.602+0000][13.314s] GC(4) Concurrent Rebuild Remembered Sets
[2025-04-22T13:34:27.639+0000][13.352s] GC(4) Concurrent Rebuild Remembered Sets 37.500ms
[2025-04-22T13:34:27.640+0000][13.353s] GC(4) Pause Cleanup
[2025-04-22T13:34:27.640+0000][13.353s] GC(4) Pause Cleanup 30M->30M(512M) 0.638ms
[2025-04-22T13:34:27.641+0000][13.354s] GC(4) User=0.00s Sys=0.00s Real=0.00s
[2025-04-22T13:34:27.641+0000][13.354s] GC(4) Concurrent Cleanup for Next Mark
[2025-04-22T13:34:27.642+0000][13.355s] GC(4) Concurrent Cleanup for Next Mark 1.201ms
[2025-04-22T13:34:27.644+0000][13.356s] GC(4) Concurrent Cycle 138.485ms
[2025-04-22T13:34:28.870+0000][14.587s] GC(5) Pause Young (Concurrent Start) (G1 Evacuation Pause)
[2025-04-22T13:34:28.871+0000][14.587s] GC(5) Using 4 workers of 4 for evacuation
[2025-04-22T13:34:28.888+0000][14.604s] GC(5)   Pre Evacuate Collection Set: 0.1ms
[2025-04-22T13:34:28.888+0000][14.604s] GC(5)   Evacuate Collection Set: 16.0ms
[2025-04-22T13:34:28.888+0000][14.605s] GC(5)   Post Evacuate Collection Set: 0.5ms
[2025-04-22T13:34:28.888+0000][14.605s] GC(5)   Other: 1.0ms
[2025-04-22T13:34:28.889+0000][14.605s] GC(5) Eden regions: 44->0(60)
[2025-04-22T13:34:28.889+0000][14.605s] GC(5) Survivor regions: 1->1(6)
[2025-04-22T13:34:28.889+0000][14.605s] GC(5) Old regions: 22->22
[2025-04-22T13:34:28.889+0000][14.606s] GC(5) Humongous regions: 4->4
[2025-04-22T13:34:28.889+0000][14.606s] GC(5) Metaspace: 25192K(26112K)->25192K(26112K) NonClass: 22179K(22784K)->22179K(22784K) Class: 3012K(3328K)->3012K(3328K)
[2025-04-22T13:34:28.890+0000][14.606s] GC(5) Pause Young (Concurrent Start) (G1 Evacuation Pause) 69M->25M(512M) 19.417ms
[2025-04-22T13:34:28.890+0000][14.606s] GC(5) User=0.02s Sys=0.00s Real=0.02s
[2025-04-22T13:34:28.890+0000][14.606s] GC(6) Concurrent Cycle
[2025-04-22T13:34:28.890+0000][14.607s] GC(6) Concurrent Clear Claimed Marks
[2025-04-22T13:34:28.891+0000][14.607s] GC(6) Concurrent Clear Claimed Marks 0.482ms
[2025-04-22T13:34:28.891+0000][14.608s] GC(6) Concurrent Scan Root Regions
[2025-04-22T13:34:28.893+0000][14.609s] GC(6) Concurrent Scan Root Regions 1.666ms
[2025-04-22T13:34:28.893+0000][14.610s] GC(6) Concurrent Mark (14.610s)
[2025-04-22T13:34:28.893+0000][14.610s] GC(6) Concurrent Mark From Roots
[2025-04-22T13:34:28.894+0000][14.610s] GC(6) Using 1 workers of 1 for marking
[2025-04-22T13:34:28.978+0000][14.695s] GC(6) Concurrent Mark From Roots 84.748ms
[2025-04-22T13:34:28.979+0000][14.695s] GC(6) Concurrent Preclean
[2025-04-22T13:34:28.980+0000][14.696s] GC(6) Concurrent Preclean 1.331ms
[2025-04-22T13:34:28.980+0000][14.697s] GC(6) Concurrent Mark (14.610s, 14.697s) 86.925ms
[2025-04-22T13:34:28.982+0000][14.698s] GC(6) Pause Remark
[2025-04-22T13:34:28.999+0000][14.716s] GC(6) Cleaned string and symbol table, strings: 10164 processed, 6 removed, symbols: 72787 processed, 10 removed
[2025-04-22T13:34:29.000+0000][14.716s] GC(6) Pause Remark 29M->29M(512M) 18.271ms
[2025-04-22T13:34:29.000+0000][14.717s] GC(6) User=0.02s Sys=0.00s Real=0.02s
[2025-04-22T13:34:29.001+0000][14.717s] GC(6) Concurrent Rebuild Remembered Sets
[2025-04-22T13:34:29.027+0000][14.744s] GC(6) Concurrent Rebuild Remembered Sets 26.870ms
[2025-04-22T13:34:29.028+0000][14.744s] GC(6) Pause Cleanup
[2025-04-22T13:34:29.028+0000][14.745s] GC(6) Pause Cleanup 29M->29M(512M) 0.364ms
[2025-04-22T13:34:29.029+0000][14.745s] GC(6) User=0.00s Sys=0.00s Real=0.00s
[2025-04-22T13:34:29.029+0000][14.745s] GC(6) Concurrent Cleanup for Next Mark
[2025-04-22T13:34:29.030+0000][14.747s] GC(6) Concurrent Cleanup for Next Mark 1.294ms
[2025-04-22T13:34:29.031+0000][14.747s] GC(6) Concurrent Cycle 140.927ms
[2025-04-22T13:34:53.419+0000][39.135s] GC(7) Pause Young (Normal) (G1 Evacuation Pause)
[2025-04-22T13:34:53.419+0000][39.136s] GC(7) Using 4 workers of 4 for evacuation
[2025-04-22T13:34:53.451+0000][39.167s] GC(7)   Pre Evacuate Collection Set: 0.0ms
[2025-04-22T13:34:53.451+0000][39.167s] GC(7)   Evacuate Collection Set: 30.5ms
[2025-04-22T13:34:53.451+0000][39.168s] GC(7)   Post Evacuate Collection Set: 0.6ms
[2025-04-22T13:34:53.451+0000][39.168s] GC(7)   Other: 0.8ms
[2025-04-22T13:34:53.451+0000][39.168s] GC(7) Eden regions: 60->0(77)
[2025-04-22T13:34:53.452+0000][39.168s] GC(7) Survivor regions: 1->5(8)
[2025-04-22T13:34:53.452+0000][39.168s] GC(7) Old regions: 22->22
[2025-04-22T13:34:53.452+0000][39.168s] GC(7) Humongous regions: 4->4
[2025-04-22T13:34:53.452+0000][39.168s] GC(7) Metaspace: 32113K(33408K)->32113K(33408K) NonClass: 28283K(29184K)->28283K(29184K) Class: 3829K(4224K)->3829K(4224K)
[2025-04-22T13:34:53.452+0000][39.169s] GC(7) Pause Young (Normal) (G1 Evacuation Pause) 85M->28M(512M) 33.464ms
[2025-04-22T13:34:53.452+0000][39.169s] GC(7) User=0.04s Sys=0.02s Real=0.03s
[2025-04-22T13:34:56.347+0000][42.064s] GC(8) Pause Young (Normal) (G1 Evacuation Pause)
[2025-04-22T13:34:56.348+0000][42.064s] GC(8) Using 4 workers of 4 for evacuation
[2025-04-22T13:34:56.509+0000][42.225s] GC(8)   Pre Evacuate Collection Set: 0.1ms
[2025-04-22T13:34:56.509+0000][42.225s] GC(8)   Evacuate Collection Set: 143.7ms
[2025-04-22T13:34:56.510+0000][42.226s] GC(8)   Post Evacuate Collection Set: 16.4ms
[2025-04-22T13:34:56.510+0000][42.226s] GC(8)   Other: 1.0ms
[2025-04-22T13:34:56.510+0000][42.227s] GC(8) Eden regions: 77->0(116)
[2025-04-22T13:34:56.510+0000][42.227s] GC(8) Survivor regions: 5->11(11)
[2025-04-22T13:34:56.511+0000][42.227s] GC(8) Old regions: 22->23
[2025-04-22T13:34:56.511+0000][42.227s] GC(8) Humongous regions: 4->4
[2025-04-22T13:34:56.511+0000][42.227s] GC(8) Metaspace: 37741K(39040K)->37741K(39040K) NonClass: 33284K(34048K)->33284K(34048K) Class: 4457K(4992K)->4457K(4992K)
[2025-04-22T13:34:56.511+0000][42.228s] GC(8) Pause Young (Normal) (G1 Evacuation Pause) 105M->36M(512M) 163.795ms
[2025-04-22T13:34:56.511+0000][42.228s] GC(8) User=0.16s Sys=0.19s Real=0.17s
[2025-04-22T13:35:00.964+0000][46.683s] GC(9) Pause Young (Normal) (G1 Evacuation Pause)
[2025-04-22T13:35:00.964+0000][46.684s] GC(9) Using 4 workers of 4 for evacuation
[2025-04-22T13:35:01.003+0000][46.722s] GC(9)   Pre Evacuate Collection Set: 0.1ms
[2025-04-22T13:35:01.003+0000][46.723s] GC(9)   Evacuate Collection Set: 36.4ms
[2025-04-22T13:35:01.004+0000][46.723s] GC(9)   Post Evacuate Collection Set: 1.4ms
[2025-04-22T13:35:01.005+0000][46.724s] GC(9)   Other: 1.1ms
[2025-04-22T13:35:01.005+0000][46.725s] GC(9) Eden regions: 116->0(125)
[2025-04-22T13:35:01.006+0000][46.725s] GC(9) Survivor regions: 11->12(16)
[2025-04-22T13:35:01.006+0000][46.725s] GC(9) Old regions: 23->27
[2025-04-22T13:35:01.006+0000][46.726s] GC(9) Humongous regions: 5->4
[2025-04-22T13:35:01.007+0000][46.726s] GC(9) Metaspace: 41882K(43392K)->41882K(43392K) NonClass: 36917K(37888K)->36917K(37888K) Class: 4965K(5504K)->4965K(5504K)
[2025-04-22T13:35:01.007+0000][46.726s] GC(9) Pause Young (Normal) (G1 Evacuation Pause) 153M->40M(512M) 42.944ms
[2025-04-22T13:35:01.007+0000][46.727s] GC(9) User=0.08s Sys=0.01s Real=0.05s
[2025-04-22T13:35:01.582+0000][47.302s] GC(10) Pause Young (Concurrent Start) (Metadata GC Threshold)
[2025-04-22T13:35:01.583+0000][47.302s] GC(10) Using 4 workers of 4 for evacuation
[2025-04-22T13:35:01.627+0000][47.347s] GC(10)   Pre Evacuate Collection Set: 0.1ms
[2025-04-22T13:35:01.628+0000][47.347s] GC(10)   Evacuate Collection Set: 42.8ms
[2025-04-22T13:35:01.628+0000][47.347s] GC(10)   Post Evacuate Collection Set: 0.8ms
[2025-04-22T13:35:01.628+0000][47.348s] GC(10)   Other: 1.1ms
[2025-04-22T13:35:01.629+0000][47.348s] GC(10) Eden regions: 19->0(134)
[2025-04-22T13:35:01.629+0000][47.348s] GC(10) Survivor regions: 12->6(18)
[2025-04-22T13:35:01.629+0000][47.349s] GC(10) Old regions: 27->33
[2025-04-22T13:35:01.630+0000][47.349s] GC(10) Humongous regions: 4->4
[2025-04-22T13:35:01.630+0000][47.349s] GC(10) Metaspace: 42239K(43520K)->42239K(43520K) NonClass: 37228K(38016K)->37228K(38016K) Class: 5011K(5504K)->5011K(5504K)
[2025-04-22T13:35:01.630+0000][47.350s] GC(10) Pause Young (Concurrent Start) (Metadata GC Threshold) 59M->41M(512M) 47.899ms
[2025-04-22T13:35:01.631+0000][47.350s] GC(10) User=0.08s Sys=0.01s Real=0.05s
[2025-04-22T13:35:01.631+0000][47.350s] GC(11) Concurrent Cycle
[2025-04-22T13:35:01.631+0000][47.351s] GC(11) Concurrent Clear Claimed Marks
[2025-04-22T13:35:01.632+0000][47.351s] GC(11) Concurrent Clear Claimed Marks 0.517ms
[2025-04-22T13:35:01.632+0000][47.352s] GC(11) Concurrent Scan Root Regions
[2025-04-22T13:35:01.637+0000][47.356s] GC(11) Concurrent Scan Root Regions 4.285ms
[2025-04-22T13:35:01.637+0000][47.356s] GC(11) Concurrent Mark (47.356s)
[2025-04-22T13:35:01.637+0000][47.357s] GC(11) Concurrent Mark From Roots
[2025-04-22T13:35:01.637+0000][47.357s] GC(11) Using 1 workers of 1 for marking
[2025-04-22T13:35:01.786+0000][47.505s] GC(11) Concurrent Mark From Roots 148.787ms
[2025-04-22T13:35:01.788+0000][47.508s] GC(11) Concurrent Preclean
[2025-04-22T13:35:01.789+0000][47.508s] GC(11) Concurrent Preclean 0.690ms
[2025-04-22T13:35:01.790+0000][47.509s] GC(11) Concurrent Mark (47.356s, 47.509s) 152.636ms
[2025-04-22T13:35:01.791+0000][47.510s] GC(11) Pause Remark
[2025-04-22T13:35:01.809+0000][47.528s] GC(11) Cleaned string and symbol table, strings: 20818 processed, 33 removed, symbols: 121856 processed, 140 removed
[2025-04-22T13:35:01.810+0000][47.529s] GC(11) Pause Remark 47M->47M(512M) 18.955ms
[2025-04-22T13:35:01.810+0000][47.529s] GC(11) User=0.03s Sys=0.00s Real=0.02s
[2025-04-22T13:35:01.811+0000][47.530s] GC(11) Concurrent Rebuild Remembered Sets
[2025-04-22T13:35:01.899+0000][47.619s] GC(11) Concurrent Rebuild Remembered Sets 88.476ms
[2025-04-22T13:35:01.900+0000][47.619s] GC(11) Pause Cleanup
[2025-04-22T13:35:01.900+0000][47.619s] GC(11) Pause Cleanup 53M->53M(512M) 0.384ms
[2025-04-22T13:35:01.900+0000][47.620s] GC(11) User=0.00s Sys=0.00s Real=0.00s
[2025-04-22T13:35:01.901+0000][47.620s] GC(11) Concurrent Cleanup for Next Mark
[2025-04-22T13:35:01.902+0000][47.621s] GC(11) Concurrent Cleanup for Next Mark 1.237ms
[2025-04-22T13:35:01.902+0000][47.621s] GC(11) Concurrent Cycle 270.982ms
[2025-04-22T13:35:05.376+0000][51.096s] GC(12) Pause Young (Normal) (G1 Evacuation Pause)
[2025-04-22T13:35:05.377+0000][51.096s] GC(12) Using 4 workers of 4 for evacuation
[2025-04-22T13:35:05.464+0000][51.183s] GC(12)   Pre Evacuate Collection Set: 0.0ms
[2025-04-22T13:35:05.464+0000][51.183s] GC(12)   Evacuate Collection Set: 50.7ms
[2025-04-22T13:35:05.464+0000][51.183s] GC(12)   Post Evacuate Collection Set: 35.4ms
[2025-04-22T13:35:05.464+0000][51.184s] GC(12)   Other: 1.0ms
[2025-04-22T13:35:05.464+0000][51.184s] GC(12) Eden regions: 137->0(298)
[2025-04-22T13:35:05.465+0000][51.184s] GC(12) Survivor regions: 6->9(18)
[2025-04-22T13:35:05.465+0000][51.184s] GC(12) Old regions: 33->33
[2025-04-22T13:35:05.465+0000][51.184s] GC(12) Humongous regions: 4->4
[2025-04-22T13:35:05.465+0000][51.184s] GC(12) Metaspace: 46966K(48384K)->46966K(48384K) NonClass: 41294K(42240K)->41294K(42240K) Class: 5672K(6144K)->5672K(6144K)
[2025-04-22T13:35:05.465+0000][51.185s] GC(12) Pause Young (Normal) (G1 Evacuation Pause) 178M->43M(512M) 88.805ms
[2025-04-22T13:35:05.465+0000][51.185s] GC(12) User=0.11s Sys=0.12s Real=0.09s
