[2025-04-22T11:57:40.200+0000][0.044s] Heap region size: 1M
[2025-04-22T11:57:42.582+0000][2.440s] Using G1
[2025-04-22T11:57:42.591+0000][2.448s] Heap address: 0x00000000e0000000, size: 512 MB, Compressed Oops mode: 32-bit
[2025-04-22T11:57:42.740+0000][2.598s] Mark closed archive regions in map: [0x00000000fff00000, 0x00000000fff65ff8]
[2025-04-22T11:57:42.750+0000][2.607s] Mark open archive regions in map: [0x00000000ffe00000, 0x00000000ffe42ff8]
[2025-04-22T11:57:46.136+0000][5.994s] GC(0) Pause Young (Normal) (G1 Evacuation Pause)
[2025-04-22T11:57:46.143+0000][6.000s] GC(0) Using 4 workers of 4 for evacuation
[2025-04-22T11:57:46.187+0000][6.045s] GC(0)   Pre Evacuate Collection Set: 0.0ms
[2025-04-22T11:57:46.188+0000][6.046s] GC(0)   Evacuate Collection Set: 41.0ms
[2025-04-22T11:57:46.189+0000][6.046s] GC(0)   Post Evacuate Collection Set: 2.0ms
[2025-04-22T11:57:46.189+0000][6.047s] GC(0)   Other: 8.2ms
[2025-04-22T11:57:46.197+0000][6.054s] GC(0) Eden regions: 25->0(135)
[2025-04-22T11:57:46.198+0000][6.055s] GC(0) Survivor regions: 0->3(4)
[2025-04-22T11:57:46.198+0000][6.055s] GC(0) Old regions: 2->2
[2025-04-22T11:57:46.199+0000][6.056s] GC(0) Humongous regions: 0->0
[2025-04-22T11:57:46.199+0000][6.057s] GC(0) Metaspace: 7109K(8448K)->7109K(8448K) NonClass: 6231K(7424K)->6231K(7424K) Class: 878K(1024K)->878K(1024K)
[2025-04-22T11:57:46.200+0000][6.057s] GC(0) Pause Young (Normal) (G1 Evacuation Pause) 25M->3M(512M) 63.308ms
[2025-04-22T11:57:46.200+0000][6.057s] GC(0) User=0.02s Sys=0.10s Real=0.07s
[2025-04-22T11:57:47.247+0000][7.104s] GC(1) Pause Young (Normal) (G1 Evacuation Pause)
[2025-04-22T11:57:47.247+0000][7.105s] GC(1) Using 4 workers of 4 for evacuation
[2025-04-22T11:57:47.277+0000][7.134s] GC(1)   Pre Evacuate Collection Set: 0.0ms
[2025-04-22T11:57:47.277+0000][7.135s] GC(1)   Evacuate Collection Set: 28.8ms
[2025-04-22T11:57:47.278+0000][7.135s] GC(1)   Post Evacuate Collection Set: 0.6ms
[2025-04-22T11:57:47.278+0000][7.135s] GC(1)   Other: 0.5ms
[2025-04-22T11:57:47.278+0000][7.135s] GC(1) Eden regions: 22->0(29)
[2025-04-22T11:57:47.278+0000][7.136s] GC(1) Survivor regions: 3->4(4)
[2025-04-22T11:57:47.278+0000][7.136s] GC(1) Old regions: 2->10
[2025-04-22T11:57:47.278+0000][7.136s] GC(1) Humongous regions: 4->4
[2025-04-22T11:57:47.279+0000][7.136s] GC(1) Metaspace: 13968K(14592K)->13968K(14592K) NonClass: 12227K(12544K)->12227K(12544K) Class: 1740K(2048K)->1740K(2048K)
[2025-04-22T11:57:47.279+0000][7.136s] GC(1) Pause Young (Normal) (G1 Evacuation Pause) 29M->16M(512M) 31.629ms
[2025-04-22T11:57:47.279+0000][7.136s] GC(1) User=0.11s Sys=0.01s Real=0.03s
[2025-04-22T11:57:48.520+0000][8.378s] GC(2) Pause Young (Normal) (G1 Evacuation Pause)
[2025-04-22T11:57:48.524+0000][8.381s] GC(2) Using 4 workers of 4 for evacuation
[2025-04-22T11:57:48.563+0000][8.421s] GC(2)   Pre Evacuate Collection Set: 0.0ms
[2025-04-22T11:57:48.564+0000][8.421s] GC(2)   Evacuate Collection Set: 37.7ms
[2025-04-22T11:57:48.564+0000][8.421s] GC(2)   Post Evacuate Collection Set: 1.4ms
[2025-04-22T11:57:48.564+0000][8.421s] GC(2)   Other: 3.8ms
[2025-04-22T11:57:48.564+0000][8.422s] GC(2) Eden regions: 23->0(37)
[2025-04-22T11:57:48.564+0000][8.422s] GC(2) Survivor regions: 4->4(4)
[2025-04-22T11:57:48.564+0000][8.422s] GC(2) Old regions: 10->15
[2025-04-22T11:57:48.565+0000][8.422s] GC(2) Humongous regions: 4->4
[2025-04-22T11:57:48.565+0000][8.422s] GC(2) Metaspace: 16904K(17664K)->16904K(17664K) NonClass: 14834K(15360K)->14834K(15360K) Class: 2070K(2304K)->2070K(2304K)
[2025-04-22T11:57:48.565+0000][8.422s] GC(2) Pause Young (Normal) (G1 Evacuation Pause) 39M->21M(512M) 44.626ms
[2025-04-22T11:57:48.565+0000][8.423s] GC(2) User=0.03s Sys=0.12s Real=0.04s
[2025-04-22T11:57:50.359+0000][10.217s] GC(3) Pause Young (Concurrent Start) (Metadata GC Threshold)
[2025-04-22T11:57:50.360+0000][10.218s] GC(3) Using 4 workers of 4 for evacuation
[2025-04-22T11:57:50.484+0000][10.342s] GC(3)   Pre Evacuate Collection Set: 0.1ms
[2025-04-22T11:57:50.485+0000][10.342s] GC(3)   Evacuate Collection Set: 116.6ms
[2025-04-22T11:57:50.485+0000][10.342s] GC(3)   Post Evacuate Collection Set: 5.4ms
[2025-04-22T11:57:50.485+0000][10.343s] GC(3)   Other: 3.0ms
[2025-04-22T11:57:50.486+0000][10.343s] GC(3) Eden regions: 35->0(42)
[2025-04-22T11:57:50.486+0000][10.344s] GC(3) Survivor regions: 4->4(6)
[2025-04-22T11:57:50.486+0000][10.344s] GC(3) Old regions: 15->19
[2025-04-22T11:57:50.487+0000][10.344s] GC(3) Humongous regions: 4->4
[2025-04-22T11:57:50.487+0000][10.344s] GC(3) Metaspace: 20486K(21248K)->20486K(21248K) NonClass: 17977K(18432K)->17977K(18432K) Class: 2509K(2816K)->2509K(2816K)
[2025-04-22T11:57:50.487+0000][10.345s] GC(3) Pause Young (Concurrent Start) (Metadata GC Threshold) 56M->25M(512M) 128.202ms
[2025-04-22T11:57:50.488+0000][10.345s] GC(3) User=0.02s Sys=0.15s Real=0.13s
[2025-04-22T11:57:50.488+0000][10.345s] GC(4) Concurrent Cycle
[2025-04-22T11:57:50.488+0000][10.346s] GC(4) Concurrent Clear Claimed Marks
[2025-04-22T11:57:50.489+0000][10.346s] GC(4) Concurrent Clear Claimed Marks 0.446ms
[2025-04-22T11:57:50.489+0000][10.346s] GC(4) Concurrent Scan Root Regions
[2025-04-22T11:57:50.491+0000][10.348s] GC(4) Concurrent Scan Root Regions 1.788ms
[2025-04-22T11:57:50.491+0000][10.348s] GC(4) Concurrent Mark (10.348s)
[2025-04-22T11:57:50.491+0000][10.348s] GC(4) Concurrent Mark From Roots
[2025-04-22T11:57:50.491+0000][10.349s] GC(4) Using 1 workers of 1 for marking
[2025-04-22T11:57:50.579+0000][10.436s] GC(4) Concurrent Mark From Roots 87.839ms
[2025-04-22T11:57:50.579+0000][10.437s] GC(4) Concurrent Preclean
[2025-04-22T11:57:50.580+0000][10.437s] GC(4) Concurrent Preclean 0.785ms
[2025-04-22T11:57:50.580+0000][10.438s] GC(4) Concurrent Mark (10.348s, 10.438s) 89.529ms
[2025-04-22T11:57:50.581+0000][10.438s] GC(4) Pause Remark
[2025-04-22T11:57:50.588+0000][10.446s] GC(4) Cleaned string and symbol table, strings: 9210 processed, 22 removed, symbols: 57517 processed, 29 removed
[2025-04-22T11:57:50.589+0000][10.446s] GC(4) Pause Remark 29M->29M(512M) 8.213ms
[2025-04-22T11:57:50.589+0000][10.447s] GC(4) User=0.02s Sys=0.00s Real=0.01s
[2025-04-22T11:57:50.590+0000][10.447s] GC(4) Concurrent Rebuild Remembered Sets
[2025-04-22T11:57:50.617+0000][10.475s] GC(4) Concurrent Rebuild Remembered Sets 27.369ms
[2025-04-22T11:57:50.618+0000][10.476s] GC(4) Pause Cleanup
[2025-04-22T11:57:50.619+0000][10.476s] GC(4) Pause Cleanup 35M->35M(512M) 0.525ms
[2025-04-22T11:57:50.619+0000][10.477s] GC(4) User=0.00s Sys=0.00s Real=0.00s
[2025-04-22T11:57:50.619+0000][10.477s] GC(4) Concurrent Cleanup for Next Mark
[2025-04-22T11:57:50.622+0000][10.479s] GC(4) Concurrent Cleanup for Next Mark 2.185ms
[2025-04-22T11:57:50.622+0000][10.480s] GC(4) Concurrent Cycle 134.352ms
[2025-04-22T11:57:51.927+0000][11.784s] GC(5) Pause Young (Concurrent Start) (G1 Evacuation Pause)
[2025-04-22T11:57:51.927+0000][11.784s] GC(5) Using 4 workers of 4 for evacuation
[2025-04-22T11:57:51.936+0000][11.794s] GC(5)   Pre Evacuate Collection Set: 0.1ms
[2025-04-22T11:57:51.937+0000][11.794s] GC(5)   Evacuate Collection Set: 8.7ms
[2025-04-22T11:57:51.937+0000][11.794s] GC(5)   Post Evacuate Collection Set: 0.5ms
[2025-04-22T11:57:51.937+0000][11.795s] GC(5)   Other: 0.7ms
[2025-04-22T11:57:51.937+0000][11.795s] GC(5) Eden regions: 42->0(73)
[2025-04-22T11:57:51.938+0000][11.795s] GC(5) Survivor regions: 4->1(6)
[2025-04-22T11:57:51.938+0000][11.795s] GC(5) Old regions: 19->22
[2025-04-22T11:57:51.938+0000][11.795s] GC(5) Humongous regions: 4->4
[2025-04-22T11:57:51.938+0000][11.796s] GC(5) Metaspace: 25098K(26112K)->25098K(26112K) NonClass: 22100K(22784K)->22100K(22784K) Class: 2997K(3328K)->2997K(3328K)
[2025-04-22T11:57:51.938+0000][11.796s] GC(5) Pause Young (Concurrent Start) (G1 Evacuation Pause) 67M->25M(512M) 11.772ms
[2025-04-22T11:57:51.938+0000][11.796s] GC(5) User=0.04s Sys=0.00s Real=0.02s
[2025-04-22T11:57:51.939+0000][11.796s] GC(6) Concurrent Cycle
[2025-04-22T11:57:51.939+0000][11.796s] GC(6) Concurrent Clear Claimed Marks
[2025-04-22T11:57:51.939+0000][11.797s] GC(6) Concurrent Clear Claimed Marks 0.298ms
[2025-04-22T11:57:51.940+0000][11.797s] GC(6) Concurrent Scan Root Regions
[2025-04-22T11:57:51.941+0000][11.798s] GC(6) Concurrent Scan Root Regions 1.005ms
[2025-04-22T11:57:51.941+0000][11.798s] GC(6) Concurrent Mark (11.798s)
[2025-04-22T11:57:51.941+0000][11.798s] GC(6) Concurrent Mark From Roots
[2025-04-22T11:57:51.941+0000][11.799s] GC(6) Using 1 workers of 1 for marking
[2025-04-22T11:57:51.988+0000][11.845s] GC(6) Concurrent Mark From Roots 47.003ms
[2025-04-22T11:57:51.989+0000][11.846s] GC(6) Concurrent Preclean
[2025-04-22T11:57:51.989+0000][11.846s] GC(6) Concurrent Preclean 0.422ms
[2025-04-22T11:57:51.989+0000][11.847s] GC(6) Concurrent Mark (11.798s, 11.847s) 48.453ms
[2025-04-22T11:57:51.993+0000][11.851s] GC(6) Pause Remark
[2025-04-22T11:57:51.998+0000][11.855s] GC(6) Cleaned string and symbol table, strings: 10125 processed, 4 removed, symbols: 72541 processed, 9 removed
[2025-04-22T11:57:52.000+0000][11.857s] GC(6) Pause Remark 27M->27M(512M) 6.735ms
[2025-04-22T11:57:52.000+0000][11.858s] GC(6) User=0.02s Sys=0.00s Real=0.01s
[2025-04-22T11:57:52.001+0000][11.858s] GC(6) Concurrent Rebuild Remembered Sets
[2025-04-22T11:57:52.027+0000][11.884s] GC(6) Concurrent Rebuild Remembered Sets 25.853ms
[2025-04-22T11:57:52.027+0000][11.885s] GC(6) Pause Cleanup
[2025-04-22T11:57:52.028+0000][11.885s] GC(6) Pause Cleanup 27M->27M(512M) 0.485ms
[2025-04-22T11:57:52.028+0000][11.885s] GC(6) User=0.00s Sys=0.01s Real=0.00s
[2025-04-22T11:57:52.028+0000][11.886s] GC(6) Concurrent Cleanup for Next Mark
[2025-04-22T11:57:52.030+0000][11.887s] GC(6) Concurrent Cleanup for Next Mark 1.374ms
[2025-04-22T11:57:52.030+0000][11.887s] GC(6) Concurrent Cycle 91.219ms
[2025-04-22T11:57:55.601+0000][15.458s] GC(7) Pause Young (Normal) (G1 Evacuation Pause)
[2025-04-22T11:57:55.601+0000][15.459s] GC(7) Using 4 workers of 4 for evacuation
[2025-04-22T11:57:55.609+0000][15.467s] GC(7)   Pre Evacuate Collection Set: 0.0ms
[2025-04-22T11:57:55.610+0000][15.467s] GC(7)   Evacuate Collection Set: 6.8ms
[2025-04-22T11:57:55.610+0000][15.467s] GC(7)   Post Evacuate Collection Set: 1.1ms
[2025-04-22T11:57:55.610+0000][15.468s] GC(7)   Other: 0.7ms
[2025-04-22T11:57:55.610+0000][15.468s] GC(7) Eden regions: 73->0(107)
[2025-04-22T11:57:55.610+0000][15.468s] GC(7) Survivor regions: 1->4(10)
[2025-04-22T11:57:55.611+0000][15.468s] GC(7) Old regions: 22->22
[2025-04-22T11:57:55.611+0000][15.468s] GC(7) Humongous regions: 4->4
[2025-04-22T11:57:55.611+0000][15.468s] GC(7) Metaspace: 33392K(34304K)->33392K(34304K) NonClass: 29464K(29952K)->29464K(29952K) Class: 3928K(4352K)->3928K(4352K)
[2025-04-22T11:57:55.611+0000][15.468s] GC(7) Pause Young (Normal) (G1 Evacuation Pause) 98M->28M(512M) 10.189ms
[2025-04-22T11:57:55.611+0000][15.469s] GC(7) User=0.03s Sys=0.00s Real=0.01s
[2025-04-22T11:59:25.055+0000][104.909s] Heap
[2025-04-22T11:59:25.055+0000][104.909s]  garbage-first heap   total 524288K, used 126564K [0x00000000e0000000, 0x0000000100000000)
[2025-04-22T11:59:25.055+0000][104.909s]   region size 1024K, 100 young (102400K), 4 survivors (4096K)
[2025-04-22T11:59:25.056+0000][104.909s]  Metaspace       used 40999K, capacity 42191K, committed 42496K, reserved 1087488K
[2025-04-22T11:59:25.056+0000][104.910s]   class space    used 4822K, capacity 5311K, committed 5376K, reserved 1048576K
