[2025-04-22T13:45:07.924+0000][0.328s] Heap region size: 1M
[2025-04-22T13:45:08.948+0000][1.352s] Using G1
[2025-04-22T13:45:08.951+0000][1.355s] Heap address: 0x00000000e0000000, size: 512 MB, Compressed Oops mode: 32-bit
[2025-04-22T13:45:08.954+0000][1.359s] Mark closed archive regions in map: [0x00000000fff00000, 0x00000000fff65ff8]
[2025-04-22T13:45:08.955+0000][1.359s] Mark open archive regions in map: [0x00000000ffe00000, 0x00000000ffe42ff8]
[2025-04-22T13:45:12.997+0000][5.402s] GC(0) Pause Young (Normal) (G1 Evacuation Pause)
[2025-04-22T13:45:13.041+0000][5.446s] GC(0) Using 4 workers of 4 for evacuation
[2025-04-22T13:45:13.106+0000][5.510s] GC(0)   Pre Evacuate Collection Set: 0.1ms
[2025-04-22T13:45:13.108+0000][5.513s] GC(0)   Evacuate Collection Set: 54.3ms
[2025-04-22T13:45:13.110+0000][5.514s] GC(0)   Post Evacuate Collection Set: 8.0ms
[2025-04-22T13:45:13.115+0000][5.520s] GC(0)   Other: 45.9ms
[2025-04-22T13:45:13.119+0000][5.523s] GC(0) Eden regions: 25->0(304)
[2025-04-22T13:45:13.119+0000][5.523s] GC(0) Survivor regions: 0->3(4)
[2025-04-22T13:45:13.122+0000][5.526s] GC(0) Old regions: 2->2
[2025-04-22T13:45:13.128+0000][5.532s] GC(0) Humongous regions: 0->0
[2025-04-22T13:45:13.128+0000][5.532s] GC(0) Metaspace: 7008K(8448K)->7008K(8448K) NonClass: 6138K(7424K)->6138K(7424K) Class: 869K(1024K)->869K(1024K)
[2025-04-22T13:45:13.132+0000][5.536s] GC(0) Pause Young (Normal) (G1 Evacuation Pause) 25M->3M(512M) 134.393ms
[2025-04-22T13:45:13.134+0000][5.538s] GC(0) User=0.10s Sys=0.04s Real=0.14s
[2025-04-22T13:45:14.831+0000][7.236s] GC(1) Pause Young (Normal) (G1 Evacuation Pause)
[2025-04-22T13:45:14.832+0000][7.236s] GC(1) Using 4 workers of 4 for evacuation
[2025-04-22T13:45:14.890+0000][7.294s] GC(1)   Pre Evacuate Collection Set: 0.1ms
[2025-04-22T13:45:14.891+0000][7.295s] GC(1)   Evacuate Collection Set: 57.3ms
[2025-04-22T13:45:14.891+0000][7.295s] GC(1)   Post Evacuate Collection Set: 0.6ms
[2025-04-22T13:45:14.891+0000][7.295s] GC(1)   Other: 0.7ms
[2025-04-22T13:45:14.891+0000][7.296s] GC(1) Eden regions: 22->0(34)
[2025-04-22T13:45:14.892+0000][7.296s] GC(1) Survivor regions: 3->4(4)
[2025-04-22T13:45:14.892+0000][7.296s] GC(1) Old regions: 2->10
[2025-04-22T13:45:14.892+0000][7.297s] GC(1) Humongous regions: 4->4
[2025-04-22T13:45:14.892+0000][7.297s] GC(1) Metaspace: 13995K(14848K)->13995K(14848K) NonClass: 12250K(12800K)->12250K(12800K) Class: 1744K(2048K)->1744K(2048K)
[2025-04-22T13:45:14.893+0000][7.297s] GC(1) Pause Young (Normal) (G1 Evacuation Pause) 29M->16M(512M) 61.248ms
[2025-04-22T13:45:14.893+0000][7.297s] GC(1) User=0.09s Sys=0.01s Real=0.06s
[2025-04-22T13:45:16.331+0000][8.736s] GC(2) Pause Young (Normal) (G1 Evacuation Pause)
[2025-04-22T13:45:16.332+0000][8.736s] GC(2) Using 4 workers of 4 for evacuation
[2025-04-22T13:45:16.361+0000][8.765s] GC(2)   Pre Evacuate Collection Set: 0.0ms
[2025-04-22T13:45:16.361+0000][8.766s] GC(2)   Evacuate Collection Set: 17.7ms
[2025-04-22T13:45:16.362+0000][8.766s] GC(2)   Post Evacuate Collection Set: 11.5ms
[2025-04-22T13:45:16.362+0000][8.766s] GC(2)   Other: 0.7ms
[2025-04-22T13:45:16.362+0000][8.767s] GC(2) Eden regions: 34->0(43)
[2025-04-22T13:45:16.363+0000][8.767s] GC(2) Survivor regions: 4->5(5)
[2025-04-22T13:45:16.363+0000][8.767s] GC(2) Old regions: 10->17
[2025-04-22T13:45:16.363+0000][8.767s] GC(2) Humongous regions: 4->4
[2025-04-22T13:45:16.363+0000][8.768s] GC(2) Metaspace: 17085K(17920K)->17085K(17920K) NonClass: 15003K(15616K)->15003K(15616K) Class: 2082K(2304K)->2082K(2304K)
[2025-04-22T13:45:16.364+0000][8.768s] GC(2) Pause Young (Normal) (G1 Evacuation Pause) 50M->24M(512M) 32.682ms
[2025-04-22T13:45:16.364+0000][8.768s] GC(2) User=0.05s Sys=0.00s Real=0.03s
[2025-04-22T13:45:18.794+0000][11.198s] GC(3) Pause Young (Concurrent Start) (Metadata GC Threshold)
[2025-04-22T13:45:18.794+0000][11.198s] GC(3) Using 4 workers of 4 for evacuation
[2025-04-22T13:45:18.818+0000][11.223s] GC(3)   Pre Evacuate Collection Set: 0.1ms
[2025-04-22T13:45:18.819+0000][11.223s] GC(3)   Evacuate Collection Set: 19.8ms
[2025-04-22T13:45:18.823+0000][11.227s] GC(3)   Post Evacuate Collection Set: 3.9ms
[2025-04-22T13:45:18.824+0000][11.228s] GC(3)   Other: 1.0ms
[2025-04-22T13:45:18.826+0000][11.230s] GC(3) Eden regions: 25->0(48)
[2025-04-22T13:45:18.827+0000][11.231s] GC(3) Survivor regions: 5->1(6)
[2025-04-22T13:45:18.827+0000][11.231s] GC(3) Old regions: 17->22
[2025-04-22T13:45:18.827+0000][11.232s] GC(3) Humongous regions: 4->4
[2025-04-22T13:45:18.827+0000][11.232s] GC(3) Metaspace: 20455K(21248K)->20455K(21248K) NonClass: 17944K(18432K)->17944K(18432K) Class: 2510K(2816K)->2510K(2816K)
[2025-04-22T13:45:18.828+0000][11.232s] GC(3) Pause Young (Concurrent Start) (Metadata GC Threshold) 49M->25M(512M) 34.272ms
[2025-04-22T13:45:18.828+0000][11.232s] GC(3) User=0.03s Sys=0.01s Real=0.03s
[2025-04-22T13:45:18.828+0000][11.233s] GC(4) Concurrent Cycle
[2025-04-22T13:45:18.829+0000][11.233s] GC(4) Concurrent Clear Claimed Marks
[2025-04-22T13:45:18.829+0000][11.233s] GC(4) Concurrent Clear Claimed Marks 0.481ms
[2025-04-22T13:45:18.829+0000][11.234s] GC(4) Concurrent Scan Root Regions
[2025-04-22T13:45:18.831+0000][11.236s] GC(4) Concurrent Scan Root Regions 1.846ms
[2025-04-22T13:45:18.834+0000][11.238s] GC(4) Concurrent Mark (11.238s)
[2025-04-22T13:45:18.834+0000][11.238s] GC(4) Concurrent Mark From Roots
[2025-04-22T13:45:18.834+0000][11.239s] GC(4) Using 1 workers of 1 for marking
[2025-04-22T13:45:18.981+0000][11.385s] GC(4) Concurrent Mark From Roots 146.654ms
[2025-04-22T13:45:18.981+0000][11.385s] GC(4) Concurrent Preclean
[2025-04-22T13:45:18.986+0000][11.390s] GC(4) Concurrent Preclean 4.883ms
[2025-04-22T13:45:18.986+0000][11.391s] GC(4) Concurrent Mark (11.238s, 11.391s) 152.591ms
[2025-04-22T13:45:19.015+0000][11.420s] GC(4) Pause Remark
[2025-04-22T13:45:19.079+0000][11.483s] GC(4) Cleaned string and symbol table, strings: 9218 processed, 22 removed, symbols: 57454 processed, 29 removed
[2025-04-22T13:45:19.088+0000][11.492s] GC(4) Pause Remark 28M->28M(512M) 72.726ms
[2025-04-22T13:45:19.089+0000][11.493s] GC(4) User=0.05s Sys=0.01s Real=0.07s
[2025-04-22T13:45:19.090+0000][11.494s] GC(4) Concurrent Rebuild Remembered Sets
[2025-04-22T13:45:19.138+0000][11.542s] GC(4) Concurrent Rebuild Remembered Sets 47.845ms
[2025-04-22T13:45:19.149+0000][11.553s] GC(4) Pause Cleanup
[2025-04-22T13:45:19.151+0000][11.555s] GC(4) Pause Cleanup 31M->31M(512M) 1.785ms
[2025-04-22T13:45:19.151+0000][11.555s] GC(4) User=0.00s Sys=0.00s Real=0.01s
[2025-04-22T13:45:19.151+0000][11.556s] GC(4) Concurrent Cleanup for Next Mark
[2025-04-22T13:45:19.154+0000][11.558s] GC(4) Concurrent Cleanup for Next Mark 2.244ms
[2025-04-22T13:45:19.159+0000][11.563s] GC(4) Concurrent Cycle 330.505ms
[2025-04-22T13:45:20.593+0000][12.997s] GC(5) Pause Young (Concurrent Start) (G1 Evacuation Pause)
[2025-04-22T13:45:20.593+0000][12.998s] GC(5) Using 4 workers of 4 for evacuation
[2025-04-22T13:45:20.609+0000][13.014s] GC(5)   Pre Evacuate Collection Set: 0.1ms
[2025-04-22T13:45:20.610+0000][13.014s] GC(5)   Evacuate Collection Set: 15.2ms
[2025-04-22T13:45:20.610+0000][13.014s] GC(5)   Post Evacuate Collection Set: 0.4ms
[2025-04-22T13:45:20.610+0000][13.015s] GC(5)   Other: 1.0ms
[2025-04-22T13:45:20.610+0000][13.015s] GC(5) Eden regions: 50->0(74)
[2025-04-22T13:45:20.611+0000][13.015s] GC(5) Survivor regions: 1->2(7)
[2025-04-22T13:45:20.611+0000][13.015s] GC(5) Old regions: 22->22
[2025-04-22T13:45:20.611+0000][13.015s] GC(5) Humongous regions: 4->4
[2025-04-22T13:45:20.611+0000][13.016s] GC(5) Metaspace: 25166K(26368K)->25166K(26368K) NonClass: 22156K(23040K)->22156K(23040K) Class: 3010K(3328K)->3010K(3328K)
[2025-04-22T13:45:20.612+0000][13.016s] GC(5) Pause Young (Concurrent Start) (G1 Evacuation Pause) 75M->25M(512M) 18.793ms
[2025-04-22T13:45:20.612+0000][13.016s] GC(5) User=0.01s Sys=0.00s Real=0.02s
[2025-04-22T13:45:20.613+0000][13.017s] GC(6) Concurrent Cycle
[2025-04-22T13:45:20.620+0000][13.024s] GC(6) Concurrent Clear Claimed Marks
[2025-04-22T13:45:20.630+0000][13.034s] GC(6) Concurrent Clear Claimed Marks 10.184ms
[2025-04-22T13:45:20.638+0000][13.043s] GC(6) Concurrent Scan Root Regions
[2025-04-22T13:45:20.643+0000][13.047s] GC(6) Concurrent Scan Root Regions 4.431ms
[2025-04-22T13:45:20.643+0000][13.048s] GC(6) Concurrent Mark (13.048s)
[2025-04-22T13:45:20.643+0000][13.048s] GC(6) Concurrent Mark From Roots
[2025-04-22T13:45:20.644+0000][13.048s] GC(6) Using 1 workers of 1 for marking
[2025-04-22T13:45:20.730+0000][13.134s] GC(6) Concurrent Mark From Roots 86.075ms
[2025-04-22T13:45:20.730+0000][13.134s] GC(6) Concurrent Preclean
[2025-04-22T13:45:20.730+0000][13.135s] GC(6) Concurrent Preclean 0.363ms
[2025-04-22T13:45:20.730+0000][13.135s] GC(6) Concurrent Mark (13.048s, 13.135s) 87.243ms
[2025-04-22T13:45:20.731+0000][13.135s] GC(6) Pause Remark
[2025-04-22T13:45:20.745+0000][13.149s] GC(6) Cleaned string and symbol table, strings: 10259 processed, 4 removed, symbols: 73828 processed, 9 removed
[2025-04-22T13:45:20.745+0000][13.150s] GC(6) Pause Remark 31M->31M(512M) 14.321ms
[2025-04-22T13:45:20.746+0000][13.150s] GC(6) User=0.02s Sys=0.00s Real=0.01s
[2025-04-22T13:45:20.750+0000][13.154s] GC(6) Concurrent Rebuild Remembered Sets
[2025-04-22T13:45:20.820+0000][13.224s] GC(6) Concurrent Rebuild Remembered Sets 70.030ms
[2025-04-22T13:45:20.820+0000][13.224s] GC(6) Pause Cleanup
[2025-04-22T13:45:20.821+0000][13.225s] GC(6) Pause Cleanup 35M->35M(512M) 0.471ms
[2025-04-22T13:45:20.821+0000][13.225s] GC(6) User=0.00s Sys=0.00s Real=0.00s
[2025-04-22T13:45:20.824+0000][13.229s] GC(6) Concurrent Cleanup for Next Mark
[2025-04-22T13:45:20.835+0000][13.239s] GC(6) Concurrent Cleanup for Next Mark 10.281ms
[2025-04-22T13:45:20.839+0000][13.243s] GC(6) Concurrent Cycle 225.869ms
[2025-04-22T13:45:26.086+0000][18.490s] GC(7) Pause Young (Normal) (G1 Evacuation Pause)
[2025-04-22T13:45:26.086+0000][18.491s] GC(7) Using 4 workers of 4 for evacuation
[2025-04-22T13:45:26.136+0000][18.540s] GC(7)   Pre Evacuate Collection Set: 0.0ms
[2025-04-22T13:45:26.136+0000][18.541s] GC(7)   Evacuate Collection Set: 42.8ms
[2025-04-22T13:45:26.137+0000][18.541s] GC(7)   Post Evacuate Collection Set: 6.5ms
[2025-04-22T13:45:26.137+0000][18.542s] GC(7)   Other: 0.8ms
[2025-04-22T13:45:26.138+0000][18.542s] GC(7) Eden regions: 77->0(253)
[2025-04-22T13:45:26.138+0000][18.542s] GC(7) Survivor regions: 2->5(10)
[2025-04-22T13:45:26.138+0000][18.542s] GC(7) Old regions: 22->22
[2025-04-22T13:45:26.138+0000][18.543s] GC(7) Humongous regions: 4->4
[2025-04-22T13:45:26.139+0000][18.543s] GC(7) Metaspace: 33931K(35200K)->33931K(35200K) NonClass: 29927K(30720K)->29927K(30720K) Class: 4004K(4480K)->4004K(4480K)
[2025-04-22T13:45:26.141+0000][18.546s] GC(7) Pause Young (Normal) (G1 Evacuation Pause) 102M->29M(512M) 55.353ms
[2025-04-22T13:45:26.142+0000][18.546s] GC(7) User=0.10s Sys=0.00s Real=0.05s
[2025-04-22T13:47:19.811+0000][132.230s] Heap
[2025-04-22T13:47:19.811+0000][132.230s]  garbage-first heap   total 524288K, used 132403K [0x00000000e0000000, 0x0000000100000000)
[2025-04-22T13:47:19.813+0000][132.231s]   region size 1024K, 106 young (108544K), 5 survivors (5120K)
[2025-04-22T13:47:19.813+0000][132.232s]  Metaspace       used 41350K, capacity 42545K, committed 42752K, reserved 1087488K
[2025-04-22T13:47:19.813+0000][132.232s]   class space    used 4859K, capacity 5361K, committed 5376K, reserved 1048576K
