[2025-04-22T11:59:34.848+0000][0.032s] Heap region size: 1M
[2025-04-22T11:59:35.283+0000][0.466s] Using G1
[2025-04-22T11:59:35.283+0000][0.467s] Heap address: 0x00000000e0000000, size: 512 MB, Compressed Oops mode: 32-bit
[2025-04-22T11:59:35.284+0000][0.467s] Mark closed archive regions in map: [0x00000000fff00000, 0x00000000fff65ff8]
[2025-04-22T11:59:35.284+0000][0.468s] Mark open archive regions in map: [0x00000000ffe00000, 0x00000000ffe42ff8]
[2025-04-22T11:59:37.509+0000][2.693s] GC(0) Pause Young (Normal) (G1 Evacuation Pause)
[2025-04-22T11:59:37.522+0000][2.706s] GC(0) Using 4 workers of 4 for evacuation
[2025-04-22T11:59:37.548+0000][2.732s] GC(0)   Pre Evacuate Collection Set: 0.1ms
[2025-04-22T11:59:37.551+0000][2.735s] GC(0)   Evacuate Collection Set: 24.9ms
[2025-04-22T11:59:37.553+0000][2.737s] GC(0)   Post Evacuate Collection Set: 0.8ms
[2025-04-22T11:59:37.554+0000][2.737s] GC(0)   Other: 13.3ms
[2025-04-22T11:59:37.554+0000][2.738s] GC(0) Eden regions: 25->0(304)
[2025-04-22T11:59:37.554+0000][2.738s] GC(0) Survivor regions: 0->3(4)
[2025-04-22T11:59:37.555+0000][2.738s] GC(0) Old regions: 2->2
[2025-04-22T11:59:37.555+0000][2.739s] GC(0) Humongous regions: 0->0
[2025-04-22T11:59:37.559+0000][2.742s] GC(0) Metaspace: 7007K(8448K)->7007K(8448K) NonClass: 6134K(7424K)->6134K(7424K) Class: 872K(1024K)->872K(1024K)
[2025-04-22T11:59:37.559+0000][2.743s] GC(0) Pause Young (Normal) (G1 Evacuation Pause) 25M->3M(512M) 49.703ms
[2025-04-22T11:59:37.560+0000][2.743s] GC(0) User=0.04s Sys=0.01s Real=0.05s
[2025-04-22T11:59:38.806+0000][3.989s] GC(1) Pause Young (Normal) (G1 Evacuation Pause)
[2025-04-22T11:59:38.806+0000][3.990s] GC(1) Using 4 workers of 4 for evacuation
[2025-04-22T11:59:38.836+0000][4.020s] GC(1)   Pre Evacuate Collection Set: 0.0ms
[2025-04-22T11:59:38.837+0000][4.020s] GC(1)   Evacuate Collection Set: 29.3ms
[2025-04-22T11:59:38.837+0000][4.021s] GC(1)   Post Evacuate Collection Set: 0.7ms
[2025-04-22T11:59:38.837+0000][4.021s] GC(1)   Other: 0.6ms
[2025-04-22T11:59:38.837+0000][4.021s] GC(1) Eden regions: 23->0(37)
[2025-04-22T11:59:38.838+0000][4.021s] GC(1) Survivor regions: 3->4(4)
[2025-04-22T11:59:38.839+0000][4.022s] GC(1) Old regions: 2->10
[2025-04-22T11:59:38.839+0000][4.023s] GC(1) Humongous regions: 4->4
[2025-04-22T11:59:38.839+0000][4.023s] GC(1) Metaspace: 14084K(14848K)->14084K(14848K) NonClass: 12330K(12800K)->12330K(12800K) Class: 1753K(2048K)->1753K(2048K)
[2025-04-22T11:59:38.840+0000][4.023s] GC(1) Pause Young (Normal) (G1 Evacuation Pause) 30M->16M(512M) 34.126ms
[2025-04-22T11:59:38.840+0000][4.024s] GC(1) User=0.06s Sys=0.00s Real=0.03s
[2025-04-22T11:59:40.173+0000][5.357s] GC(2) Pause Young (Normal) (G1 Evacuation Pause)
[2025-04-22T11:59:40.173+0000][5.357s] GC(2) Using 4 workers of 4 for evacuation
[2025-04-22T11:59:40.256+0000][5.440s] GC(2)   Pre Evacuate Collection Set: 0.0ms
[2025-04-22T11:59:40.256+0000][5.440s] GC(2)   Evacuate Collection Set: 78.6ms
[2025-04-22T11:59:40.256+0000][5.440s] GC(2)   Post Evacuate Collection Set: 3.0ms
[2025-04-22T11:59:40.257+0000][5.440s] GC(2)   Other: 1.4ms
[2025-04-22T11:59:40.257+0000][5.440s] GC(2) Eden regions: 32->0(41)
[2025-04-22T11:59:40.257+0000][5.441s] GC(2) Survivor regions: 4->5(5)
[2025-04-22T11:59:40.257+0000][5.441s] GC(2) Old regions: 10->17
[2025-04-22T11:59:40.257+0000][5.441s] GC(2) Humongous regions: 4->4
[2025-04-22T11:59:40.257+0000][5.441s] GC(2) Metaspace: 17070K(17664K)->17070K(17664K) NonClass: 14996K(15360K)->14996K(15360K) Class: 2073K(2304K)->2073K(2304K)
[2025-04-22T11:59:40.258+0000][5.441s] GC(2) Pause Young (Normal) (G1 Evacuation Pause) 48M->24M(512M) 84.722ms
[2025-04-22T11:59:40.258+0000][5.441s] GC(2) User=0.04s Sys=0.15s Real=0.08s
[2025-04-22T11:59:41.394+0000][6.579s] GC(3) Pause Young (Concurrent Start) (Metadata GC Threshold)
[2025-04-22T11:59:41.396+0000][6.579s] GC(3) Using 4 workers of 4 for evacuation
[2025-04-22T11:59:41.404+0000][6.588s] GC(3)   Pre Evacuate Collection Set: 0.1ms
[2025-04-22T11:59:41.405+0000][6.588s] GC(3)   Evacuate Collection Set: 7.0ms
[2025-04-22T11:59:41.405+0000][6.589s] GC(3)   Post Evacuate Collection Set: 1.0ms
[2025-04-22T11:59:41.405+0000][6.589s] GC(3)   Other: 2.3ms
[2025-04-22T11:59:41.405+0000][6.589s] GC(3) Eden regions: 26->0(47)
[2025-04-22T11:59:41.406+0000][6.589s] GC(3) Survivor regions: 5->2(6)
[2025-04-22T11:59:41.406+0000][6.590s] GC(3) Old regions: 17->22
[2025-04-22T11:59:41.406+0000][6.590s] GC(3) Humongous regions: 4->4
[2025-04-22T11:59:41.406+0000][6.590s] GC(3) Metaspace: 20462K(21248K)->20462K(21248K) NonClass: 17963K(18432K)->17963K(18432K) Class: 2499K(2816K)->2499K(2816K)
[2025-04-22T11:59:41.406+0000][6.590s] GC(3) Pause Young (Concurrent Start) (Metadata GC Threshold) 50M->25M(512M) 12.418ms
[2025-04-22T11:59:41.407+0000][6.590s] GC(3) User=0.02s Sys=0.00s Real=0.01s
[2025-04-22T11:59:41.407+0000][6.591s] GC(4) Concurrent Cycle
[2025-04-22T11:59:41.407+0000][6.591s] GC(4) Concurrent Clear Claimed Marks
[2025-04-22T11:59:41.407+0000][6.591s] GC(4) Concurrent Clear Claimed Marks 0.204ms
[2025-04-22T11:59:41.407+0000][6.591s] GC(4) Concurrent Scan Root Regions
[2025-04-22T11:59:41.412+0000][6.595s] GC(4) Concurrent Scan Root Regions 4.092ms
[2025-04-22T11:59:41.412+0000][6.596s] GC(4) Concurrent Mark (6.596s)
[2025-04-22T11:59:41.412+0000][6.596s] GC(4) Concurrent Mark From Roots
[2025-04-22T11:59:41.417+0000][6.601s] GC(4) Using 1 workers of 1 for marking
[2025-04-22T11:59:41.546+0000][6.730s] GC(4) Concurrent Mark From Roots 134.198ms
[2025-04-22T11:59:41.547+0000][6.730s] GC(4) Concurrent Preclean
[2025-04-22T11:59:41.547+0000][6.731s] GC(4) Concurrent Preclean 0.522ms
[2025-04-22T11:59:41.548+0000][6.731s] GC(4) Concurrent Mark (6.596s, 6.731s) 135.707ms
[2025-04-22T11:59:41.548+0000][6.732s] GC(4) Pause Remark
[2025-04-22T11:59:41.567+0000][6.751s] GC(4) Cleaned string and symbol table, strings: 9255 processed, 28 removed, symbols: 57464 processed, 28 removed
[2025-04-22T11:59:41.568+0000][6.751s] GC(4) Pause Remark 29M->29M(512M) 19.264ms
[2025-04-22T11:59:41.568+0000][6.752s] GC(4) User=0.02s Sys=0.00s Real=0.02s
[2025-04-22T11:59:41.570+0000][6.753s] GC(4) Concurrent Rebuild Remembered Sets
[2025-04-22T11:59:41.601+0000][6.784s] GC(4) Concurrent Rebuild Remembered Sets 30.841ms
[2025-04-22T11:59:41.610+0000][6.794s] GC(4) Pause Cleanup
[2025-04-22T11:59:41.614+0000][6.797s] GC(4) Pause Cleanup 31M->31M(512M) 3.551ms
[2025-04-22T11:59:41.614+0000][6.798s] GC(4) User=0.00s Sys=0.00s Real=0.01s
[2025-04-22T11:59:41.614+0000][6.798s] GC(4) Concurrent Cleanup for Next Mark
[2025-04-22T11:59:41.618+0000][6.801s] GC(4) Concurrent Cleanup for Next Mark 3.235ms
[2025-04-22T11:59:41.618+0000][6.802s] GC(4) Concurrent Cycle 211.435ms
[2025-04-22T11:59:43.706+0000][8.890s] GC(5) Pause Young (Concurrent Start) (G1 Evacuation Pause)
[2025-04-22T11:59:43.706+0000][8.891s] GC(5) Using 4 workers of 4 for evacuation
[2025-04-22T11:59:43.725+0000][8.910s] GC(5)   Pre Evacuate Collection Set: 0.1ms
[2025-04-22T11:59:43.726+0000][8.910s] GC(5)   Evacuate Collection Set: 17.9ms
[2025-04-22T11:59:43.727+0000][8.911s] GC(5)   Post Evacuate Collection Set: 0.5ms
[2025-04-22T11:59:43.728+0000][8.912s] GC(5)   Other: 1.0ms
[2025-04-22T11:59:43.729+0000][8.913s] GC(5) Eden regions: 47->0(305)
[2025-04-22T11:59:43.730+0000][8.914s] GC(5) Survivor regions: 2->2(7)
[2025-04-22T11:59:43.731+0000][8.915s] GC(5) Old regions: 22->22
[2025-04-22T11:59:43.732+0000][8.916s] GC(5) Humongous regions: 4->4
[2025-04-22T11:59:43.732+0000][8.917s] GC(5) Metaspace: 25140K(26368K)->25140K(26368K) NonClass: 22148K(23040K)->22148K(23040K) Class: 2992K(3328K)->2992K(3328K)
[2025-04-22T11:59:43.733+0000][8.918s] GC(5) Pause Young (Concurrent Start) (G1 Evacuation Pause) 72M->25M(512M) 27.417ms
[2025-04-22T11:59:43.734+0000][8.919s] GC(5) User=0.04s Sys=0.00s Real=0.03s
[2025-04-22T11:59:43.736+0000][8.921s] GC(6) Concurrent Cycle
[2025-04-22T11:59:43.737+0000][8.921s] GC(6) Concurrent Clear Claimed Marks
[2025-04-22T11:59:43.737+0000][8.921s] GC(6) Concurrent Clear Claimed Marks 0.260ms
[2025-04-22T11:59:43.737+0000][8.922s] GC(6) Concurrent Scan Root Regions
[2025-04-22T11:59:43.758+0000][8.942s] GC(6) Concurrent Scan Root Regions 20.714ms
[2025-04-22T11:59:43.758+0000][8.943s] GC(6) Concurrent Mark (8.943s)
[2025-04-22T11:59:43.758+0000][8.943s] GC(6) Concurrent Mark From Roots
[2025-04-22T11:59:43.759+0000][8.943s] GC(6) Using 1 workers of 1 for marking
[2025-04-22T11:59:43.816+0000][9.000s] GC(6) Concurrent Mark From Roots 57.244ms
[2025-04-22T11:59:43.817+0000][9.001s] GC(6) Concurrent Preclean
[2025-04-22T11:59:43.821+0000][9.006s] GC(6) Concurrent Preclean 4.461ms
[2025-04-22T11:59:43.822+0000][9.006s] GC(6) Concurrent Mark (8.943s, 9.006s) 63.655ms
[2025-04-22T11:59:43.827+0000][9.011s] GC(6) Pause Remark
[2025-04-22T11:59:43.835+0000][9.020s] GC(6) Cleaned string and symbol table, strings: 10180 processed, 4 removed, symbols: 72609 processed, 10 removed
[2025-04-22T11:59:43.836+0000][9.021s] GC(6) Pause Remark 30M->30M(512M) 9.573ms
[2025-04-22T11:59:43.837+0000][9.021s] GC(6) User=0.02s Sys=0.00s Real=0.01s
[2025-04-22T11:59:43.837+0000][9.022s] GC(6) Concurrent Rebuild Remembered Sets
[2025-04-22T11:59:43.873+0000][9.057s] GC(6) Concurrent Rebuild Remembered Sets 35.536ms
[2025-04-22T11:59:43.880+0000][9.064s] GC(6) Pause Cleanup
[2025-04-22T11:59:43.883+0000][9.067s] GC(6) Pause Cleanup 32M->32M(512M) 2.892ms
[2025-04-22T11:59:43.884+0000][9.068s] GC(6) User=0.00s Sys=0.00s Real=0.00s
[2025-04-22T11:59:43.884+0000][9.069s] GC(6) Concurrent Cleanup for Next Mark
[2025-04-22T11:59:43.887+0000][9.071s] GC(6) Concurrent Cleanup for Next Mark 2.654ms
[2025-04-22T11:59:43.887+0000][9.072s] GC(6) Concurrent Cycle 151.171ms
[2025-04-22T12:11:54.610+0000][739.844s] GC(7) Pause Young (Concurrent Start) (Metadata GC Threshold)
[2025-04-22T12:11:54.613+0000][739.847s] GC(7) Using 4 workers of 4 for evacuation
[2025-04-22T12:11:55.553+0000][740.787s] GC(7) MMU target violated: 251.0ms (250.0ms/251.0ms)
[2025-04-22T12:11:55.553+0000][740.787s] GC(7)   Pre Evacuate Collection Set: 49.6ms
[2025-04-22T12:11:55.553+0000][740.788s] GC(7)   Evacuate Collection Set: 848.2ms
[2025-04-22T12:11:55.554+0000][740.788s] GC(7)   Post Evacuate Collection Set: 12.8ms
[2025-04-22T12:11:55.554+0000][740.788s] GC(7)   Other: 33.6ms
[2025-04-22T12:11:55.554+0000][740.788s] GC(7) Eden regions: 227->0(30)
[2025-04-22T12:11:55.554+0000][740.789s] GC(7) Survivor regions: 2->14(39)
[2025-04-22T12:11:55.555+0000][740.789s] GC(7) Old regions: 22->22
[2025-04-22T12:11:55.555+0000][740.789s] GC(7) Humongous regions: 4->4
[2025-04-22T12:11:55.555+0000][740.790s] GC(7) Metaspace: 42633K(43904K)->42633K(43904K) NonClass: 37620K(38400K)->37620K(38400K) Class: 5012K(5504K)->5012K(5504K)
[2025-04-22T12:11:55.556+0000][740.790s] GC(7) Pause Young (Concurrent Start) (Metadata GC Threshold) 252M->38M(512M) 946.477ms
[2025-04-22T12:11:55.556+0000][740.791s] GC(7) User=2.12s Sys=0.16s Real=0.95s
[2025-04-22T12:11:55.560+0000][740.795s] GC(8) Concurrent Cycle
[2025-04-22T12:11:55.563+0000][740.798s] GC(8) Concurrent Clear Claimed Marks
[2025-04-22T12:11:55.564+0000][740.798s] GC(8) Concurrent Clear Claimed Marks 0.534ms
[2025-04-22T12:11:55.565+0000][740.799s] GC(8) Concurrent Scan Root Regions
[2025-04-22T12:11:55.625+0000][740.860s] GC(8) Concurrent Scan Root Regions 60.784ms
[2025-04-22T12:11:55.626+0000][740.860s] GC(8) Concurrent Mark (740.860s)
[2025-04-22T12:11:55.626+0000][740.861s] GC(8) Concurrent Mark From Roots
[2025-04-22T12:11:55.627+0000][740.861s] GC(8) Using 1 workers of 1 for marking
[2025-04-22T12:11:55.819+0000][741.053s] GC(8) Concurrent Mark From Roots 192.458ms
[2025-04-22T12:11:55.819+0000][741.053s] GC(8) Concurrent Preclean
[2025-04-22T12:11:55.821+0000][741.055s] GC(8) Concurrent Preclean 1.631ms
[2025-04-22T12:11:55.821+0000][741.055s] GC(8) Concurrent Mark (740.860s, 741.055s) 195.177ms
[2025-04-22T12:11:55.823+0000][741.057s] GC(8) Pause Remark
[2025-04-22T12:11:56.930+0000][742.165s] GC(8) Cleaned string and symbol table, strings: 19348 processed, 990 removed, symbols: 116706 processed, 113 removed
[2025-04-22T12:11:56.935+0000][742.170s] GC(8) MMU target violated: 251.0ms (250.0ms/251.0ms)
[2025-04-22T12:11:56.950+0000][742.185s] GC(8) Pause Remark 41M->41M(512M) 1127.888ms
[2025-04-22T12:11:56.952+0000][742.187s] GC(8) User=1.69s Sys=0.93s Real=1.13s
[2025-04-22T12:11:56.954+0000][742.188s] GC(8) Concurrent Rebuild Remembered Sets
[2025-04-22T12:11:57.049+0000][742.283s] GC(8) Concurrent Rebuild Remembered Sets 95.163ms
[2025-04-22T12:11:57.055+0000][742.290s] GC(8) Pause Cleanup
[2025-04-22T12:11:57.057+0000][742.291s] GC(8) Pause Cleanup 42M->42M(512M) 1.410ms
[2025-04-22T12:11:57.059+0000][742.294s] GC(8) User=0.00s Sys=0.01s Real=0.00s
[2025-04-22T12:11:57.063+0000][742.298s] GC(8) Concurrent Cleanup for Next Mark
[2025-04-22T12:11:57.255+0000][742.490s] GC(8) Concurrent Cleanup for Next Mark 191.805ms
[2025-04-22T12:11:57.259+0000][742.493s] GC(8) Concurrent Cycle 1698.785ms
[2025-04-22T12:11:59.769+0000][745.004s] GC(9) Pause Young (Normal) (G1 Evacuation Pause)
[2025-04-22T12:11:59.770+0000][745.004s] GC(9) Using 4 workers of 4 for evacuation
[2025-04-22T12:12:00.183+0000][745.418s] GC(9) MMU target violated: 251.0ms (250.0ms/251.0ms)
[2025-04-22T12:12:00.184+0000][745.418s] GC(9)   Pre Evacuate Collection Set: 0.0ms
[2025-04-22T12:12:00.184+0000][745.418s] GC(9)   Evacuate Collection Set: 399.1ms
[2025-04-22T12:12:00.184+0000][745.419s] GC(9)   Post Evacuate Collection Set: 13.9ms
[2025-04-22T12:12:00.184+0000][745.419s] GC(9)   Other: 1.6ms
[2025-04-22T12:12:00.185+0000][745.419s] GC(9) Eden regions: 30->0(31)
[2025-04-22T12:12:00.185+0000][745.419s] GC(9) Survivor regions: 14->3(6)
[2025-04-22T12:12:00.185+0000][745.420s] GC(9) Old regions: 22->36
[2025-04-22T12:12:00.185+0000][745.420s] GC(9) Humongous regions: 5->4
[2025-04-22T12:12:00.186+0000][745.420s] GC(9) Metaspace: 44758K(46328K)->44758K(46328K) NonClass: 39492K(40448K)->39492K(40448K) Class: 5266K(5880K)->5266K(5880K)
[2025-04-22T12:12:00.186+0000][745.420s] GC(9) Pause Young (Normal) (G1 Evacuation Pause) 69M->40M(512M) 416.311ms
[2025-04-22T12:12:00.186+0000][745.421s] GC(9) User=0.16s Sys=0.09s Real=0.42s
[2025-04-22T12:12:01.308+0000][746.542s] GC(10) Pause Young (Normal) (G1 Evacuation Pause)
[2025-04-22T12:12:01.309+0000][746.544s] GC(10) Using 4 workers of 4 for evacuation
[2025-04-22T12:12:01.361+0000][746.595s] GC(10)   Pre Evacuate Collection Set: 0.0ms
[2025-04-22T12:12:01.362+0000][746.596s] GC(10)   Evacuate Collection Set: 49.3ms
[2025-04-22T12:12:01.362+0000][746.596s] GC(10)   Post Evacuate Collection Set: 1.5ms
[2025-04-22T12:12:01.362+0000][746.597s] GC(10)   Other: 2.2ms
[2025-04-22T12:12:01.363+0000][746.597s] GC(10) Eden regions: 31->0(39)
[2025-04-22T12:12:01.363+0000][746.597s] GC(10) Survivor regions: 3->4(5)
[2025-04-22T12:12:01.363+0000][746.598s] GC(10) Old regions: 36->36
[2025-04-22T12:12:01.364+0000][746.598s] GC(10) Humongous regions: 4->4
[2025-04-22T12:12:01.364+0000][746.599s] GC(10) Metaspace: 45716K(47352K)->45716K(47352K) NonClass: 40382K(41472K)->40382K(41472K) Class: 5334K(5880K)->5334K(5880K)
[2025-04-22T12:12:01.365+0000][746.599s] GC(10) Pause Young (Normal) (G1 Evacuation Pause) 71M->41M(512M) 56.979ms
[2025-04-22T12:12:01.365+0000][746.600s] GC(10) User=0.08s Sys=0.01s Real=0.06s
[2025-04-22T12:12:02.806+0000][748.041s] GC(11) Pause Young (Normal) (G1 Evacuation Pause)
[2025-04-22T12:12:02.807+0000][748.041s] GC(11) Using 4 workers of 4 for evacuation
[2025-04-22T12:12:02.920+0000][748.155s] GC(11)   Pre Evacuate Collection Set: 0.0ms
[2025-04-22T12:12:02.922+0000][748.157s] GC(11)   Evacuate Collection Set: 72.8ms
[2025-04-22T12:12:02.923+0000][748.157s] GC(11)   Post Evacuate Collection Set: 40.5ms
[2025-04-22T12:12:02.923+0000][748.158s] GC(11)   Other: 0.8ms
[2025-04-22T12:12:02.924+0000][748.158s] GC(11) Eden regions: 39->0(48)
[2025-04-22T12:12:02.924+0000][748.158s] GC(11) Survivor regions: 4->2(6)
[2025-04-22T12:12:02.924+0000][748.159s] GC(11) Old regions: 36->37
[2025-04-22T12:12:02.925+0000][748.159s] GC(11) Humongous regions: 4->4
[2025-04-22T12:12:02.925+0000][748.160s] GC(11) Metaspace: 48538K(50040K)->48538K(50040K) NonClass: 42819K(43776K)->42819K(43776K) Class: 5719K(6264K)->5719K(6264K)
[2025-04-22T12:12:02.926+0000][748.160s] GC(11) Pause Young (Normal) (G1 Evacuation Pause) 80M->41M(512M) 119.540ms
[2025-04-22T12:12:02.927+0000][748.161s] GC(11) User=0.15s Sys=0.02s Real=0.12s
[2025-04-22T12:12:03.894+0000][749.129s] GC(12) Pause Young (Normal) (G1 Evacuation Pause)
[2025-04-22T12:12:03.895+0000][749.129s] GC(12) Using 4 workers of 4 for evacuation
[2025-04-22T12:12:03.939+0000][749.173s] GC(12)   Pre Evacuate Collection Set: 0.0ms
[2025-04-22T12:12:03.939+0000][749.173s] GC(12)   Evacuate Collection Set: 42.8ms
[2025-04-22T12:12:03.939+0000][749.173s] GC(12)   Post Evacuate Collection Set: 0.7ms
[2025-04-22T12:12:03.939+0000][749.174s] GC(12)   Other: 0.7ms
[2025-04-22T12:12:03.939+0000][749.174s] GC(12) Eden regions: 48->0(53)
[2025-04-22T12:12:03.939+0000][749.174s] GC(12) Survivor regions: 2->5(7)
[2025-04-22T12:12:03.940+0000][749.174s] GC(12) Old regions: 37->37
[2025-04-22T12:12:03.940+0000][749.174s] GC(12) Humongous regions: 4->4
[2025-04-22T12:12:03.940+0000][749.174s] GC(12) Metaspace: 48994K(50552K)->48994K(50552K) NonClass: 43233K(44288K)->43233K(44288K) Class: 5760K(6264K)->5760K(6264K)
[2025-04-22T12:12:03.940+0000][749.175s] GC(12) Pause Young (Normal) (G1 Evacuation Pause) 89M->43M(512M) 45.765ms
[2025-04-22T12:12:03.940+0000][749.175s] GC(12) User=0.12s Sys=0.01s Real=0.05s
[2025-04-22T12:12:04.280+0000][749.515s] GC(13) Pause Young (Normal) (G1 Evacuation Pause)
[2025-04-22T12:12:04.281+0000][749.515s] GC(13) Using 4 workers of 4 for evacuation
[2025-04-22T12:12:04.365+0000][749.599s] GC(13)   Pre Evacuate Collection Set: 0.1ms
[2025-04-22T12:12:04.365+0000][749.599s] GC(13)   Evacuate Collection Set: 83.1ms
[2025-04-22T12:12:04.365+0000][749.600s] GC(13)   Post Evacuate Collection Set: 0.6ms
[2025-04-22T12:12:04.365+0000][749.600s] GC(13)   Other: 1.1ms
[2025-04-22T12:12:04.366+0000][749.600s] GC(13) Eden regions: 53->0(57)
[2025-04-22T12:12:04.366+0000][749.600s] GC(13) Survivor regions: 5->4(8)
[2025-04-22T12:12:04.366+0000][749.601s] GC(13) Old regions: 37->39
[2025-04-22T12:12:04.366+0000][749.601s] GC(13) Humongous regions: 4->4
[2025-04-22T12:12:04.367+0000][749.601s] GC(13) Metaspace: 50600K(52344K)->50600K(52344K) NonClass: 44606K(45824K)->44606K(45824K) Class: 5994K(6520K)->5994K(6520K)
[2025-04-22T12:12:04.367+0000][749.601s] GC(13) Pause Young (Normal) (G1 Evacuation Pause) 96M->44M(512M) 86.577ms
[2025-04-22T12:12:04.367+0000][749.601s] GC(13) User=0.12s Sys=0.03s Real=0.08s
[2025-04-22T12:19:03.934+0000][1169.196s] GC(14) Pause Young (Normal) (G1 Evacuation Pause)
[2025-04-22T12:19:03.934+0000][1169.196s] GC(14) Using 4 workers of 4 for evacuation
[2025-04-22T12:19:04.089+0000][1169.351s] GC(14)   Pre Evacuate Collection Set: 0.1ms
[2025-04-22T12:19:04.089+0000][1169.352s] GC(14)   Evacuate Collection Set: 147.5ms
[2025-04-22T12:19:04.090+0000][1169.352s] GC(14)   Post Evacuate Collection Set: 6.3ms
[2025-04-22T12:19:04.090+0000][1169.352s] GC(14)   Other: 0.9ms
[2025-04-22T12:19:04.090+0000][1169.352s] GC(14) Eden regions: 57->0(54)
[2025-04-22T12:19:04.091+0000][1169.353s] GC(14) Survivor regions: 4->8(8)
[2025-04-22T12:19:04.091+0000][1169.353s] GC(14) Old regions: 39->39
[2025-04-22T12:19:04.092+0000][1169.354s] GC(14) Humongous regions: 4->4
[2025-04-22T12:19:04.092+0000][1169.354s] GC(14) Metaspace: 52715K(54520K)->52715K(54520K) NonClass: 46450K(47616K)->46450K(47616K) Class: 6264K(6904K)->6264K(6904K)
[2025-04-22T12:19:04.092+0000][1169.354s] GC(14) Pause Young (Normal) (G1 Evacuation Pause) 101M->49M(512M) 158.409ms
[2025-04-22T12:19:04.092+0000][1169.355s] GC(14) User=0.23s Sys=0.02s Real=0.16s
[2025-04-22T12:33:59.112+0000][2064.446s] GC(15) Pause Young (Normal) (G1 Evacuation Pause)
[2025-04-22T12:33:59.114+0000][2064.448s] GC(15) Using 4 workers of 4 for evacuation
[2025-04-22T12:33:59.482+0000][2064.816s] GC(15) MMU target violated: 251.0ms (250.0ms/251.0ms)
[2025-04-22T12:33:59.482+0000][2064.816s] GC(15)   Pre Evacuate Collection Set: 97.1ms
[2025-04-22T12:33:59.482+0000][2064.816s] GC(15)   Evacuate Collection Set: 258.7ms
[2025-04-22T12:33:59.482+0000][2064.817s] GC(15)   Post Evacuate Collection Set: 7.8ms
[2025-04-22T12:33:59.483+0000][2064.817s] GC(15)   Other: 14.4ms
[2025-04-22T12:33:59.483+0000][2064.817s] GC(15) Eden regions: 54->0(53)
[2025-04-22T12:33:59.483+0000][2064.817s] GC(15) Survivor regions: 8->3(8)
[2025-04-22T12:33:59.483+0000][2064.817s] GC(15) Old regions: 39->47
[2025-04-22T12:33:59.483+0000][2064.817s] GC(15) Humongous regions: 4->4
[2025-04-22T12:33:59.483+0000][2064.817s] GC(15) Metaspace: 53071K(54776K)->53071K(54776K) NonClass: 46800K(47872K)->46800K(47872K) Class: 6270K(6904K)->6270K(6904K)
[2025-04-22T12:33:59.484+0000][2064.818s] GC(15) Pause Young (Normal) (G1 Evacuation Pause) 103M->51M(512M) 371.915ms
[2025-04-22T12:33:59.484+0000][2064.818s] GC(15) User=0.81s Sys=0.13s Real=0.37s
[2025-04-22T12:46:44.040+0000][2829.448s] GC(16) Pause Young (Normal) (G1 Evacuation Pause)
[2025-04-22T12:46:44.043+0000][2829.451s] GC(16) Using 4 workers of 4 for evacuation
[2025-04-22T12:46:44.219+0000][2829.627s] GC(16)   Pre Evacuate Collection Set: 29.7ms
[2025-04-22T12:46:44.220+0000][2829.628s] GC(16)   Evacuate Collection Set: 132.4ms
[2025-04-22T12:46:44.220+0000][2829.628s] GC(16)   Post Evacuate Collection Set: 8.8ms
[2025-04-22T12:46:44.227+0000][2829.634s] GC(16)   Other: 12.7ms
[2025-04-22T12:46:44.227+0000][2829.635s] GC(16) Eden regions: 53->0(55)
[2025-04-22T12:46:44.227+0000][2829.635s] GC(16) Survivor regions: 3->4(7)
[2025-04-22T12:46:44.228+0000][2829.635s] GC(16) Old regions: 47->47
[2025-04-22T12:46:44.228+0000][2829.635s] GC(16) Humongous regions: 4->4
[2025-04-22T12:46:44.228+0000][2829.636s] GC(16) Metaspace: 54092K(55672K)->54092K(55672K) NonClass: 47702K(48640K)->47702K(48640K) Class: 6389K(7032K)->6389K(7032K)
[2025-04-22T12:46:44.229+0000][2829.636s] GC(16) Pause Young (Normal) (G1 Evacuation Pause) 104M->52M(512M) 192.598ms
[2025-04-22T12:46:44.229+0000][2829.637s] GC(16) User=0.26s Sys=0.02s Real=0.20s
[2025-04-22T12:46:45.992+0000][2831.400s] GC(17) Pause Young (Normal) (G1 Evacuation Pause)
[2025-04-22T12:46:45.997+0000][2831.404s] GC(17) Using 4 workers of 4 for evacuation
[2025-04-22T12:46:46.097+0000][2831.505s] GC(17)   Pre Evacuate Collection Set: 0.0ms
[2025-04-22T12:46:46.098+0000][2831.505s] GC(17)   Evacuate Collection Set: 81.2ms
[2025-04-22T12:46:46.098+0000][2831.506s] GC(17)   Post Evacuate Collection Set: 18.8ms
[2025-04-22T12:46:46.100+0000][2831.507s] GC(17)   Other: 5.8ms
[2025-04-22T12:46:46.101+0000][2831.508s] GC(17) Eden regions: 55->0(60)
[2025-04-22T12:46:46.101+0000][2831.509s] GC(17) Survivor regions: 4->4(8)
[2025-04-22T12:46:46.102+0000][2831.510s] GC(17) Old regions: 47->47
[2025-04-22T12:46:46.103+0000][2831.510s] GC(17) Humongous regions: 4->4
[2025-04-22T12:46:46.103+0000][2831.511s] GC(17) Metaspace: 55401K(57080K)->55401K(57080K) NonClass: 48872K(49920K)->48872K(49920K) Class: 6528K(7160K)->6528K(7160K)
[2025-04-22T12:46:46.104+0000][2831.511s] GC(17) Pause Young (Normal) (G1 Evacuation Pause) 107M->52M(512M) 111.620ms
[2025-04-22T12:46:46.104+0000][2831.512s] GC(17) User=0.17s Sys=0.00s Real=0.11s
[2025-04-22T12:46:50.786+0000][2836.193s] GC(18) Pause Young (Normal) (G1 Evacuation Pause)
[2025-04-22T12:46:50.786+0000][2836.194s] GC(18) Using 4 workers of 4 for evacuation
[2025-04-22T12:46:50.995+0000][2836.402s] GC(18)   Pre Evacuate Collection Set: 0.0ms
[2025-04-22T12:46:50.995+0000][2836.403s] GC(18)   Evacuate Collection Set: 207.3ms
[2025-04-22T12:46:50.995+0000][2836.403s] GC(18)   Post Evacuate Collection Set: 0.7ms
[2025-04-22T12:46:50.996+0000][2836.403s] GC(18)   Other: 0.9ms
[2025-04-22T12:46:50.996+0000][2836.403s] GC(18) Eden regions: 60->0(58)
[2025-04-22T12:46:50.996+0000][2836.404s] GC(18) Survivor regions: 4->8(8)
[2025-04-22T12:46:50.996+0000][2836.404s] GC(18) Old regions: 47->49
[2025-04-22T12:46:50.997+0000][2836.404s] GC(18) Humongous regions: 7->7
[2025-04-22T12:46:50.997+0000][2836.404s] GC(18) Metaspace: 57315K(59128K)->57315K(59128K) NonClass: 50621K(51712K)->50621K(51712K) Class: 6693K(7416K)->6693K(7416K)
[2025-04-22T12:46:50.997+0000][2836.405s] GC(18) Pause Young (Normal) (G1 Evacuation Pause) 115M->62M(512M) 211.331ms
[2025-04-22T12:46:50.997+0000][2836.405s] GC(18) User=0.33s Sys=0.03s Real=0.22s
[2025-04-22T12:46:52.311+0000][2837.718s] GC(19) Pause Young (Normal) (G1 Evacuation Pause)
[2025-04-22T12:46:52.311+0000][2837.719s] GC(19) Using 4 workers of 4 for evacuation
[2025-04-22T12:46:52.522+0000][2837.930s] GC(19)   Pre Evacuate Collection Set: 0.0ms
[2025-04-22T12:46:52.522+0000][2837.930s] GC(19)   Evacuate Collection Set: 210.1ms
[2025-04-22T12:46:52.523+0000][2837.930s] GC(19)   Post Evacuate Collection Set: 0.5ms
[2025-04-22T12:46:52.523+0000][2837.930s] GC(19)   Other: 0.8ms
[2025-04-22T12:46:52.524+0000][2837.931s] GC(19) Eden regions: 58->0(59)
[2025-04-22T12:46:52.524+0000][2837.932s] GC(19) Survivor regions: 8->5(9)
[2025-04-22T12:46:52.524+0000][2837.932s] GC(19) Old regions: 49->56
[2025-04-22T12:46:52.525+0000][2837.932s] GC(19) Humongous regions: 7->7
[2025-04-22T12:46:52.525+0000][2837.932s] GC(19) Metaspace: 57540K(59384K)->57540K(59384K) NonClass: 50845K(51968K)->50845K(51968K) Class: 6695K(7416K)->6695K(7416K)
[2025-04-22T12:46:52.525+0000][2837.933s] GC(19) Pause Young (Normal) (G1 Evacuation Pause) 120M->66M(512M) 214.503ms
[2025-04-22T12:46:52.525+0000][2837.933s] GC(19) User=0.12s Sys=0.01s Real=0.21s
[2025-04-22T12:46:53.527+0000][2838.934s] GC(20) Pause Young (Normal) (G1 Evacuation Pause)
[2025-04-22T12:46:53.528+0000][2838.935s] GC(20) Using 4 workers of 4 for evacuation
[2025-04-22T12:46:53.840+0000][2839.248s] GC(20) MMU target violated: 251.0ms (250.0ms/251.0ms)
[2025-04-22T12:46:53.841+0000][2839.248s] GC(20)   Pre Evacuate Collection Set: 0.0ms
[2025-04-22T12:46:53.841+0000][2839.248s] GC(20)   Evacuate Collection Set: 310.9ms
[2025-04-22T12:46:53.841+0000][2839.249s] GC(20)   Post Evacuate Collection Set: 0.5ms
[2025-04-22T12:46:53.841+0000][2839.249s] GC(20)   Other: 2.3ms
[2025-04-22T12:46:53.842+0000][2839.249s] GC(20) Eden regions: 59->0(37)
[2025-04-22T12:46:53.842+0000][2839.249s] GC(20) Survivor regions: 5->5(8)
[2025-04-22T12:46:53.842+0000][2839.250s] GC(20) Old regions: 56->59
[2025-04-22T12:46:53.842+0000][2839.250s] GC(20) Humongous regions: 7->7
[2025-04-22T12:46:53.843+0000][2839.251s] GC(20) Metaspace: 57545K(59384K)->57545K(59384K) NonClass: 50849K(51968K)->50849K(51968K) Class: 6695K(7416K)->6695K(7416K)
[2025-04-22T12:46:53.845+0000][2839.252s] GC(20) Pause Young (Normal) (G1 Evacuation Pause) 125M->68M(512M) 317.632ms
[2025-04-22T12:46:53.845+0000][2839.252s] GC(20) User=0.05s Sys=0.00s Real=0.31s
[2025-04-22T12:46:54.727+0000][2840.135s] GC(21) Pause Young (Normal) (G1 Evacuation Pause)
[2025-04-22T12:46:54.728+0000][2840.136s] GC(21) Using 4 workers of 4 for evacuation
[2025-04-22T12:46:54.874+0000][2840.282s] GC(21)   Pre Evacuate Collection Set: 0.0ms
[2025-04-22T12:46:54.875+0000][2840.282s] GC(21)   Evacuate Collection Set: 143.0ms
[2025-04-22T12:46:54.875+0000][2840.283s] GC(21)   Post Evacuate Collection Set: 0.5ms
[2025-04-22T12:46:54.875+0000][2840.283s] GC(21)   Other: 3.5ms
[2025-04-22T12:46:54.876+0000][2840.283s] GC(21) Eden regions: 37->0(44)
[2025-04-22T12:46:54.877+0000][2840.284s] GC(21) Survivor regions: 5->4(6)
[2025-04-22T12:46:54.877+0000][2840.285s] GC(21) Old regions: 59->61
[2025-04-22T12:46:54.877+0000][2840.285s] GC(21) Humongous regions: 7->7
[2025-04-22T12:46:54.877+0000][2840.285s] GC(21) Metaspace: 57550K(59384K)->57550K(59384K) NonClass: 50854K(51968K)->50854K(51968K) Class: 6695K(7416K)->6695K(7416K)
[2025-04-22T12:46:54.878+0000][2840.285s] GC(21) Pause Young (Normal) (G1 Evacuation Pause) 105M->69M(512M) 150.480ms
[2025-04-22T12:46:54.878+0000][2840.286s] GC(21) User=0.07s Sys=0.04s Real=0.15s
[2025-04-22T12:46:55.446+0000][2840.854s] GC(22) Pause Young (Normal) (G1 Evacuation Pause)
[2025-04-22T12:46:55.446+0000][2840.854s] GC(22) Using 4 workers of 4 for evacuation
[2025-04-22T12:46:55.587+0000][2840.995s] GC(22)   Pre Evacuate Collection Set: 0.0ms
[2025-04-22T12:46:55.588+0000][2840.995s] GC(22)   Evacuate Collection Set: 139.9ms
[2025-04-22T12:46:55.588+0000][2840.995s] GC(22)   Post Evacuate Collection Set: 0.5ms
[2025-04-22T12:46:55.588+0000][2840.996s] GC(22)   Other: 0.6ms
[2025-04-22T12:46:55.588+0000][2840.996s] GC(22) Eden regions: 44->0(51)
[2025-04-22T12:46:55.588+0000][2840.996s] GC(22) Survivor regions: 4->5(6)
[2025-04-22T12:46:55.589+0000][2840.996s] GC(22) Old regions: 61->62
[2025-04-22T12:46:55.589+0000][2840.996s] GC(22) Humongous regions: 7->7
[2025-04-22T12:46:55.589+0000][2840.997s] GC(22) Metaspace: 57554K(59384K)->57554K(59384K) NonClass: 50858K(51968K)->50858K(51968K) Class: 6695K(7416K)->6695K(7416K)
[2025-04-22T12:46:55.589+0000][2840.997s] GC(22) Pause Young (Normal) (G1 Evacuation Pause) 113M->72M(512M) 143.055ms
[2025-04-22T12:46:55.590+0000][2840.997s] GC(22) User=0.04s Sys=0.00s Real=0.15s
[2025-04-22T12:46:56.578+0000][2841.986s] GC(23) Pause Young (Normal) (G1 Evacuation Pause)
[2025-04-22T12:46:56.579+0000][2841.986s] GC(23) Using 4 workers of 4 for evacuation
[2025-04-22T12:46:56.758+0000][2842.165s] GC(23)   Pre Evacuate Collection Set: 0.0ms
[2025-04-22T12:46:56.758+0000][2842.166s] GC(23)   Evacuate Collection Set: 178.2ms
[2025-04-22T12:46:56.758+0000][2842.166s] GC(23)   Post Evacuate Collection Set: 0.3ms
[2025-04-22T12:46:56.759+0000][2842.166s] GC(23)   Other: 1.5ms
[2025-04-22T12:46:56.760+0000][2842.168s] GC(23) Eden regions: 51->0(53)
[2025-04-22T12:46:56.761+0000][2842.169s] GC(23) Survivor regions: 5->6(7)
[2025-04-22T12:46:56.762+0000][2842.169s] GC(23) Old regions: 62->64
[2025-04-22T12:46:56.762+0000][2842.170s] GC(23) Humongous regions: 7->7
[2025-04-22T12:46:56.762+0000][2842.170s] GC(23) Metaspace: 57558K(59384K)->57558K(59384K) NonClass: 50862K(51968K)->50862K(51968K) Class: 6695K(7416K)->6695K(7416K)
[2025-04-22T12:46:56.764+0000][2842.172s] GC(23) Pause Young (Normal) (G1 Evacuation Pause) 123M->74M(512M) 185.862ms
[2025-04-22T12:46:56.764+0000][2842.172s] GC(23) User=0.09s Sys=0.03s Real=0.18s
[2025-04-22T12:46:57.885+0000][2843.292s] GC(24) Pause Young (Normal) (G1 Evacuation Pause)
[2025-04-22T12:46:57.889+0000][2843.296s] GC(24) Using 4 workers of 4 for evacuation
[2025-04-22T12:46:58.164+0000][2843.572s] GC(24) MMU target violated: 251.0ms (250.0ms/251.0ms)
[2025-04-22T12:46:58.164+0000][2843.572s] GC(24)   Pre Evacuate Collection Set: 0.0ms
[2025-04-22T12:46:58.164+0000][2843.572s] GC(24)   Evacuate Collection Set: 269.2ms
[2025-04-22T12:46:58.165+0000][2843.572s] GC(24)   Post Evacuate Collection Set: 1.0ms
[2025-04-22T12:46:58.165+0000][2843.572s] GC(24)   Other: 9.3ms
[2025-04-22T12:46:58.165+0000][2843.573s] GC(24) Eden regions: 53->0(52)
[2025-04-22T12:46:58.165+0000][2843.573s] GC(24) Survivor regions: 6->4(8)
[2025-04-22T12:46:58.165+0000][2843.573s] GC(24) Old regions: 64->67
[2025-04-22T12:46:58.165+0000][2843.573s] GC(24) Humongous regions: 7->7
[2025-04-22T12:46:58.166+0000][2843.573s] GC(24) Metaspace: 57558K(59384K)->57558K(59384K) NonClass: 50862K(51968K)->50862K(51968K) Class: 6695K(7416K)->6695K(7416K)
[2025-04-22T12:46:58.166+0000][2843.573s] GC(24) Pause Young (Normal) (G1 Evacuation Pause) 127M->75M(512M) 281.077ms
[2025-04-22T12:46:58.166+0000][2843.574s] GC(24) User=0.21s Sys=0.05s Real=0.28s
[2025-04-22T12:46:58.968+0000][2844.375s] GC(25) Pause Young (Normal) (G1 Evacuation Pause)
[2025-04-22T12:46:58.969+0000][2844.376s] GC(25) Using 4 workers of 4 for evacuation
[2025-04-22T12:46:59.002+0000][2844.409s] GC(25)   Pre Evacuate Collection Set: 0.0ms
[2025-04-22T12:46:59.002+0000][2844.410s] GC(25)   Evacuate Collection Set: 19.0ms
[2025-04-22T12:46:59.002+0000][2844.410s] GC(25)   Post Evacuate Collection Set: 6.0ms
[2025-04-22T12:46:59.003+0000][2844.411s] GC(25)   Other: 9.0ms
[2025-04-22T12:46:59.006+0000][2844.414s] GC(25) Eden regions: 52->0(60)
[2025-04-22T12:46:59.008+0000][2844.416s] GC(25) Survivor regions: 4->7(7)
[2025-04-22T12:46:59.009+0000][2844.416s] GC(25) Old regions: 67->67
[2025-04-22T12:46:59.009+0000][2844.417s] GC(25) Humongous regions: 7->7
[2025-04-22T12:46:59.009+0000][2844.417s] GC(25) Metaspace: 57558K(59384K)->57558K(59384K) NonClass: 50862K(51968K)->50862K(51968K) Class: 6695K(7416K)->6695K(7416K)
[2025-04-22T12:46:59.010+0000][2844.418s] GC(25) Pause Young (Normal) (G1 Evacuation Pause) 127M->78M(512M) 42.352ms
[2025-04-22T12:46:59.010+0000][2844.418s] GC(25) User=0.03s Sys=0.02s Real=0.04s
[2025-04-22T12:46:59.917+0000][2845.324s] GC(26) Pause Young (Normal) (G1 Evacuation Pause)
[2025-04-22T12:46:59.927+0000][2845.334s] GC(26) Using 4 workers of 4 for evacuation
[2025-04-22T12:47:00.060+0000][2845.468s] GC(26)   Pre Evacuate Collection Set: 0.0ms
[2025-04-22T12:47:00.060+0000][2845.468s] GC(26)   Evacuate Collection Set: 130.9ms
[2025-04-22T12:47:00.062+0000][2845.470s] GC(26)   Post Evacuate Collection Set: 0.4ms
[2025-04-22T12:47:00.063+0000][2845.470s] GC(26)   Other: 12.0ms
[2025-04-22T12:47:00.063+0000][2845.471s] GC(26) Eden regions: 60->0(61)
[2025-04-22T12:47:00.063+0000][2845.471s] GC(26) Survivor regions: 7->9(9)
[2025-04-22T12:47:00.063+0000][2845.471s] GC(26) Old regions: 67->69
[2025-04-22T12:47:00.064+0000][2845.471s] GC(26) Humongous regions: 7->7
[2025-04-22T12:47:00.064+0000][2845.472s] GC(26) Metaspace: 57559K(59384K)->57559K(59384K) NonClass: 50863K(51968K)->50863K(51968K) Class: 6695K(7416K)->6695K(7416K)
[2025-04-22T12:47:00.064+0000][2845.472s] GC(26) Pause Young (Normal) (G1 Evacuation Pause) 138M->82M(512M) 147.550ms
[2025-04-22T12:47:00.065+0000][2845.472s] GC(26) User=0.24s Sys=0.00s Real=0.14s
[2025-04-22T12:47:01.044+0000][2846.451s] GC(27) Pause Young (Normal) (G1 Evacuation Pause)
[2025-04-22T12:47:01.044+0000][2846.452s] GC(27) Using 4 workers of 4 for evacuation
[2025-04-22T12:47:01.118+0000][2846.526s] GC(27)   Pre Evacuate Collection Set: 0.0ms
[2025-04-22T12:47:01.119+0000][2846.526s] GC(27)   Evacuate Collection Set: 64.2ms
[2025-04-22T12:47:01.119+0000][2846.527s] GC(27)   Post Evacuate Collection Set: 9.2ms
[2025-04-22T12:47:01.119+0000][2846.527s] GC(27)   Other: 1.1ms
[2025-04-22T12:47:01.120+0000][2846.527s] GC(27) Eden regions: 61->0(67)
[2025-04-22T12:47:01.121+0000][2846.528s] GC(27) Survivor regions: 9->7(9)
[2025-04-22T12:47:01.121+0000][2846.529s] GC(27) Old regions: 69->73
[2025-04-22T12:47:01.122+0000][2846.529s] GC(27) Humongous regions: 7->7
[2025-04-22T12:47:01.122+0000][2846.530s] GC(27) Metaspace: 57566K(59384K)->57566K(59384K) NonClass: 50870K(51968K)->50870K(51968K) Class: 6695K(7416K)->6695K(7416K)
[2025-04-22T12:47:01.123+0000][2846.531s] GC(27) Pause Young (Normal) (G1 Evacuation Pause) 143M->84M(512M) 79.645ms
[2025-04-22T12:47:01.124+0000][2846.531s] GC(27) User=0.15s Sys=0.01s Real=0.08s
[2025-04-22T12:47:02.087+0000][2847.494s] GC(28) Pause Young (Normal) (G1 Evacuation Pause)
[2025-04-22T12:47:02.087+0000][2847.495s] GC(28) Using 4 workers of 4 for evacuation
[2025-04-22T12:47:02.213+0000][2847.621s] GC(28)   Pre Evacuate Collection Set: 0.0ms
[2025-04-22T12:47:02.214+0000][2847.621s] GC(28)   Evacuate Collection Set: 119.6ms
[2025-04-22T12:47:02.214+0000][2847.621s] GC(28)   Post Evacuate Collection Set: 6.1ms
[2025-04-22T12:47:02.214+0000][2847.622s] GC(28)   Other: 1.0ms
[2025-04-22T12:47:02.214+0000][2847.622s] GC(28) Eden regions: 67->0(75)
[2025-04-22T12:47:02.215+0000][2847.622s] GC(28) Survivor regions: 7->4(10)
[2025-04-22T12:47:02.215+0000][2847.622s] GC(28) Old regions: 73->77
[2025-04-22T12:47:02.215+0000][2847.623s] GC(28) Humongous regions: 7->7
[2025-04-22T12:47:02.215+0000][2847.623s] GC(28) Metaspace: 57570K(59384K)->57570K(59384K) NonClass: 50874K(51968K)->50874K(51968K) Class: 6695K(7416K)->6695K(7416K)
[2025-04-22T12:47:02.216+0000][2847.623s] GC(28) Pause Young (Normal) (G1 Evacuation Pause) 151M->86M(512M) 129.174ms
[2025-04-22T12:47:02.216+0000][2847.624s] GC(28) User=0.10s Sys=0.00s Real=0.12s
[2025-04-22T12:47:04.172+0000][2849.580s] GC(29) Pause Young (Normal) (G1 Evacuation Pause)
[2025-04-22T12:47:04.173+0000][2849.580s] GC(29) Using 4 workers of 4 for evacuation
[2025-04-22T12:47:04.292+0000][2849.699s] GC(29)   Pre Evacuate Collection Set: 0.0ms
[2025-04-22T12:47:04.292+0000][2849.699s] GC(29)   Evacuate Collection Set: 114.2ms
[2025-04-22T12:47:04.292+0000][2849.700s] GC(29)   Post Evacuate Collection Set: 4.3ms
[2025-04-22T12:47:04.294+0000][2849.701s] GC(29)   Other: 0.8ms
[2025-04-22T12:47:04.294+0000][2849.702s] GC(29) Eden regions: 75->0(79)
[2025-04-22T12:47:04.294+0000][2849.702s] GC(29) Survivor regions: 4->9(10)
[2025-04-22T12:47:04.294+0000][2849.702s] GC(29) Old regions: 77->77
[2025-04-22T12:47:04.295+0000][2849.702s] GC(29) Humongous regions: 7->7
[2025-04-22T12:47:04.295+0000][2849.703s] GC(29) Metaspace: 57573K(59384K)->57573K(59384K) NonClass: 50877K(51968K)->50877K(51968K) Class: 6695K(7416K)->6695K(7416K)
[2025-04-22T12:47:04.295+0000][2849.703s] GC(29) Pause Young (Normal) (G1 Evacuation Pause) 161M->91M(512M) 123.062ms
[2025-04-22T12:47:04.296+0000][2849.703s] GC(29) User=0.20s Sys=0.00s Real=0.12s
[2025-04-22T12:47:06.825+0000][2852.232s] GC(30) Pause Young (Normal) (G1 Evacuation Pause)
[2025-04-22T12:47:06.832+0000][2852.239s] GC(30) Using 4 workers of 4 for evacuation
[2025-04-22T12:47:06.987+0000][2852.395s] GC(30)   Pre Evacuate Collection Set: 0.0ms
[2025-04-22T12:47:06.992+0000][2852.400s] GC(30)   Evacuate Collection Set: 151.0ms
[2025-04-22T12:47:06.994+0000][2852.402s] GC(30)   Post Evacuate Collection Set: 0.8ms
[2025-04-22T12:47:06.997+0000][2852.404s] GC(30)   Other: 10.4ms
[2025-04-22T12:47:06.998+0000][2852.406s] GC(30) Eden regions: 79->0(84)
[2025-04-22T12:47:07.007+0000][2852.414s] GC(30) Survivor regions: 9->5(11)
[2025-04-22T12:47:07.017+0000][2852.424s] GC(30) Old regions: 77->86
[2025-04-22T12:47:07.025+0000][2852.432s] GC(30) Humongous regions: 7->7
[2025-04-22T12:47:07.025+0000][2852.433s] GC(30) Metaspace: 58011K(59896K)->58011K(59896K) NonClass: 51273K(52480K)->51273K(52480K) Class: 6737K(7416K)->6737K(7416K)
[2025-04-22T12:47:07.026+0000][2852.434s] GC(30) Pause Young (Normal) (G1 Evacuation Pause) 170M->95M(512M) 201.412ms
[2025-04-22T12:47:07.027+0000][2852.434s] GC(30) User=0.24s Sys=0.02s Real=0.20s
[2025-04-22T12:47:08.891+0000][2854.298s] GC(31) Pause Young (Normal) (G1 Evacuation Pause)
[2025-04-22T12:47:08.891+0000][2854.299s] GC(31) Using 4 workers of 4 for evacuation
[2025-04-22T12:47:08.967+0000][2854.375s] GC(31)   Pre Evacuate Collection Set: 0.0ms
[2025-04-22T12:47:08.968+0000][2854.375s] GC(31)   Evacuate Collection Set: 74.9ms
[2025-04-22T12:47:08.968+0000][2854.376s] GC(31)   Post Evacuate Collection Set: 0.6ms
[2025-04-22T12:47:08.968+0000][2854.376s] GC(31)   Other: 1.1ms
[2025-04-22T12:47:08.968+0000][2854.376s] GC(31) Eden regions: 84->0(89)
[2025-04-22T12:47:08.969+0000][2854.376s] GC(31) Survivor regions: 5->9(12)
[2025-04-22T12:47:08.969+0000][2854.376s] GC(31) Old regions: 86->86
[2025-04-22T12:47:08.969+0000][2854.376s] GC(31) Humongous regions: 7->7
[2025-04-22T12:47:08.969+0000][2854.377s] GC(31) Metaspace: 58141K(59896K)->58141K(59896K) NonClass: 51384K(52480K)->51384K(52480K) Class: 6756K(7416K)->6756K(7416K)
[2025-04-22T12:47:08.969+0000][2854.377s] GC(31) Pause Young (Normal) (G1 Evacuation Pause) 179M->99M(512M) 78.511ms
[2025-04-22T12:47:08.969+0000][2854.377s] GC(31) User=0.10s Sys=0.02s Real=0.08s
[2025-04-22T12:47:10.965+0000][2856.372s] GC(32) Pause Young (Normal) (G1 Evacuation Pause)
[2025-04-22T12:47:10.965+0000][2856.373s] GC(32) Using 4 workers of 4 for evacuation
[2025-04-22T12:47:11.240+0000][2856.647s] GC(32) MMU target violated: 251.0ms (250.0ms/251.0ms)
[2025-04-22T12:47:11.258+0000][2856.665s] GC(32)   Pre Evacuate Collection Set: 0.1ms
[2025-04-22T12:47:11.275+0000][2856.683s] GC(32)   Evacuate Collection Set: 266.9ms
[2025-04-22T12:47:11.276+0000][2856.683s] GC(32)   Post Evacuate Collection Set: 1.2ms
[2025-04-22T12:47:11.276+0000][2856.684s] GC(32)   Other: 24.8ms
[2025-04-22T12:47:11.276+0000][2856.684s] GC(32) Eden regions: 89->0(84)
[2025-04-22T12:47:11.277+0000][2856.684s] GC(32) Survivor regions: 9->10(13)
[2025-04-22T12:47:11.277+0000][2856.685s] GC(32) Old regions: 86->89
[2025-04-22T12:47:11.278+0000][2856.685s] GC(32) Humongous regions: 7->7
[2025-04-22T12:47:11.278+0000][2856.685s] GC(32) Metaspace: 58443K(60152K)->58443K(60152K) NonClass: 51666K(52736K)->51666K(52736K) Class: 6777K(7416K)->6777K(7416K)
[2025-04-22T12:47:11.278+0000][2856.686s] GC(32) Pause Young (Normal) (G1 Evacuation Pause) 188M->103M(512M) 313.609ms
[2025-04-22T12:47:11.279+0000][2856.686s] GC(32) User=0.54s Sys=0.02s Real=0.31s
[2025-04-22T12:47:12.997+0000][2858.405s] GC(33) Pause Young (Normal) (G1 Evacuation Pause)
[2025-04-22T12:47:13.000+0000][2858.408s] GC(33) Using 4 workers of 4 for evacuation
[2025-04-22T12:47:13.101+0000][2858.508s] GC(33)   Pre Evacuate Collection Set: 0.0ms
[2025-04-22T12:47:13.101+0000][2858.509s] GC(33)   Evacuate Collection Set: 99.1ms
[2025-04-22T12:47:13.101+0000][2858.509s] GC(33)   Post Evacuate Collection Set: 0.6ms
[2025-04-22T12:47:13.101+0000][2858.509s] GC(33)   Other: 4.1ms
[2025-04-22T12:47:13.102+0000][2858.509s] GC(33) Eden regions: 84->0(98)
[2025-04-22T12:47:13.102+0000][2858.509s] GC(33) Survivor regions: 10->6(12)
[2025-04-22T12:47:13.102+0000][2858.510s] GC(33) Old regions: 89->95
[2025-04-22T12:47:13.102+0000][2858.510s] GC(33) Humongous regions: 7->7
[2025-04-22T12:47:13.103+0000][2858.510s] GC(33) Metaspace: 58470K(60152K)->58470K(60152K) NonClass: 51692K(52736K)->51692K(52736K) Class: 6777K(7416K)->6777K(7416K)
[2025-04-22T12:47:13.103+0000][2858.510s] GC(33) Pause Young (Normal) (G1 Evacuation Pause) 187M->105M(512M) 105.769ms
[2025-04-22T12:47:13.103+0000][2858.511s] GC(33) User=0.19s Sys=0.01s Real=0.10s
[2025-04-22T12:47:14.621+0000][2860.032s] GC(34) Pause Young (Normal) (G1 Evacuation Pause)
[2025-04-22T12:47:14.621+0000][2860.032s] GC(34) Using 4 workers of 4 for evacuation
[2025-04-22T12:47:14.714+0000][2860.125s] GC(34)   Pre Evacuate Collection Set: 0.1ms
[2025-04-22T12:47:14.724+0000][2860.135s] GC(34)   Evacuate Collection Set: 72.1ms
[2025-04-22T12:47:14.734+0000][2860.144s] GC(34)   Post Evacuate Collection Set: 20.5ms
[2025-04-22T12:47:14.738+0000][2860.148s] GC(34)   Other: 0.7ms
[2025-04-22T12:47:14.738+0000][2860.149s] GC(34) Eden regions: 98->0(105)
[2025-04-22T12:47:14.738+0000][2860.149s] GC(34) Survivor regions: 6->9(13)
[2025-04-22T12:47:14.739+0000][2860.149s] GC(34) Old regions: 95->95
[2025-04-22T12:47:14.739+0000][2860.150s] GC(34) Humongous regions: 7->7
[2025-04-22T12:47:14.739+0000][2860.150s] GC(34) Metaspace: 58485K(60152K)->58485K(60152K) NonClass: 51707K(52736K)->51707K(52736K) Class: 6777K(7416K)->6777K(7416K)
[2025-04-22T12:47:14.739+0000][2860.150s] GC(34) Pause Young (Normal) (G1 Evacuation Pause) 203M->108M(512M) 118.312ms
[2025-04-22T12:47:14.739+0000][2860.150s] GC(34) User=0.19s Sys=0.00s Real=0.12s
[2025-04-22T12:47:16.447+0000][2861.858s] GC(35) Pause Young (Normal) (G1 Evacuation Pause)
[2025-04-22T12:47:16.449+0000][2861.859s] GC(35) Using 4 workers of 4 for evacuation
[2025-04-22T12:47:16.593+0000][2862.003s] GC(35)   Pre Evacuate Collection Set: 0.0ms
[2025-04-22T12:47:16.593+0000][2862.004s] GC(35)   Evacuate Collection Set: 140.3ms
[2025-04-22T12:47:16.594+0000][2862.005s] GC(35)   Post Evacuate Collection Set: 1.6ms
[2025-04-22T12:47:16.595+0000][2862.006s] GC(35)   Other: 3.2ms
[2025-04-22T12:47:16.596+0000][2862.007s] GC(35) Eden regions: 105->0(110)
[2025-04-22T12:47:16.597+0000][2862.008s] GC(35) Survivor regions: 9->11(15)
[2025-04-22T12:47:16.598+0000][2862.009s] GC(35) Old regions: 95->97
[2025-04-22T12:47:16.598+0000][2862.009s] GC(35) Humongous regions: 7->7
[2025-04-22T12:47:16.599+0000][2862.010s] GC(35) Metaspace: 58510K(60152K)->58510K(60152K) NonClass: 51732K(52736K)->51732K(52736K) Class: 6777K(7416K)->6777K(7416K)
[2025-04-22T12:47:16.600+0000][2862.011s] GC(35) Pause Young (Normal) (G1 Evacuation Pause) 213M->113M(512M) 152.790ms
[2025-04-22T12:47:16.601+0000][2862.012s] GC(35) User=0.22s Sys=0.04s Real=0.15s
[2025-04-22T12:47:18.756+0000][2864.166s] GC(36) Pause Young (Normal) (G1 Evacuation Pause)
[2025-04-22T12:47:18.756+0000][2864.167s] GC(36) Using 4 workers of 4 for evacuation
[2025-04-22T12:47:18.870+0000][2864.281s] GC(36)   Pre Evacuate Collection Set: 0.0ms
[2025-04-22T12:47:18.870+0000][2864.281s] GC(36)   Evacuate Collection Set: 112.8ms
[2025-04-22T12:47:18.870+0000][2864.281s] GC(36)   Post Evacuate Collection Set: 0.6ms
[2025-04-22T12:47:18.871+0000][2864.281s] GC(36)   Other: 0.7ms
[2025-04-22T12:47:18.871+0000][2864.282s] GC(36) Eden regions: 110->0(123)
[2025-04-22T12:47:18.871+0000][2864.282s] GC(36) Survivor regions: 11->12(16)
[2025-04-22T12:47:18.871+0000][2864.282s] GC(36) Old regions: 97->100
[2025-04-22T12:47:18.872+0000][2864.282s] GC(36) Humongous regions: 7->7
[2025-04-22T12:47:18.872+0000][2864.283s] GC(36) Metaspace: 58513K(60152K)->58513K(60152K) NonClass: 51735K(52736K)->51735K(52736K) Class: 6777K(7416K)->6777K(7416K)
[2025-04-22T12:47:18.872+0000][2864.283s] GC(36) Pause Young (Normal) (G1 Evacuation Pause) 223M->116M(512M) 116.562ms
[2025-04-22T12:47:18.873+0000][2864.283s] GC(36) User=0.18s Sys=0.02s Real=0.11s
[2025-04-22T12:47:20.765+0000][2866.176s] GC(37) Pause Young (Normal) (G1 Evacuation Pause)
[2025-04-22T12:47:20.768+0000][2866.179s] GC(37) Using 4 workers of 4 for evacuation
[2025-04-22T12:47:20.973+0000][2866.384s] GC(37)   Pre Evacuate Collection Set: 0.0ms
[2025-04-22T12:47:20.974+0000][2866.384s] GC(37)   Evacuate Collection Set: 187.6ms
[2025-04-22T12:47:20.974+0000][2866.384s] GC(37)   Post Evacuate Collection Set: 14.1ms
[2025-04-22T12:47:20.974+0000][2866.385s] GC(37)   Other: 6.1ms
[2025-04-22T12:47:20.974+0000][2866.385s] GC(37) Eden regions: 123->0(118)
[2025-04-22T12:47:20.975+0000][2866.385s] GC(37) Survivor regions: 12->11(17)
[2025-04-22T12:47:20.975+0000][2866.385s] GC(37) Old regions: 100->104
[2025-04-22T12:47:20.975+0000][2866.386s] GC(37) Humongous regions: 7->7
[2025-04-22T12:47:20.975+0000][2866.386s] GC(37) Metaspace: 58520K(60152K)->58520K(60152K) NonClass: 51742K(52736K)->51742K(52736K) Class: 6777K(7416K)->6777K(7416K)
[2025-04-22T12:47:20.975+0000][2866.386s] GC(37) Pause Young (Normal) (G1 Evacuation Pause) 239M->119M(512M) 210.100ms
[2025-04-22T12:47:20.976+0000][2866.386s] GC(37) User=0.28s Sys=0.07s Real=0.21s
[2025-04-22T12:47:25.597+0000][2871.008s] GC(38) Pause Young (Normal) (G1 Evacuation Pause)
[2025-04-22T12:47:25.597+0000][2871.008s] GC(38) Using 4 workers of 4 for evacuation
[2025-04-22T12:47:25.637+0000][2871.048s] GC(38)   Pre Evacuate Collection Set: 0.0ms
[2025-04-22T12:47:25.638+0000][2871.048s] GC(38)   Evacuate Collection Set: 38.8ms
[2025-04-22T12:47:25.638+0000][2871.048s] GC(38)   Post Evacuate Collection Set: 0.7ms
[2025-04-22T12:47:25.638+0000][2871.049s] GC(38)   Other: 0.7ms
[2025-04-22T12:47:25.638+0000][2871.049s] GC(38) Eden regions: 118->0(147)
[2025-04-22T12:47:25.638+0000][2871.049s] GC(38) Survivor regions: 11->12(17)
[2025-04-22T12:47:25.639+0000][2871.049s] GC(38) Old regions: 104->107
[2025-04-22T12:47:25.639+0000][2871.049s] GC(38) Humongous regions: 7->7
[2025-04-22T12:47:25.639+0000][2871.050s] GC(38) Metaspace: 58755K(60408K)->58755K(60408K) NonClass: 51943K(52992K)->51943K(52992K) Class: 6811K(7416K)->6811K(7416K)
[2025-04-22T12:47:25.639+0000][2871.050s] GC(38) Pause Young (Normal) (G1 Evacuation Pause) 237M->123M(512M) 42.088ms
[2025-04-22T12:47:25.639+0000][2871.050s] GC(38) User=0.06s Sys=0.00s Real=0.04s
[2025-04-22T12:47:32.612+0000][2878.023s] GC(39) Pause Young (Normal) (G1 Evacuation Pause)
[2025-04-22T12:47:32.613+0000][2878.023s] GC(39) Using 4 workers of 4 for evacuation
[2025-04-22T12:47:32.753+0000][2878.164s] GC(39)   Pre Evacuate Collection Set: 0.0ms
[2025-04-22T12:47:32.754+0000][2878.164s] GC(39)   Evacuate Collection Set: 130.7ms
[2025-04-22T12:47:32.754+0000][2878.165s] GC(39)   Post Evacuate Collection Set: 9.3ms
[2025-04-22T12:47:32.754+0000][2878.165s] GC(39)   Other: 0.9ms
[2025-04-22T12:47:32.754+0000][2878.165s] GC(39) Eden regions: 147->0(166)
[2025-04-22T12:47:32.755+0000][2878.165s] GC(39) Survivor regions: 12->10(20)
[2025-04-22T12:47:32.755+0000][2878.166s] GC(39) Old regions: 107->112
[2025-04-22T12:47:32.755+0000][2878.166s] GC(39) Humongous regions: 7->7
[2025-04-22T12:47:32.755+0000][2878.166s] GC(39) Metaspace: 59621K(61560K)->59621K(61560K) NonClass: 52702K(54016K)->52702K(54016K) Class: 6919K(7544K)->6919K(7544K)
[2025-04-22T12:47:32.756+0000][2878.166s] GC(39) Pause Young (Normal) (G1 Evacuation Pause) 270M->126M(512M) 143.254ms
[2025-04-22T12:47:32.756+0000][2878.167s] GC(39) User=0.27s Sys=0.01s Real=0.15s
[2025-04-22T12:47:34.864+0000][2880.274s] GC(40) Pause Young (Normal) (G1 Evacuation Pause)
[2025-04-22T12:47:34.864+0000][2880.275s] GC(40) Using 4 workers of 4 for evacuation
[2025-04-22T12:47:35.115+0000][2880.526s] GC(40) MMU target violated: 250.3ms (250.0ms/251.0ms)
[2025-04-22T12:47:35.124+0000][2880.535s] GC(40)   Pre Evacuate Collection Set: 0.0ms
[2025-04-22T12:47:35.125+0000][2880.535s] GC(40)   Evacuate Collection Set: 249.4ms
[2025-04-22T12:47:35.125+0000][2880.536s] GC(40)   Post Evacuate Collection Set: 0.7ms
[2025-04-22T12:47:35.126+0000][2880.537s] GC(40)   Other: 10.3ms
[2025-04-22T12:47:35.126+0000][2880.537s] GC(40) Eden regions: 166->0(144)
[2025-04-22T12:47:35.127+0000][2880.537s] GC(40) Survivor regions: 10->17(22)
[2025-04-22T12:47:35.127+0000][2880.538s] GC(40) Old regions: 112->112
[2025-04-22T12:47:35.127+0000][2880.538s] GC(40) Humongous regions: 7->7
[2025-04-22T12:47:35.127+0000][2880.538s] GC(40) Metaspace: 59622K(61560K)->59622K(61560K) NonClass: 52703K(54016K)->52703K(54016K) Class: 6919K(7544K)->6919K(7544K)
[2025-04-22T12:47:35.128+0000][2880.538s] GC(40) Pause Young (Normal) (G1 Evacuation Pause) 292M->133M(512M) 264.002ms
[2025-04-22T12:47:35.128+0000][2880.539s] GC(40) User=0.30s Sys=0.00s Real=0.26s
[2025-04-22T12:47:37.273+0000][2882.684s] GC(41) Pause Young (Normal) (G1 Evacuation Pause)
[2025-04-22T12:47:37.274+0000][2882.684s] GC(41) Using 4 workers of 4 for evacuation
[2025-04-22T12:47:37.341+0000][2882.752s] GC(41)   Pre Evacuate Collection Set: 0.0ms
[2025-04-22T12:47:37.342+0000][2882.752s] GC(41)   Evacuate Collection Set: 57.6ms
[2025-04-22T12:47:37.342+0000][2882.753s] GC(41)   Post Evacuate Collection Set: 8.0ms
[2025-04-22T12:47:37.342+0000][2882.753s] GC(41)   Other: 2.8ms
[2025-04-22T12:47:37.343+0000][2882.753s] GC(41) Eden regions: 144->0(157)
[2025-04-22T12:47:37.343+0000][2882.754s] GC(41) Survivor regions: 17->15(21)
[2025-04-22T12:47:37.343+0000][2882.754s] GC(41) Old regions: 112->119
[2025-04-22T12:47:37.343+0000][2882.754s] GC(41) Humongous regions: 7->7
[2025-04-22T12:47:37.344+0000][2882.754s] GC(41) Metaspace: 59628K(61560K)->59628K(61560K) NonClass: 52709K(54016K)->52709K(54016K) Class: 6919K(7544K)->6919K(7544K)
[2025-04-22T12:47:37.344+0000][2882.755s] GC(41) Pause Young (Normal) (G1 Evacuation Pause) 277M->138M(512M) 70.946ms
[2025-04-22T12:47:37.344+0000][2882.755s] GC(41) User=0.16s Sys=0.01s Real=0.08s
[2025-04-22T12:47:39.458+0000][2884.868s] GC(42) Pause Young (Normal) (G1 Evacuation Pause)
[2025-04-22T12:47:39.458+0000][2884.869s] GC(42) Using 4 workers of 4 for evacuation
[2025-04-22T12:47:39.505+0000][2884.916s] GC(42)   Pre Evacuate Collection Set: 0.0ms
[2025-04-22T12:47:39.506+0000][2884.916s] GC(42)   Evacuate Collection Set: 46.4ms
[2025-04-22T12:47:39.506+0000][2884.917s] GC(42)   Post Evacuate Collection Set: 0.4ms
[2025-04-22T12:47:39.506+0000][2884.917s] GC(42)   Other: 0.7ms
[2025-04-22T12:47:39.507+0000][2884.917s] GC(42) Eden regions: 157->0(197)
[2025-04-22T12:47:39.507+0000][2884.918s] GC(42) Survivor regions: 15->15(22)
[2025-04-22T12:47:39.507+0000][2884.918s] GC(42) Old regions: 119->124
[2025-04-22T12:47:39.507+0000][2884.918s] GC(42) Humongous regions: 7->7
[2025-04-22T12:47:39.508+0000][2884.918s] GC(42) Metaspace: 59629K(61560K)->59629K(61560K) NonClass: 52709K(54016K)->52709K(54016K) Class: 6919K(7544K)->6919K(7544K)
[2025-04-22T12:47:39.508+0000][2884.919s] GC(42) Pause Young (Normal) (G1 Evacuation Pause) 295M->144M(512M) 50.585ms
[2025-04-22T12:47:39.508+0000][2884.919s] GC(42) User=0.09s Sys=0.00s Real=0.05s
[2025-04-22T12:47:42.127+0000][2887.538s] GC(43) Pause Young (Normal) (G1 Evacuation Pause)
[2025-04-22T12:47:42.128+0000][2887.538s] GC(43) Using 4 workers of 4 for evacuation
[2025-04-22T12:47:42.398+0000][2887.808s] GC(43) MMU target violated: 251.0ms (250.0ms/251.0ms)
[2025-04-22T12:47:42.398+0000][2887.809s] GC(43)   Pre Evacuate Collection Set: 0.1ms
[2025-04-22T12:47:42.399+0000][2887.809s] GC(43)   Evacuate Collection Set: 267.4ms
[2025-04-22T12:47:42.399+0000][2887.810s] GC(43)   Post Evacuate Collection Set: 1.1ms
[2025-04-22T12:47:42.400+0000][2887.811s] GC(43)   Other: 2.7ms
[2025-04-22T12:47:42.400+0000][2887.811s] GC(43) Eden regions: 197->0(157)
[2025-04-22T12:47:42.400+0000][2887.811s] GC(43) Survivor regions: 15->17(27)
[2025-04-22T12:47:42.401+0000][2887.811s] GC(43) Old regions: 124->129
[2025-04-22T12:47:42.401+0000][2887.812s] GC(43) Humongous regions: 7->7
[2025-04-22T12:47:42.403+0000][2887.814s] GC(43) Metaspace: 59662K(61560K)->59662K(61560K) NonClass: 52742K(54016K)->52742K(54016K) Class: 6919K(7544K)->6919K(7544K)
[2025-04-22T12:47:42.404+0000][2887.815s] GC(43) Pause Young (Normal) (G1 Evacuation Pause) 341M->150M(512M) 276.870ms
[2025-04-22T12:47:42.405+0000][2887.815s] GC(43) User=0.65s Sys=0.00s Real=0.28s
[2025-04-22T12:47:45.480+0000][2890.905s] GC(44) Pause Young (Normal) (G1 Evacuation Pause)
[2025-04-22T12:47:45.489+0000][2890.914s] GC(44) Using 4 workers of 4 for evacuation
[2025-04-22T12:47:45.655+0000][2891.080s] GC(44)   Pre Evacuate Collection Set: 0.0ms
[2025-04-22T12:47:45.656+0000][2891.081s] GC(44)   Evacuate Collection Set: 158.6ms
[2025-04-22T12:47:45.657+0000][2891.082s] GC(44)   Post Evacuate Collection Set: 6.5ms
[2025-04-22T12:47:45.657+0000][2891.082s] GC(44)   Other: 9.7ms
[2025-04-22T12:47:45.658+0000][2891.083s] GC(44) Eden regions: 156->0(164)
[2025-04-22T12:47:45.659+0000][2891.084s] GC(44) Survivor regions: 17->18(22)
[2025-04-22T12:47:45.659+0000][2891.084s] GC(44) Old regions: 129->134
[2025-04-22T12:47:45.659+0000][2891.084s] GC(44) Humongous regions: 7->7
[2025-04-22T12:47:45.659+0000][2891.084s] GC(44) Metaspace: 59695K(61560K)->59695K(61560K) NonClass: 52775K(54016K)->52775K(54016K) Class: 6920K(7544K)->6920K(7544K)
[2025-04-22T12:47:45.660+0000][2891.084s] GC(44) Pause Young (Normal) (G1 Evacuation Pause) 306M->156M(512M) 179.423ms
[2025-04-22T12:47:45.660+0000][2891.085s] GC(44) User=0.31s Sys=0.03s Real=0.17s
[2025-04-22T12:47:50.800+0000][2896.225s] GC(45) Pause Young (Normal) (G1 Evacuation Pause)
[2025-04-22T12:47:50.809+0000][2896.234s] GC(45) Using 4 workers of 4 for evacuation
[2025-04-22T12:47:50.977+0000][2896.402s] GC(45)   Pre Evacuate Collection Set: 0.0ms
[2025-04-22T12:47:50.978+0000][2896.403s] GC(45)   Evacuate Collection Set: 163.2ms
[2025-04-22T12:47:50.979+0000][2896.404s] GC(45)   Post Evacuate Collection Set: 1.3ms
[2025-04-22T12:47:50.979+0000][2896.404s] GC(45)   Other: 11.7ms
[2025-04-22T12:47:50.979+0000][2896.404s] GC(45) Eden regions: 164->0(171)
[2025-04-22T12:47:50.979+0000][2896.404s] GC(45) Survivor regions: 18->21(23)
[2025-04-22T12:47:50.980+0000][2896.405s] GC(45) Old regions: 134->139
[2025-04-22T12:47:50.980+0000][2896.406s] GC(45) Humongous regions: 7->7
[2025-04-22T12:47:50.981+0000][2896.406s] GC(45) Metaspace: 59714K(61560K)->59714K(61560K) NonClass: 52794K(54016K)->52794K(54016K) Class: 6920K(7544K)->6920K(7544K)
[2025-04-22T12:47:50.982+0000][2896.407s] GC(45) Pause Young (Normal) (G1 Evacuation Pause) 320M->164M(512M) 181.324ms
[2025-04-22T12:47:50.982+0000][2896.407s] GC(45) User=0.19s Sys=0.00s Real=0.18s
[2025-04-22T12:47:54.586+0000][2900.011s] GC(46) Pause Young (Normal) (G1 Evacuation Pause)
[2025-04-22T12:47:54.593+0000][2900.018s] GC(46) Using 4 workers of 4 for evacuation
[2025-04-22T12:47:54.743+0000][2900.168s] GC(46)   Pre Evacuate Collection Set: 1.6ms
[2025-04-22T12:47:54.758+0000][2900.183s] GC(46)   Evacuate Collection Set: 146.3ms
[2025-04-22T12:47:54.772+0000][2900.197s] GC(46)   Post Evacuate Collection Set: 0.6ms
[2025-04-22T12:47:54.774+0000][2900.199s] GC(46)   Other: 8.8ms
[2025-04-22T12:47:54.806+0000][2900.230s] GC(46) Eden regions: 171->0(186)
[2025-04-22T12:47:54.811+0000][2900.236s] GC(46) Survivor regions: 21->15(24)
[2025-04-22T12:47:54.815+0000][2900.240s] GC(46) Old regions: 139->150
[2025-04-22T12:47:54.819+0000][2900.244s] GC(46) Humongous regions: 7->7
[2025-04-22T12:47:54.822+0000][2900.247s] GC(46) Metaspace: 59715K(61560K)->59715K(61560K) NonClass: 52795K(54016K)->52795K(54016K) Class: 6920K(7544K)->6920K(7544K)
[2025-04-22T12:47:54.823+0000][2900.248s] GC(46) Pause Young (Normal) (G1 Evacuation Pause) 335M->169M(512M) 237.187ms
[2025-04-22T12:47:54.824+0000][2900.249s] GC(46) User=0.23s Sys=0.05s Real=0.23s
[2025-04-22T12:48:00.143+0000][2905.568s] GC(47) Pause Young (Normal) (G1 Evacuation Pause)
[2025-04-22T12:48:00.158+0000][2905.582s] GC(47) Using 4 workers of 4 for evacuation
[2025-04-22T12:48:00.281+0000][2905.705s] GC(47)   Pre Evacuate Collection Set: 0.1ms
[2025-04-22T12:48:00.312+0000][2905.736s] GC(47)   Evacuate Collection Set: 112.1ms
[2025-04-22T12:48:00.312+0000][2905.737s] GC(47)   Post Evacuate Collection Set: 0.6ms
[2025-04-22T12:48:00.314+0000][2905.739s] GC(47)   Other: 24.9ms
[2025-04-22T12:48:00.315+0000][2905.739s] GC(47) Eden regions: 186->0(210)
[2025-04-22T12:48:00.320+0000][2905.745s] GC(47) Survivor regions: 15->20(26)
[2025-04-22T12:48:00.321+0000][2905.746s] GC(47) Old regions: 150->150
[2025-04-22T12:48:00.323+0000][2905.748s] GC(47) Humongous regions: 7->7
[2025-04-22T12:48:00.331+0000][2905.756s] GC(47) Metaspace: 59728K(61560K)->59728K(61560K) NonClass: 52808K(54016K)->52808K(54016K) Class: 6920K(7544K)->6920K(7544K)
[2025-04-22T12:48:00.338+0000][2905.763s] GC(47) Pause Young (Normal) (G1 Evacuation Pause) 355M->174M(512M) 195.507ms
[2025-04-22T12:48:00.363+0000][2905.788s] GC(47) User=0.23s Sys=0.05s Real=0.22s
[2025-04-22T12:48:09.459+0000][2914.884s] GC(48) Pause Young (Normal) (G1 Evacuation Pause)
[2025-04-22T12:48:09.465+0000][2914.890s] GC(48) Using 4 workers of 4 for evacuation
[2025-04-22T12:48:09.629+0000][2915.054s] GC(48)   Pre Evacuate Collection Set: 0.1ms
[2025-04-22T12:48:09.630+0000][2915.055s] GC(48)   Evacuate Collection Set: 146.2ms
[2025-04-22T12:48:09.630+0000][2915.055s] GC(48)   Post Evacuate Collection Set: 15.1ms
[2025-04-22T12:48:09.630+0000][2915.055s] GC(48)   Other: 9.3ms
[2025-04-22T12:48:09.630+0000][2915.055s] GC(48) Eden regions: 210->0(203)
[2025-04-22T12:48:09.631+0000][2915.056s] GC(48) Survivor regions: 20->7(29)
[2025-04-22T12:48:09.631+0000][2915.056s] GC(48) Old regions: 150->151
[2025-04-22T12:48:09.632+0000][2915.057s] GC(48) Humongous regions: 7->7
[2025-04-22T12:48:09.632+0000][2915.057s] GC(48) Metaspace: 59866K(61816K)->59866K(61816K) NonClass: 52944K(54272K)->52944K(54272K) Class: 6922K(7544K)->6922K(7544K)
[2025-04-22T12:48:09.632+0000][2915.057s] GC(48) Pause Young (Normal) (G1 Evacuation Pause) 384M->163M(512M) 173.482ms
[2025-04-22T12:48:09.633+0000][2915.058s] GC(48) User=0.23s Sys=0.03s Real=0.18s
[2025-04-22T12:48:13.416+0000][2918.847s] GC(49) Pause Young (Normal) (G1 Evacuation Pause)
[2025-04-22T12:48:13.429+0000][2918.859s] GC(49) Using 4 workers of 4 for evacuation
[2025-04-22T12:48:13.693+0000][2919.123s] GC(49)   Pre Evacuate Collection Set: 0.0ms
[2025-04-22T12:48:13.695+0000][2919.125s] GC(49)   Evacuate Collection Set: 153.5ms
[2025-04-22T12:48:13.696+0000][2919.126s] GC(49)   Post Evacuate Collection Set: 93.9ms
[2025-04-22T12:48:13.698+0000][2919.129s] GC(49)   Other: 29.1ms
[2025-04-22T12:48:13.701+0000][2919.131s] GC(49) Eden regions: 203->0(210)
[2025-04-22T12:48:13.710+0000][2919.140s] GC(49) Survivor regions: 7->14(27)
[2025-04-22T12:48:13.713+0000][2919.143s] GC(49) Old regions: 151->151
[2025-04-22T12:48:13.713+0000][2919.143s] GC(49) Humongous regions: 7->7
[2025-04-22T12:48:13.728+0000][2919.158s] GC(49) Metaspace: 59875K(61816K)->59875K(61816K) NonClass: 52953K(54272K)->52953K(54272K) Class: 6922K(7544K)->6922K(7544K)
[2025-04-22T12:48:13.730+0000][2919.160s] GC(49) Pause Young (Normal) (G1 Evacuation Pause) 366M->169M(512M) 313.424ms
[2025-04-22T12:48:13.730+0000][2919.161s] GC(49) User=0.38s Sys=0.04s Real=0.31s
[2025-04-22T12:48:19.218+0000][2924.648s] GC(50) Pause Young (Normal) (G1 Evacuation Pause)
[2025-04-22T12:48:19.219+0000][2924.649s] GC(50) Using 4 workers of 4 for evacuation
[2025-04-22T12:48:19.395+0000][2924.825s] GC(50)   Pre Evacuate Collection Set: 0.1ms
[2025-04-22T12:48:19.395+0000][2924.825s] GC(50)   Evacuate Collection Set: 175.3ms
[2025-04-22T12:48:19.396+0000][2924.826s] GC(50)   Post Evacuate Collection Set: 0.7ms
[2025-04-22T12:48:19.396+0000][2924.826s] GC(50)   Other: 0.9ms
[2025-04-22T12:48:19.396+0000][2924.826s] GC(50) Eden regions: 210->0(212)
[2025-04-22T12:48:19.396+0000][2924.826s] GC(50) Survivor regions: 14->22(28)
[2025-04-22T12:48:19.399+0000][2924.829s] GC(50) Old regions: 151->151
[2025-04-22T12:48:19.401+0000][2924.831s] GC(50) Humongous regions: 7->7
[2025-04-22T12:48:19.402+0000][2924.832s] GC(50) Metaspace: 59927K(61816K)->59927K(61816K) NonClass: 53005K(54272K)->53005K(54272K) Class: 6922K(7544K)->6922K(7544K)
[2025-04-22T12:48:19.402+0000][2924.832s] GC(50) Pause Young (Normal) (G1 Evacuation Pause) 379M->177M(512M) 183.921ms
[2025-04-22T12:48:19.403+0000][2924.833s] GC(50) User=0.33s Sys=0.05s Real=0.18s
[2025-04-22T12:48:21.411+0000][2926.842s] GC(51) Pause Young (Normal) (G1 Evacuation Pause)
[2025-04-22T12:48:21.412+0000][2926.842s] GC(51) Using 4 workers of 4 for evacuation
[2025-04-22T12:48:21.568+0000][2926.998s] GC(51)   Pre Evacuate Collection Set: 0.1ms
[2025-04-22T12:48:21.568+0000][2926.998s] GC(51)   Evacuate Collection Set: 151.8ms
[2025-04-22T12:48:21.569+0000][2926.999s] GC(51)   Post Evacuate Collection Set: 3.8ms
[2025-04-22T12:48:21.569+0000][2926.999s] GC(51)   Other: 0.9ms
[2025-04-22T12:48:21.569+0000][2926.999s] GC(51) Eden regions: 212->0(219)
[2025-04-22T12:48:21.569+0000][2927.000s] GC(51) Survivor regions: 22->19(30)
[2025-04-22T12:48:21.573+0000][2927.003s] GC(51) Old regions: 151->160
[2025-04-22T12:48:21.574+0000][2927.004s] GC(51) Humongous regions: 7->7
[2025-04-22T12:48:21.574+0000][2927.004s] GC(51) Metaspace: 59938K(61816K)->59938K(61816K) NonClass: 53016K(54272K)->53016K(54272K) Class: 6922K(7544K)->6922K(7544K)
[2025-04-22T12:48:21.575+0000][2927.005s] GC(51) Pause Young (Normal) (G1 Evacuation Pause) 389M->184M(512M) 163.203ms
[2025-04-22T12:48:21.575+0000][2927.005s] GC(51) User=0.19s Sys=0.00s Real=0.17s
[2025-04-22T12:48:23.994+0000][2929.424s] GC(52) Pause Young (Normal) (G1 Evacuation Pause)
[2025-04-22T12:48:23.994+0000][2929.424s] GC(52) Using 4 workers of 4 for evacuation
[2025-04-22T12:48:24.106+0000][2929.536s] GC(52)   Pre Evacuate Collection Set: 0.0ms
[2025-04-22T12:48:24.106+0000][2929.536s] GC(52)   Evacuate Collection Set: 109.6ms
[2025-04-22T12:48:24.106+0000][2929.536s] GC(52)   Post Evacuate Collection Set: 1.3ms
[2025-04-22T12:48:24.107+0000][2929.537s] GC(52)   Other: 0.6ms
[2025-04-22T12:48:24.107+0000][2929.537s] GC(52) Eden regions: 219->0(219)
[2025-04-22T12:48:24.107+0000][2929.537s] GC(52) Survivor regions: 19->21(30)
[2025-04-22T12:48:24.107+0000][2929.537s] GC(52) Old regions: 160->166
[2025-04-22T12:48:24.108+0000][2929.538s] GC(52) Humongous regions: 7->7
[2025-04-22T12:48:24.109+0000][2929.539s] GC(52) Metaspace: 59950K(61816K)->59950K(61816K) NonClass: 53028K(54272K)->53028K(54272K) Class: 6922K(7544K)->6922K(7544K)
[2025-04-22T12:48:24.110+0000][2929.541s] GC(52) Pause Young (Normal) (G1 Evacuation Pause) 403M->192M(512M) 116.490ms
[2025-04-22T12:48:24.111+0000][2929.541s] GC(52) User=0.17s Sys=0.00s Real=0.12s
[2025-04-22T12:48:27.082+0000][2932.512s] GC(53) Pause Young (Normal) (G1 Evacuation Pause)
[2025-04-22T12:48:27.086+0000][2932.516s] GC(53) Using 4 workers of 4 for evacuation
[2025-04-22T12:48:27.185+0000][2932.615s] GC(53)   Pre Evacuate Collection Set: 0.0ms
[2025-04-22T12:48:27.186+0000][2932.616s] GC(53)   Evacuate Collection Set: 97.8ms
[2025-04-22T12:48:27.186+0000][2932.617s] GC(53)   Post Evacuate Collection Set: 0.7ms
[2025-04-22T12:48:27.200+0000][2932.630s] GC(53)   Other: 4.4ms
[2025-04-22T12:48:27.210+0000][2932.640s] GC(53) Eden regions: 219->0(214)
[2025-04-22T12:48:27.211+0000][2932.641s] GC(53) Survivor regions: 21->24(30)
[2025-04-22T12:48:27.212+0000][2932.642s] GC(53) Old regions: 166->173
[2025-04-22T12:48:27.213+0000][2932.643s] GC(53) Humongous regions: 7->7
[2025-04-22T12:48:27.214+0000][2932.644s] GC(53) Metaspace: 59963K(61816K)->59963K(61816K) NonClass: 53040K(54272K)->53040K(54272K) Class: 6922K(7544K)->6922K(7544K)
[2025-04-22T12:48:27.214+0000][2932.644s] GC(53) Pause Young (Normal) (G1 Evacuation Pause) 411M->201M(512M) 131.912ms
[2025-04-22T12:48:27.215+0000][2932.645s] GC(53) User=0.25s Sys=0.02s Real=0.14s
[2025-04-22T12:48:30.860+0000][2936.290s] GC(54) Pause Young (Normal) (G1 Evacuation Pause)
[2025-04-22T12:48:30.876+0000][2936.306s] GC(54) Using 4 workers of 4 for evacuation
[2025-04-22T12:48:31.055+0000][2936.485s] GC(54)   Pre Evacuate Collection Set: 0.0ms
[2025-04-22T12:48:31.071+0000][2936.501s] GC(54)   Evacuate Collection Set: 176.9ms
[2025-04-22T12:48:31.072+0000][2936.502s] GC(54)   Post Evacuate Collection Set: 0.8ms
[2025-04-22T12:48:31.072+0000][2936.502s] GC(54)   Other: 17.5ms
[2025-04-22T12:48:31.073+0000][2936.503s] GC(54) Eden regions: 214->0(213)
[2025-04-22T12:48:31.073+0000][2936.503s] GC(54) Survivor regions: 24->17(30)
[2025-04-22T12:48:31.073+0000][2936.503s] GC(54) Old regions: 173->185
[2025-04-22T12:48:31.074+0000][2936.504s] GC(54) Humongous regions: 7->7
[2025-04-22T12:48:31.076+0000][2936.506s] GC(54) Metaspace: 59970K(61816K)->59970K(61816K) NonClass: 53047K(54272K)->53047K(54272K) Class: 6922K(7544K)->6922K(7544K)
[2025-04-22T12:48:31.077+0000][2936.507s] GC(54) Pause Young (Normal) (G1 Evacuation Pause) 415M->206M(512M) 216.877ms
[2025-04-22T12:48:31.077+0000][2936.507s] GC(54) User=0.37s Sys=0.05s Real=0.22s
[2025-04-22T12:48:40.091+0000][2945.521s] GC(55) Pause Young (Normal) (G1 Evacuation Pause)
[2025-04-22T12:48:40.158+0000][2945.588s] GC(55) Using 4 workers of 4 for evacuation
[2025-04-22T12:48:40.257+0000][2945.687s] GC(55)   Pre Evacuate Collection Set: 0.1ms
[2025-04-22T12:48:40.257+0000][2945.687s] GC(55)   Evacuate Collection Set: 74.0ms
[2025-04-22T12:48:40.259+0000][2945.689s] GC(55)   Post Evacuate Collection Set: 2.3ms
[2025-04-22T12:48:40.259+0000][2945.690s] GC(55)   Other: 89.4ms
[2025-04-22T12:48:40.260+0000][2945.690s] GC(55) Eden regions: 213->0(212)
[2025-04-22T12:48:40.260+0000][2945.690s] GC(55) Survivor regions: 17->22(29)
[2025-04-22T12:48:40.260+0000][2945.690s] GC(55) Old regions: 185->185
[2025-04-22T12:48:40.260+0000][2945.690s] GC(55) Humongous regions: 7->7
[2025-04-22T12:48:40.260+0000][2945.691s] GC(55) Metaspace: 60042K(61816K)->60042K(61816K) NonClass: 53119K(54272K)->53119K(54272K) Class: 6923K(7544K)->6923K(7544K)
[2025-04-22T12:48:40.261+0000][2945.691s] GC(55) Pause Young (Normal) (G1 Evacuation Pause) 419M->211M(512M) 169.869ms
[2025-04-22T12:48:40.261+0000][2945.691s] GC(55) User=0.22s Sys=0.03s Real=0.17s
[2025-04-22T12:48:44.840+0000][2950.274s] GC(56) Pause Young (Normal) (G1 Evacuation Pause)
[2025-04-22T12:48:44.840+0000][2950.274s] GC(56) Using 4 workers of 4 for evacuation
[2025-04-22T12:48:44.945+0000][2950.379s] GC(56)   Pre Evacuate Collection Set: 0.1ms
[2025-04-22T12:48:44.945+0000][2950.380s] GC(56)   Evacuate Collection Set: 103.1ms
[2025-04-22T12:48:44.946+0000][2950.380s] GC(56)   Post Evacuate Collection Set: 1.4ms
[2025-04-22T12:48:44.946+0000][2950.380s] GC(56)   Other: 0.9ms
[2025-04-22T12:48:44.946+0000][2950.381s] GC(56) Eden regions: 212->0(204)
[2025-04-22T12:48:44.947+0000][2950.381s] GC(56) Survivor regions: 22->17(30)
[2025-04-22T12:48:44.947+0000][2950.381s] GC(56) Old regions: 185->198
[2025-04-22T12:48:44.947+0000][2950.381s] GC(56) Humongous regions: 7->7
[2025-04-22T12:48:44.947+0000][2950.382s] GC(56) Metaspace: 60074K(61816K)->60074K(61816K) NonClass: 53151K(54272K)->53151K(54272K) Class: 6923K(7544K)->6923K(7544K)
[2025-04-22T12:48:44.948+0000][2950.382s] GC(56) Pause Young (Normal) (G1 Evacuation Pause) 423M->220M(512M) 108.061ms
[2025-04-22T12:48:44.948+0000][2950.382s] GC(56) User=0.21s Sys=0.01s Real=0.11s
[2025-04-22T12:48:47.336+0000][2952.770s] GC(57) Pause Young (Normal) (G1 Evacuation Pause)
[2025-04-22T12:48:47.339+0000][2952.774s] GC(57) Using 4 workers of 4 for evacuation
[2025-04-22T12:48:47.397+0000][2952.831s] GC(57)   Pre Evacuate Collection Set: 0.0ms
[2025-04-22T12:48:47.397+0000][2952.831s] GC(57)   Evacuate Collection Set: 52.4ms
[2025-04-22T12:48:47.397+0000][2952.832s] GC(57)   Post Evacuate Collection Set: 2.4ms
[2025-04-22T12:48:47.398+0000][2952.833s] GC(57)   Other: 5.7ms
[2025-04-22T12:48:47.399+0000][2952.833s] GC(57) Eden regions: 204->0(196)
[2025-04-22T12:48:47.405+0000][2952.840s] GC(57) Survivor regions: 17->20(28)
[2025-04-22T12:48:47.408+0000][2952.842s] GC(57) Old regions: 198->203
[2025-04-22T12:48:47.410+0000][2952.844s] GC(57) Humongous regions: 7->7
[2025-04-22T12:48:47.414+0000][2952.849s] GC(57) Metaspace: 60188K(62200K)->60188K(62200K) NonClass: 53248K(54528K)->53248K(54528K) Class: 6939K(7672K)->6939K(7672K)
[2025-04-22T12:48:47.420+0000][2952.854s] GC(57) Pause Young (Normal) (G1 Evacuation Pause) 424M->227M(512M) 83.961ms
[2025-04-22T12:48:47.427+0000][2952.861s] GC(57) User=0.11s Sys=0.00s Real=0.09s
[2025-04-22T12:48:49.780+0000][2955.214s] GC(58) Pause Young (Normal) (G1 Evacuation Pause)
[2025-04-22T12:48:49.780+0000][2955.215s] GC(58) Using 4 workers of 4 for evacuation
[2025-04-22T12:48:49.871+0000][2955.306s] GC(58)   Pre Evacuate Collection Set: 0.0ms
[2025-04-22T12:48:49.872+0000][2955.306s] GC(58)   Evacuate Collection Set: 77.4ms
[2025-04-22T12:48:49.873+0000][2955.307s] GC(58)   Post Evacuate Collection Set: 13.0ms
[2025-04-22T12:48:49.874+0000][2955.309s] GC(58)   Other: 0.8ms
[2025-04-22T12:48:49.875+0000][2955.310s] GC(58) Eden regions: 196->0(190)
[2025-04-22T12:48:49.877+0000][2955.311s] GC(58) Survivor regions: 20->19(27)
[2025-04-22T12:48:49.877+0000][2955.312s] GC(58) Old regions: 203->210
[2025-04-22T12:48:49.878+0000][2955.312s] GC(58) Humongous regions: 7->7
[2025-04-22T12:48:49.878+0000][2955.312s] GC(58) Metaspace: 60188K(62200K)->60188K(62200K) NonClass: 53249K(54528K)->53249K(54528K) Class: 6939K(7672K)->6939K(7672K)
[2025-04-22T12:48:49.882+0000][2955.317s] GC(58) Pause Young (Normal) (G1 Evacuation Pause) 423M->234M(512M) 102.293ms
[2025-04-22T12:48:49.883+0000][2955.317s] GC(58) User=0.11s Sys=0.02s Real=0.10s
[2025-04-22T12:48:52.732+0000][2958.166s] GC(59) Pause Young (Normal) (G1 Evacuation Pause)
[2025-04-22T12:48:52.733+0000][2958.168s] GC(59) Using 4 workers of 4 for evacuation
[2025-04-22T12:48:52.811+0000][2958.245s] GC(59)   Pre Evacuate Collection Set: 0.0ms
[2025-04-22T12:48:52.811+0000][2958.246s] GC(59)   Evacuate Collection Set: 64.6ms
[2025-04-22T12:48:52.812+0000][2958.246s] GC(59)   Post Evacuate Collection Set: 10.8ms
[2025-04-22T12:48:52.813+0000][2958.247s] GC(59)   Other: 3.5ms
[2025-04-22T12:48:52.813+0000][2958.247s] GC(59) Eden regions: 190->0(179)
[2025-04-22T12:48:52.813+0000][2958.248s] GC(59) Survivor regions: 19->23(27)
[2025-04-22T12:48:52.814+0000][2958.248s] GC(59) Old regions: 210->215
[2025-04-22T12:48:52.814+0000][2958.248s] GC(59) Humongous regions: 7->7
[2025-04-22T12:48:52.815+0000][2958.249s] GC(59) Metaspace: 60197K(62200K)->60197K(62200K) NonClass: 53258K(54528K)->53258K(54528K) Class: 6939K(7672K)->6939K(7672K)
[2025-04-22T12:48:52.815+0000][2958.249s] GC(59) Pause Young (Normal) (G1 Evacuation Pause) 424M->242M(512M) 83.006ms
[2025-04-22T12:48:52.815+0000][2958.250s] GC(59) User=0.10s Sys=0.00s Real=0.08s
[2025-04-22T12:48:55.971+0000][2961.405s] GC(60) Pause Young (Normal) (G1 Evacuation Pause)
[2025-04-22T12:48:55.974+0000][2961.408s] GC(60) Using 4 workers of 4 for evacuation
[2025-04-22T12:48:56.156+0000][2961.591s] GC(60)   Pre Evacuate Collection Set: 0.1ms
[2025-04-22T12:48:56.157+0000][2961.591s] GC(60)   Evacuate Collection Set: 180.2ms
[2025-04-22T12:48:56.157+0000][2961.591s] GC(60)   Post Evacuate Collection Set: 0.6ms
[2025-04-22T12:48:56.157+0000][2961.592s] GC(60)   Other: 5.0ms
[2025-04-22T12:48:56.157+0000][2961.592s] GC(60) Eden regions: 179->0(173)
[2025-04-22T12:48:56.158+0000][2961.592s] GC(60) Survivor regions: 23->11(26)
[2025-04-22T12:48:56.158+0000][2961.592s] GC(60) Old regions: 215->235
[2025-04-22T12:48:56.158+0000][2961.592s] GC(60) Humongous regions: 7->7
[2025-04-22T12:48:56.158+0000][2961.593s] GC(60) Metaspace: 60216K(62200K)->60216K(62200K) NonClass: 53277K(54528K)->53277K(54528K) Class: 6939K(7672K)->6939K(7672K)
[2025-04-22T12:48:56.159+0000][2961.593s] GC(60) Pause Young (Normal) (G1 Evacuation Pause) 421M->250M(512M) 187.976ms
[2025-04-22T12:48:56.159+0000][2961.594s] GC(60) User=0.35s Sys=0.07s Real=0.18s
[2025-04-22T12:48:59.001+0000][2964.435s] GC(61) Pause Young (Concurrent Start) (G1 Evacuation Pause)
[2025-04-22T12:48:59.001+0000][2964.436s] GC(61) Using 4 workers of 4 for evacuation
[2025-04-22T12:48:59.204+0000][2964.639s] GC(61)   Pre Evacuate Collection Set: 9.8ms
[2025-04-22T12:48:59.208+0000][2964.643s] GC(61)   Evacuate Collection Set: 154.1ms
[2025-04-22T12:48:59.211+0000][2964.645s] GC(61)   Post Evacuate Collection Set: 13.1ms
[2025-04-22T12:48:59.212+0000][2964.647s] GC(61)   Other: 26.4ms
[2025-04-22T12:48:59.214+0000][2964.648s] GC(61) Eden regions: 173->0(172)
[2025-04-22T12:48:59.215+0000][2964.650s] GC(61) Survivor regions: 11->14(23)
[2025-04-22T12:48:59.216+0000][2964.651s] GC(61) Old regions: 235->235
[2025-04-22T12:48:59.218+0000][2964.652s] GC(61) Humongous regions: 7->7
[2025-04-22T12:48:59.219+0000][2964.653s] GC(61) Metaspace: 60219K(62200K)->60219K(62200K) NonClass: 53280K(54528K)->53280K(54528K) Class: 6939K(7672K)->6939K(7672K)
[2025-04-22T12:48:59.223+0000][2964.657s] GC(61) Pause Young (Concurrent Start) (G1 Evacuation Pause) 423M->253M(512M) 222.073ms
[2025-04-22T12:48:59.224+0000][2964.658s] GC(61) User=0.28s Sys=0.06s Real=0.22s
[2025-04-22T12:48:59.245+0000][2964.679s] GC(62) Concurrent Cycle
[2025-04-22T12:48:59.250+0000][2964.684s] GC(62) Concurrent Clear Claimed Marks
[2025-04-22T12:48:59.251+0000][2964.685s] GC(62) Concurrent Clear Claimed Marks 1.248ms
[2025-04-22T12:48:59.251+0000][2964.686s] GC(62) Concurrent Scan Root Regions
[2025-04-22T12:48:59.449+0000][2964.883s] GC(62) Concurrent Scan Root Regions 197.565ms
[2025-04-22T12:48:59.466+0000][2964.900s] GC(62) Concurrent Mark (2964.900s)
[2025-04-22T12:48:59.538+0000][2964.973s] GC(62) Concurrent Mark From Roots
[2025-04-22T12:48:59.663+0000][2965.097s] GC(62) Using 1 workers of 1 for marking
[2025-04-22T12:49:02.153+0000][2967.587s] GC(62) Concurrent Mark From Roots 2614.298ms
[2025-04-22T12:49:02.153+0000][2967.587s] GC(62) Concurrent Preclean
[2025-04-22T12:49:02.155+0000][2967.589s] GC(62) Concurrent Preclean 1.579ms
[2025-04-22T12:49:02.155+0000][2967.589s] GC(62) Concurrent Mark (2964.900s, 2967.589s) 2688.970ms
[2025-04-22T12:49:02.164+0000][2967.599s] GC(62) Pause Remark
[2025-04-22T12:49:02.769+0000][2968.203s] GC(62) Cleaned string and symbol table, strings: 27639 processed, 529 removed, symbols: 150394 processed, 523 removed
[2025-04-22T12:49:02.784+0000][2968.218s] GC(62) MMU target violated: 251.0ms (250.0ms/251.0ms)
[2025-04-22T12:49:02.784+0000][2968.218s] GC(62) Pause Remark 403M->327M(512M) 619.621ms
[2025-04-22T12:49:02.784+0000][2968.219s] GC(62) User=1.15s Sys=0.09s Real=0.62s
[2025-04-22T12:49:02.785+0000][2968.219s] GC(62) Concurrent Rebuild Remembered Sets
[2025-04-22T12:49:02.999+0000][2968.433s] GC(62) Concurrent Rebuild Remembered Sets 213.997ms
[2025-04-22T12:49:02.999+0000][2968.434s] GC(62) Pause Cleanup
[2025-04-22T12:49:03.001+0000][2968.436s] GC(62) Pause Cleanup 333M->333M(512M) 1.863ms
[2025-04-22T12:49:03.002+0000][2968.436s] GC(62) User=0.00s Sys=0.00s Real=0.01s
[2025-04-22T12:49:03.003+0000][2968.437s] GC(62) Concurrent Cleanup for Next Mark
[2025-04-22T12:49:03.077+0000][2968.511s] GC(62) Concurrent Cleanup for Next Mark 73.768ms
[2025-04-22T12:49:03.077+0000][2968.511s] GC(62) Concurrent Cycle 3844.382ms
[2025-04-22T12:49:07.179+0000][2972.613s] GC(63) Pause Young (Prepare Mixed) (G1 Evacuation Pause)
[2025-04-22T12:49:07.194+0000][2972.628s] GC(63) Using 4 workers of 4 for evacuation
[2025-04-22T12:49:07.290+0000][2972.725s] GC(63)   Pre Evacuate Collection Set: 0.0ms
[2025-04-22T12:49:07.310+0000][2972.744s] GC(63)   Evacuate Collection Set: 75.8ms
[2025-04-22T12:49:07.310+0000][2972.745s] GC(63)   Post Evacuate Collection Set: 20.4ms
[2025-04-22T12:49:07.311+0000][2972.745s] GC(63)   Other: 15.1ms
[2025-04-22T12:49:07.312+0000][2972.747s] GC(63) Eden regions: 172->0(9)
[2025-04-22T12:49:07.313+0000][2972.747s] GC(63) Survivor regions: 14->16(24)
[2025-04-22T12:49:07.313+0000][2972.747s] GC(63) Old regions: 159->163
[2025-04-22T12:49:07.313+0000][2972.748s] GC(63) Humongous regions: 7->7
[2025-04-22T12:49:07.313+0000][2972.748s] GC(63) Metaspace: 60073K(62200K)->60073K(62200K) NonClass: 53196K(54528K)->53196K(54528K) Class: 6876K(7672K)->6876K(7672K)
[2025-04-22T12:49:07.314+0000][2972.748s] GC(63) Pause Young (Prepare Mixed) (G1 Evacuation Pause) 349M->183M(512M) 134.705ms
[2025-04-22T12:49:07.314+0000][2972.748s] GC(63) User=0.14s Sys=0.05s Real=0.14s
[2025-04-22T12:49:08.986+0000][2974.420s] GC(64) Pause Young (Mixed) (G1 Evacuation Pause)
[2025-04-22T12:49:08.986+0000][2974.420s] GC(64) Using 4 workers of 4 for evacuation
[2025-04-22T12:49:09.083+0000][2974.517s] GC(64)   Pre Evacuate Collection Set: 0.1ms
[2025-04-22T12:49:09.083+0000][2974.517s] GC(64)   Evacuate Collection Set: 94.4ms
[2025-04-22T12:49:09.083+0000][2974.518s] GC(64)   Post Evacuate Collection Set: 1.6ms
[2025-04-22T12:49:09.084+0000][2974.518s] GC(64)   Other: 1.0ms
[2025-04-22T12:49:09.084+0000][2974.518s] GC(64) Eden regions: 9->0(237)
[2025-04-22T12:49:09.084+0000][2974.519s] GC(64) Survivor regions: 16->2(4)
[2025-04-22T12:49:09.085+0000][2974.519s] GC(64) Old regions: 163->130
[2025-04-22T12:49:09.085+0000][2974.519s] GC(64) Humongous regions: 7->7
[2025-04-22T12:49:09.085+0000][2974.520s] GC(64) Metaspace: 60174K(62200K)->60174K(62200K) NonClass: 53280K(54528K)->53280K(54528K) Class: 6893K(7672K)->6893K(7672K)
[2025-04-22T12:49:09.086+0000][2974.520s] GC(64) Pause Young (Mixed) (G1 Evacuation Pause) 192M->136M(512M) 99.780ms
[2025-04-22T12:49:09.086+0000][2974.520s] GC(64) User=0.16s Sys=0.06s Real=0.11s
[2025-04-22T12:49:17.556+0000][2982.994s] GC(65) Pause Young (Normal) (G1 Evacuation Pause)
[2025-04-22T12:49:17.556+0000][2982.994s] GC(65) Using 4 workers of 4 for evacuation
[2025-04-22T12:49:17.571+0000][2983.009s] GC(65)   Pre Evacuate Collection Set: 0.0ms
[2025-04-22T12:49:17.571+0000][2983.009s] GC(65)   Evacuate Collection Set: 12.3ms
[2025-04-22T12:49:17.572+0000][2983.010s] GC(65)   Post Evacuate Collection Set: 1.1ms
[2025-04-22T12:49:17.572+0000][2983.010s] GC(65)   Other: 1.7ms
[2025-04-22T12:49:17.572+0000][2983.010s] GC(65) Eden regions: 237->0(248)
[2025-04-22T12:49:17.572+0000][2983.010s] GC(65) Survivor regions: 2->10(30)
[2025-04-22T12:49:17.572+0000][2983.010s] GC(65) Old regions: 130->130
[2025-04-22T12:49:17.573+0000][2983.011s] GC(65) Humongous regions: 7->7
[2025-04-22T12:49:17.573+0000][2983.011s] GC(65) Metaspace: 60274K(62456K)->60274K(62456K) NonClass: 53380K(54784K)->53380K(54784K) Class: 6893K(7672K)->6893K(7672K)
[2025-04-22T12:49:17.574+0000][2983.012s] GC(65) Pause Young (Normal) (G1 Evacuation Pause) 373M->144M(512M) 17.601ms
[2025-04-22T12:49:17.574+0000][2983.012s] GC(65) User=0.02s Sys=0.00s Real=0.02s
[2025-04-22T12:49:20.411+0000][2985.849s] GC(66) Pause Young (Normal) (G1 Evacuation Pause)
[2025-04-22T12:49:20.411+0000][2985.849s] GC(66) Using 4 workers of 4 for evacuation
[2025-04-22T12:49:20.508+0000][2985.946s] GC(66)   Pre Evacuate Collection Set: 0.0ms
[2025-04-22T12:49:20.508+0000][2985.946s] GC(66)   Evacuate Collection Set: 95.2ms
[2025-04-22T12:49:20.509+0000][2985.947s] GC(66)   Post Evacuate Collection Set: 0.8ms
[2025-04-22T12:49:20.509+0000][2985.947s] GC(66)   Other: 0.8ms
[2025-04-22T12:49:20.509+0000][2985.947s] GC(66) Eden regions: 248->0(245)
[2025-04-22T12:49:20.509+0000][2985.947s] GC(66) Survivor regions: 10->19(33)
[2025-04-22T12:49:20.510+0000][2985.948s] GC(66) Old regions: 130->130
[2025-04-22T12:49:20.510+0000][2985.948s] GC(66) Humongous regions: 7->7
[2025-04-22T12:49:20.510+0000][2985.948s] GC(66) Metaspace: 60275K(62456K)->60275K(62456K) NonClass: 53380K(54784K)->53380K(54784K) Class: 6894K(7672K)->6894K(7672K)
[2025-04-22T12:49:20.510+0000][2985.948s] GC(66) Pause Young (Normal) (G1 Evacuation Pause) 392M->153M(512M) 98.920ms
[2025-04-22T12:49:20.510+0000][2985.948s] GC(66) User=0.20s Sys=0.02s Real=0.10s
[2025-04-22T12:49:22.879+0000][2988.317s] GC(67) Pause Young (Normal) (G1 Evacuation Pause)
[2025-04-22T12:49:22.879+0000][2988.317s] GC(67) Using 4 workers of 4 for evacuation
[2025-04-22T12:49:22.970+0000][2988.408s] GC(67)   Pre Evacuate Collection Set: 0.1ms
[2025-04-22T12:49:22.970+0000][2988.408s] GC(67)   Evacuate Collection Set: 89.1ms
[2025-04-22T12:49:22.970+0000][2988.408s] GC(67)   Post Evacuate Collection Set: 1.2ms
[2025-04-22T12:49:22.971+0000][2988.409s] GC(67)   Other: 0.8ms
[2025-04-22T12:49:22.971+0000][2988.409s] GC(67) Eden regions: 245->0(243)
[2025-04-22T12:49:22.971+0000][2988.409s] GC(67) Survivor regions: 19->21(33)
[2025-04-22T12:49:22.971+0000][2988.409s] GC(67) Old regions: 130->136
[2025-04-22T12:49:22.972+0000][2988.410s] GC(67) Humongous regions: 7->7
[2025-04-22T12:49:22.972+0000][2988.410s] GC(67) Metaspace: 60341K(62456K)->60341K(62456K) NonClass: 53433K(54784K)->53433K(54784K) Class: 6907K(7672K)->6907K(7672K)
[2025-04-22T12:49:22.972+0000][2988.410s] GC(67) Pause Young (Normal) (G1 Evacuation Pause) 398M->162M(512M) 93.393ms
[2025-04-22T12:49:22.972+0000][2988.410s] GC(67) User=0.18s Sys=0.00s Real=0.09s
[2025-04-22T12:49:24.483+0000][2989.921s] GC(68) Pause Young (Normal) (G1 Evacuation Pause)
[2025-04-22T12:49:24.483+0000][2989.921s] GC(68) Using 4 workers of 4 for evacuation
[2025-04-22T12:49:24.564+0000][2990.002s] GC(68)   Pre Evacuate Collection Set: 0.0ms
[2025-04-22T12:49:24.564+0000][2990.002s] GC(68)   Evacuate Collection Set: 79.8ms
[2025-04-22T12:49:24.564+0000][2990.002s] GC(68)   Post Evacuate Collection Set: 0.5ms
[2025-04-22T12:49:24.565+0000][2990.003s] GC(68)   Other: 0.8ms
[2025-04-22T12:49:24.565+0000][2990.003s] GC(68) Eden regions: 243->0(235)
[2025-04-22T12:49:24.565+0000][2990.003s] GC(68) Survivor regions: 21->23(33)
[2025-04-22T12:49:24.565+0000][2990.003s] GC(68) Old regions: 136->143
[2025-04-22T12:49:24.565+0000][2990.003s] GC(68) Humongous regions: 7->7
[2025-04-22T12:49:24.566+0000][2990.004s] GC(68) Metaspace: 60341K(62456K)->60341K(62456K) NonClass: 53433K(54784K)->53433K(54784K) Class: 6907K(7672K)->6907K(7672K)
[2025-04-22T12:49:24.566+0000][2990.004s] GC(68) Pause Young (Normal) (G1 Evacuation Pause) 405M->170M(512M) 82.877ms
[2025-04-22T12:49:24.566+0000][2990.004s] GC(68) User=0.16s Sys=0.00s Real=0.08s
[2025-04-22T12:49:25.875+0000][2991.313s] GC(69) Pause Young (Normal) (G1 Evacuation Pause)
[2025-04-22T12:49:25.888+0000][2991.326s] GC(69) Using 4 workers of 4 for evacuation
[2025-04-22T12:49:26.001+0000][2991.439s] GC(69)   Pre Evacuate Collection Set: 0.0ms
[2025-04-22T12:49:26.001+0000][2991.439s] GC(69)   Evacuate Collection Set: 107.0ms
[2025-04-22T12:49:26.001+0000][2991.439s] GC(69)   Post Evacuate Collection Set: 0.6ms
[2025-04-22T12:49:26.002+0000][2991.440s] GC(69)   Other: 18.2ms
[2025-04-22T12:49:26.002+0000][2991.440s] GC(69) Eden regions: 235->0(226)
[2025-04-22T12:49:26.002+0000][2991.440s] GC(69) Survivor regions: 23->25(33)
[2025-04-22T12:49:26.002+0000][2991.440s] GC(69) Old regions: 143->149
[2025-04-22T12:49:26.002+0000][2991.440s] GC(69) Humongous regions: 9->9
[2025-04-22T12:49:26.002+0000][2991.440s] GC(69) Metaspace: 60341K(62456K)->60341K(62456K) NonClass: 53433K(54784K)->53433K(54784K) Class: 6907K(7672K)->6907K(7672K)
[2025-04-22T12:49:26.003+0000][2991.441s] GC(69) Pause Young (Normal) (G1 Evacuation Pause) 407M->181M(512M) 127.426ms
[2025-04-22T12:49:26.003+0000][2991.441s] GC(69) User=0.17s Sys=0.00s Real=0.13s
[2025-04-22T12:49:29.105+0000][2994.543s] GC(70) Pause Young (Normal) (G1 Evacuation Pause)
[2025-04-22T12:49:29.107+0000][2994.545s] GC(70) Using 4 workers of 4 for evacuation
[2025-04-22T12:49:29.169+0000][2994.607s] GC(70)   Pre Evacuate Collection Set: 0.0ms
[2025-04-22T12:49:29.171+0000][2994.609s] GC(70)   Evacuate Collection Set: 59.3ms
[2025-04-22T12:49:29.172+0000][2994.610s] GC(70)   Post Evacuate Collection Set: 2.4ms
[2025-04-22T12:49:29.173+0000][2994.611s] GC(70)   Other: 2.1ms
[2025-04-22T12:49:29.174+0000][2994.612s] GC(70) Eden regions: 226->0(223)
[2025-04-22T12:49:29.175+0000][2994.613s] GC(70) Survivor regions: 25->22(32)
[2025-04-22T12:49:29.175+0000][2994.613s] GC(70) Old regions: 149->158
[2025-04-22T12:49:29.176+0000][2994.614s] GC(70) Humongous regions: 9->9
[2025-04-22T12:49:29.176+0000][2994.614s] GC(70) Metaspace: 60349K(62456K)->60349K(62456K) NonClass: 53441K(54784K)->53441K(54784K) Class: 6907K(7672K)->6907K(7672K)
[2025-04-22T12:49:29.177+0000][2994.615s] GC(70) Pause Young (Normal) (G1 Evacuation Pause) 407M->186M(512M) 71.233ms
[2025-04-22T12:49:29.177+0000][2994.615s] GC(70) User=0.13s Sys=0.03s Real=0.08s
[2025-04-22T12:49:31.899+0000][2997.337s] GC(71) Pause Young (Normal) (G1 Evacuation Pause)
[2025-04-22T12:49:31.902+0000][2997.340s] GC(71) Using 4 workers of 4 for evacuation
[2025-04-22T12:49:31.950+0000][2997.388s] GC(71)   Pre Evacuate Collection Set: 0.0ms
[2025-04-22T12:49:31.950+0000][2997.388s] GC(71)   Evacuate Collection Set: 46.5ms
[2025-04-22T12:49:31.950+0000][2997.388s] GC(71)   Post Evacuate Collection Set: 0.7ms
[2025-04-22T12:49:31.951+0000][2997.389s] GC(71)   Other: 3.4ms
[2025-04-22T12:49:31.951+0000][2997.389s] GC(71) Eden regions: 223->0(222)
[2025-04-22T12:49:31.951+0000][2997.389s] GC(71) Survivor regions: 22->19(31)
[2025-04-22T12:49:31.952+0000][2997.390s] GC(71) Old regions: 158->167
[2025-04-22T12:49:31.952+0000][2997.390s] GC(71) Humongous regions: 9->9
[2025-04-22T12:49:31.952+0000][2997.390s] GC(71) Metaspace: 60380K(62456K)->60380K(62456K) NonClass: 53472K(54784K)->53472K(54784K) Class: 6907K(7672K)->6907K(7672K)
[2025-04-22T12:49:31.953+0000][2997.390s] GC(71) Pause Young (Normal) (G1 Evacuation Pause) 409M->193M(512M) 53.315ms
[2025-04-22T12:49:31.953+0000][2997.391s] GC(71) User=0.08s Sys=0.00s Real=0.06s
[2025-04-22T12:49:33.139+0000][2998.577s] GC(72) Pause Young (Normal) (G1 Evacuation Pause)
[2025-04-22T12:49:33.139+0000][2998.577s] GC(72) Using 4 workers of 4 for evacuation
[2025-04-22T12:49:33.169+0000][2998.607s] GC(72)   Pre Evacuate Collection Set: 0.0ms
[2025-04-22T12:49:33.170+0000][2998.608s] GC(72)   Evacuate Collection Set: 27.7ms
[2025-04-22T12:49:33.170+0000][2998.608s] GC(72)   Post Evacuate Collection Set: 2.3ms
[2025-04-22T12:49:33.170+0000][2998.608s] GC(72)   Other: 0.7ms
[2025-04-22T12:49:33.170+0000][2998.608s] GC(72) Eden regions: 222->0(215)
[2025-04-22T12:49:33.171+0000][2998.609s] GC(72) Survivor regions: 19->19(31)
[2025-04-22T12:49:33.171+0000][2998.609s] GC(72) Old regions: 167->177
[2025-04-22T12:49:33.171+0000][2998.609s] GC(72) Humongous regions: 9->9
[2025-04-22T12:49:33.172+0000][2998.610s] GC(72) Metaspace: 60380K(62456K)->60380K(62456K) NonClass: 53472K(54784K)->53472K(54784K) Class: 6907K(7672K)->6907K(7672K)
[2025-04-22T12:49:33.172+0000][2998.610s] GC(72) Pause Young (Normal) (G1 Evacuation Pause) 415M->202M(512M) 33.298ms
[2025-04-22T12:49:33.172+0000][2998.610s] GC(72) User=0.09s Sys=0.00s Real=0.03s
[2025-04-22T12:49:35.194+0000][3000.632s] GC(73) Pause Young (Normal) (G1 Evacuation Pause)
[2025-04-22T12:49:35.194+0000][3000.632s] GC(73) Using 4 workers of 4 for evacuation
[2025-04-22T12:49:35.248+0000][3000.686s] GC(73)   Pre Evacuate Collection Set: 0.0ms
[2025-04-22T12:49:35.252+0000][3000.690s] GC(73)   Evacuate Collection Set: 37.5ms
[2025-04-22T12:49:35.252+0000][3000.690s] GC(73)   Post Evacuate Collection Set: 15.7ms
[2025-04-22T12:49:35.252+0000][3000.690s] GC(73)   Other: 0.7ms
[2025-04-22T12:49:35.255+0000][3000.693s] GC(73) Eden regions: 215->0(210)
[2025-04-22T12:49:35.256+0000][3000.694s] GC(73) Survivor regions: 19->20(30)
[2025-04-22T12:49:35.260+0000][3000.698s] GC(73) Old regions: 177->183
[2025-04-22T12:49:35.260+0000][3000.698s] GC(73) Humongous regions: 9->9
[2025-04-22T12:49:35.261+0000][3000.699s] GC(73) Metaspace: 60380K(62456K)->60380K(62456K) NonClass: 53472K(54784K)->53472K(54784K) Class: 6907K(7672K)->6907K(7672K)
[2025-04-22T12:49:35.261+0000][3000.699s] GC(73) Pause Young (Normal) (G1 Evacuation Pause) 417M->209M(512M) 67.164ms
[2025-04-22T12:49:35.261+0000][3000.699s] GC(73) User=0.05s Sys=0.03s Real=0.07s
[2025-04-22T12:49:37.196+0000][3002.634s] GC(74) Pause Young (Normal) (G1 Evacuation Pause)
[2025-04-22T12:49:37.197+0000][3002.635s] GC(74) Using 4 workers of 4 for evacuation
[2025-04-22T12:49:37.260+0000][3002.698s] GC(74)   Pre Evacuate Collection Set: 0.2ms
[2025-04-22T12:49:37.260+0000][3002.698s] GC(74)   Evacuate Collection Set: 55.7ms
[2025-04-22T12:49:37.260+0000][3002.698s] GC(74)   Post Evacuate Collection Set: 0.7ms
[2025-04-22T12:49:37.261+0000][3002.699s] GC(74)   Other: 7.1ms
[2025-04-22T12:49:37.261+0000][3002.699s] GC(74) Eden regions: 210->0(201)
[2025-04-22T12:49:37.261+0000][3002.699s] GC(74) Survivor regions: 20->21(29)
[2025-04-22T12:49:37.261+0000][3002.699s] GC(74) Old regions: 183->190
[2025-04-22T12:49:37.261+0000][3002.699s] GC(74) Humongous regions: 9->9
[2025-04-22T12:49:37.261+0000][3002.699s] GC(74) Metaspace: 60380K(62456K)->60380K(62456K) NonClass: 53472K(54784K)->53472K(54784K) Class: 6907K(7672K)->6907K(7672K)
[2025-04-22T12:49:37.262+0000][3002.700s] GC(74) Pause Young (Normal) (G1 Evacuation Pause) 419M->217M(512M) 65.365ms
[2025-04-22T12:49:37.262+0000][3002.700s] GC(74) User=0.11s Sys=0.02s Real=0.07s
[2025-04-22T12:49:38.721+0000][3004.159s] GC(75) Pause Young (Normal) (G1 Evacuation Pause)
[2025-04-22T12:49:38.722+0000][3004.160s] GC(75) Using 4 workers of 4 for evacuation
[2025-04-22T12:49:38.757+0000][3004.195s] GC(75)   Pre Evacuate Collection Set: 0.0ms
[2025-04-22T12:49:38.758+0000][3004.196s] GC(75)   Evacuate Collection Set: 34.1ms
[2025-04-22T12:49:38.759+0000][3004.197s] GC(75)   Post Evacuate Collection Set: 0.7ms
[2025-04-22T12:49:38.759+0000][3004.197s] GC(75)   Other: 1.0ms
[2025-04-22T12:49:38.760+0000][3004.198s] GC(75) Eden regions: 201->0(194)
[2025-04-22T12:49:38.760+0000][3004.198s] GC(75) Survivor regions: 21->21(28)
[2025-04-22T12:49:38.760+0000][3004.198s] GC(75) Old regions: 190->195
[2025-04-22T12:49:38.760+0000][3004.198s] GC(75) Humongous regions: 11->11
[2025-04-22T12:49:38.761+0000][3004.199s] GC(75) Metaspace: 60380K(62456K)->60380K(62456K) NonClass: 53472K(54784K)->53472K(54784K) Class: 6907K(7672K)->6907K(7672K)
[2025-04-22T12:49:38.761+0000][3004.199s] GC(75) Pause Young (Normal) (G1 Evacuation Pause) 420M->225M(512M) 39.628ms
[2025-04-22T12:49:38.761+0000][3004.199s] GC(75) User=0.05s Sys=0.01s Real=0.04s
[2025-04-22T12:49:39.975+0000][3005.413s] GC(76) Pause Young (Normal) (G1 Evacuation Pause)
[2025-04-22T12:49:39.976+0000][3005.414s] GC(76) Using 4 workers of 4 for evacuation
[2025-04-22T12:49:39.997+0000][3005.435s] GC(76)   Pre Evacuate Collection Set: 0.0ms
[2025-04-22T12:49:39.997+0000][3005.435s] GC(76)   Evacuate Collection Set: 20.1ms
[2025-04-22T12:49:39.997+0000][3005.435s] GC(76)   Post Evacuate Collection Set: 0.5ms
[2025-04-22T12:49:39.998+0000][3005.436s] GC(76)   Other: 0.8ms
[2025-04-22T12:49:39.998+0000][3005.436s] GC(76) Eden regions: 194->0(186)
[2025-04-22T12:49:39.998+0000][3005.436s] GC(76) Survivor regions: 21->21(27)
[2025-04-22T12:49:39.999+0000][3005.437s] GC(76) Old regions: 195->203
[2025-04-22T12:49:39.999+0000][3005.437s] GC(76) Humongous regions: 11->11
[2025-04-22T12:49:39.999+0000][3005.437s] GC(76) Metaspace: 60380K(62456K)->60380K(62456K) NonClass: 53472K(54784K)->53472K(54784K) Class: 6907K(7672K)->6907K(7672K)
[2025-04-22T12:49:39.999+0000][3005.437s] GC(76) Pause Young (Normal) (G1 Evacuation Pause) 419M->233M(512M) 23.981ms
[2025-04-22T12:49:40.000+0000][3005.438s] GC(76) User=0.04s Sys=0.01s Real=0.03s
[2025-04-22T12:49:42.299+0000][3007.737s] GC(77) Pause Young (Normal) (G1 Evacuation Pause)
[2025-04-22T12:49:42.300+0000][3007.738s] GC(77) Using 4 workers of 4 for evacuation
[2025-04-22T12:49:42.336+0000][3007.774s] GC(77)   Pre Evacuate Collection Set: 0.0ms
[2025-04-22T12:49:42.337+0000][3007.775s] GC(77)   Evacuate Collection Set: 35.3ms
[2025-04-22T12:49:42.337+0000][3007.775s] GC(77)   Post Evacuate Collection Set: 1.0ms
[2025-04-22T12:49:42.337+0000][3007.775s] GC(77)   Other: 0.6ms
[2025-04-22T12:49:42.337+0000][3007.775s] GC(77) Eden regions: 186->0(184)
[2025-04-22T12:49:42.337+0000][3007.775s] GC(77) Survivor regions: 21->10(26)
[2025-04-22T12:49:42.338+0000][3007.776s] GC(77) Old regions: 203->219
[2025-04-22T12:49:42.338+0000][3007.776s] GC(77) Humongous regions: 11->11
[2025-04-22T12:49:42.338+0000][3007.776s] GC(77) Metaspace: 60384K(62456K)->60384K(62456K) NonClass: 53476K(54784K)->53476K(54784K) Class: 6907K(7672K)->6907K(7672K)
[2025-04-22T12:49:42.338+0000][3007.776s] GC(77) Pause Young (Normal) (G1 Evacuation Pause) 419M->238M(512M) 38.837ms
[2025-04-22T12:49:42.338+0000][3007.776s] GC(77) User=0.06s Sys=0.01s Real=0.04s
[2025-04-22T12:49:45.063+0000][3010.507s] GC(78) Pause Young (Normal) (G1 Evacuation Pause)
[2025-04-22T12:49:45.064+0000][3010.507s] GC(78) Using 4 workers of 4 for evacuation
[2025-04-22T12:49:45.083+0000][3010.526s] GC(78)   Pre Evacuate Collection Set: 0.0ms
[2025-04-22T12:49:45.083+0000][3010.526s] GC(78)   Evacuate Collection Set: 18.1ms
[2025-04-22T12:49:45.083+0000][3010.527s] GC(78)   Post Evacuate Collection Set: 0.7ms
[2025-04-22T12:49:45.084+0000][3010.527s] GC(78)   Other: 0.8ms
[2025-04-22T12:49:45.084+0000][3010.527s] GC(78) Eden regions: 184->0(185)
[2025-04-22T12:49:45.084+0000][3010.527s] GC(78) Survivor regions: 10->13(25)
[2025-04-22T12:49:45.084+0000][3010.528s] GC(78) Old regions: 219->219
[2025-04-22T12:49:45.085+0000][3010.528s] GC(78) Humongous regions: 11->11
[2025-04-22T12:49:45.085+0000][3010.528s] GC(78) Metaspace: 60407K(62456K)->60407K(62456K) NonClass: 53499K(54784K)->53499K(54784K) Class: 6907K(7672K)->6907K(7672K)
[2025-04-22T12:49:45.085+0000][3010.528s] GC(78) Pause Young (Normal) (G1 Evacuation Pause) 422M->241M(512M) 21.687ms
[2025-04-22T12:49:45.085+0000][3010.528s] GC(78) User=0.03s Sys=0.00s Real=0.02s
[2025-04-22T12:49:46.082+0000][3011.525s] GC(79) Pause Young (Normal) (G1 Evacuation Pause)
[2025-04-22T12:49:46.082+0000][3011.525s] GC(79) Using 4 workers of 4 for evacuation
[2025-04-22T12:49:46.101+0000][3011.544s] GC(79)   Pre Evacuate Collection Set: 0.0ms
[2025-04-22T12:49:46.101+0000][3011.544s] GC(79)   Evacuate Collection Set: 17.5ms
[2025-04-22T12:49:46.101+0000][3011.544s] GC(79)   Post Evacuate Collection Set: 0.7ms
[2025-04-22T12:49:46.101+0000][3011.544s] GC(79)   Other: 0.9ms
[2025-04-22T12:49:46.101+0000][3011.545s] GC(79) Eden regions: 185->0(179)
[2025-04-22T12:49:46.102+0000][3011.545s] GC(79) Survivor regions: 13->21(25)
[2025-04-22T12:49:46.102+0000][3011.545s] GC(79) Old regions: 219->219
[2025-04-22T12:49:46.102+0000][3011.545s] GC(79) Humongous regions: 11->11
[2025-04-22T12:49:46.103+0000][3011.546s] GC(79) Metaspace: 60408K(62456K)->60408K(62456K) NonClass: 53500K(54784K)->53500K(54784K) Class: 6907K(7672K)->6907K(7672K)
[2025-04-22T12:49:46.103+0000][3011.546s] GC(79) Pause Young (Normal) (G1 Evacuation Pause) 426M->248M(512M) 21.204ms
[2025-04-22T12:49:46.103+0000][3011.546s] GC(79) User=0.03s Sys=0.01s Real=0.02s
[2025-04-22T12:49:47.350+0000][3012.794s] GC(80) Pause Young (Normal) (G1 Evacuation Pause)
[2025-04-22T12:49:47.352+0000][3012.795s] GC(80) Using 4 workers of 4 for evacuation
[2025-04-22T12:49:47.378+0000][3012.821s] GC(80)   Pre Evacuate Collection Set: 0.0ms
[2025-04-22T12:49:47.378+0000][3012.821s] GC(80)   Evacuate Collection Set: 24.5ms
[2025-04-22T12:49:47.378+0000][3012.821s] GC(80)   Post Evacuate Collection Set: 0.6ms
[2025-04-22T12:49:47.378+0000][3012.821s] GC(80)   Other: 2.0ms
[2025-04-22T12:49:47.378+0000][3012.822s] GC(80) Eden regions: 179->0(172)
[2025-04-22T12:49:47.379+0000][3012.822s] GC(80) Survivor regions: 21->20(25)
[2025-04-22T12:49:47.379+0000][3012.822s] GC(80) Old regions: 219->227
[2025-04-22T12:49:47.379+0000][3012.822s] GC(80) Humongous regions: 11->11
[2025-04-22T12:49:47.379+0000][3012.822s] GC(80) Metaspace: 60408K(62456K)->60408K(62456K) NonClass: 53500K(54784K)->53500K(54784K) Class: 6907K(7672K)->6907K(7672K)
[2025-04-22T12:49:47.379+0000][3012.823s] GC(80) Pause Young (Normal) (G1 Evacuation Pause) 427M->255M(512M) 28.970ms
[2025-04-22T12:49:47.380+0000][3012.823s] GC(80) User=0.07s Sys=0.01s Real=0.03s
[2025-04-22T12:49:48.485+0000][3013.928s] GC(81) Pause Young (Concurrent Start) (G1 Evacuation Pause)
[2025-04-22T12:49:48.485+0000][3013.929s] GC(81) Using 4 workers of 4 for evacuation
[2025-04-22T12:49:48.506+0000][3013.949s] GC(81)   Pre Evacuate Collection Set: 0.1ms
[2025-04-22T12:49:48.506+0000][3013.949s] GC(81)   Evacuate Collection Set: 19.4ms
[2025-04-22T12:49:48.507+0000][3013.950s] GC(81)   Post Evacuate Collection Set: 0.5ms
[2025-04-22T12:49:48.507+0000][3013.950s] GC(81)   Other: 0.8ms
[2025-04-22T12:49:48.507+0000][3013.950s] GC(81) Eden regions: 172->0(167)
[2025-04-22T12:49:48.507+0000][3013.950s] GC(81) Survivor regions: 20->17(24)
[2025-04-22T12:49:48.507+0000][3013.951s] GC(81) Old regions: 227->235
[2025-04-22T12:49:48.508+0000][3013.951s] GC(81) Humongous regions: 11->11
[2025-04-22T12:49:48.508+0000][3013.951s] GC(81) Metaspace: 60408K(62456K)->60408K(62456K) NonClass: 53500K(54784K)->53500K(54784K) Class: 6907K(7672K)->6907K(7672K)
[2025-04-22T12:49:48.508+0000][3013.951s] GC(81) Pause Young (Concurrent Start) (G1 Evacuation Pause) 427M->261M(512M) 23.136ms
[2025-04-22T12:49:48.508+0000][3013.952s] GC(81) User=0.04s Sys=0.00s Real=0.02s
[2025-04-22T12:49:48.509+0000][3013.952s] GC(82) Concurrent Cycle
[2025-04-22T12:49:48.509+0000][3013.952s] GC(82) Concurrent Clear Claimed Marks
[2025-04-22T12:49:48.509+0000][3013.953s] GC(82) Concurrent Clear Claimed Marks 0.422ms
[2025-04-22T12:49:48.510+0000][3013.953s] GC(82) Concurrent Scan Root Regions
[2025-04-22T12:49:48.515+0000][3013.958s] GC(82) Concurrent Scan Root Regions 5.629ms
[2025-04-22T12:49:48.516+0000][3013.959s] GC(82) Concurrent Mark (3013.959s)
[2025-04-22T12:49:48.516+0000][3013.959s] GC(82) Concurrent Mark From Roots
[2025-04-22T12:49:48.516+0000][3013.959s] GC(82) Using 1 workers of 1 for marking
[2025-04-22T12:49:48.804+0000][3014.247s] GC(82) Concurrent Mark From Roots 287.966ms
[2025-04-22T12:49:48.804+0000][3014.247s] GC(82) Concurrent Preclean
[2025-04-22T12:49:48.805+0000][3014.248s] GC(82) Concurrent Preclean 0.472ms
[2025-04-22T12:49:48.805+0000][3014.248s] GC(82) Concurrent Mark (3013.959s, 3014.248s) 289.765ms
[2025-04-22T12:49:48.811+0000][3014.254s] GC(82) Pause Remark
[2025-04-22T12:49:48.841+0000][3014.284s] GC(82) Cleaned string and symbol table, strings: 27336 processed, 8 removed, symbols: 150189 processed, 97 removed
[2025-04-22T12:49:48.842+0000][3014.285s] GC(82) Pause Remark 308M->213M(512M) 31.014ms
[2025-04-22T12:49:48.842+0000][3014.285s] GC(82) User=0.05s Sys=0.00s Real=0.04s
[2025-04-22T12:49:48.842+0000][3014.285s] GC(82) Concurrent Rebuild Remembered Sets
[2025-04-22T12:49:49.046+0000][3014.489s] GC(82) Concurrent Rebuild Remembered Sets 203.434ms
[2025-04-22T12:49:49.061+0000][3014.505s] GC(82) Pause Cleanup
[2025-04-22T12:49:49.064+0000][3014.507s] GC(82) Pause Cleanup 239M->239M(512M) 2.800ms
[2025-04-22T12:49:49.065+0000][3014.508s] GC(82) User=0.00s Sys=0.00s Real=0.00s
[2025-04-22T12:49:49.065+0000][3014.508s] GC(82) Concurrent Cleanup for Next Mark
[2025-04-22T12:49:49.118+0000][3014.561s] GC(82) Concurrent Cleanup for Next Mark 52.415ms
[2025-04-22T12:49:49.118+0000][3014.561s] GC(82) Concurrent Cycle 609.270ms
[2025-04-22T12:49:49.674+0000][3015.117s] GC(83) Pause Young (Prepare Mixed) (G1 Evacuation Pause)
[2025-04-22T12:49:49.677+0000][3015.120s] GC(83) Using 4 workers of 4 for evacuation
[2025-04-22T12:49:49.707+0000][3015.150s] GC(83)   Pre Evacuate Collection Set: 0.0ms
[2025-04-22T12:49:49.708+0000][3015.151s] GC(83)   Evacuate Collection Set: 25.7ms
[2025-04-22T12:49:49.708+0000][3015.151s] GC(83)   Post Evacuate Collection Set: 0.6ms
[2025-04-22T12:49:49.708+0000][3015.151s] GC(83)   Other: 7.4ms
[2025-04-22T12:49:49.708+0000][3015.151s] GC(83) Eden regions: 167->0(9)
[2025-04-22T12:49:49.709+0000][3015.152s] GC(83) Survivor regions: 17->16(23)
[2025-04-22T12:49:49.709+0000][3015.152s] GC(83) Old regions: 144->151
[2025-04-22T12:49:49.709+0000][3015.152s] GC(83) Humongous regions: 7->7
[2025-04-22T12:49:49.709+0000][3015.152s] GC(83) Metaspace: 60408K(62456K)->60408K(62456K) NonClass: 53500K(54784K)->53500K(54784K) Class: 6907K(7672K)->6907K(7672K)
[2025-04-22T12:49:49.710+0000][3015.153s] GC(83) Pause Young (Prepare Mixed) (G1 Evacuation Pause) 333M->171M(512M) 35.877ms
[2025-04-22T12:49:49.710+0000][3015.153s] GC(83) User=0.05s Sys=0.00s Real=0.03s
[2025-04-22T12:49:49.761+0000][3015.204s] GC(84) Pause Young (Mixed) (G1 Evacuation Pause)
[2025-04-22T12:49:49.761+0000][3015.205s] GC(84) Using 4 workers of 4 for evacuation
[2025-04-22T12:49:49.806+0000][3015.249s] GC(84)   Pre Evacuate Collection Set: 0.1ms
[2025-04-22T12:49:49.806+0000][3015.249s] GC(84)   Evacuate Collection Set: 42.1ms
[2025-04-22T12:49:49.806+0000][3015.249s] GC(84)   Post Evacuate Collection Set: 1.7ms
[2025-04-22T12:49:49.807+0000][3015.250s] GC(84)   Other: 0.7ms
[2025-04-22T12:49:49.807+0000][3015.250s] GC(84) Eden regions: 9->0(23)
[2025-04-22T12:49:49.807+0000][3015.250s] GC(84) Survivor regions: 16->2(4)
[2025-04-22T12:49:49.807+0000][3015.251s] GC(84) Old regions: 151->113
[2025-04-22T12:49:49.808+0000][3015.251s] GC(84) Humongous regions: 7->7
[2025-04-22T12:49:49.808+0000][3015.251s] GC(84) Metaspace: 60408K(62456K)->60408K(62456K) NonClass: 53500K(54784K)->53500K(54784K) Class: 6907K(7672K)->6907K(7672K)
[2025-04-22T12:49:49.808+0000][3015.251s] GC(84) Pause Young (Mixed) (G1 Evacuation Pause) 180M->120M(512M) 47.025ms
[2025-04-22T12:49:49.808+0000][3015.252s] GC(84) User=0.08s Sys=0.00s Real=0.04s
[2025-04-22T12:49:49.911+0000][3015.354s] GC(85) Pause Young (Mixed) (G1 Evacuation Pause)
[2025-04-22T12:49:49.912+0000][3015.355s] GC(85) Using 4 workers of 4 for evacuation
[2025-04-22T12:49:49.932+0000][3015.375s] GC(85)   Pre Evacuate Collection Set: 0.1ms
[2025-04-22T12:49:49.932+0000][3015.375s] GC(85)   Evacuate Collection Set: 18.5ms
[2025-04-22T12:49:49.932+0000][3015.375s] GC(85)   Post Evacuate Collection Set: 0.5ms
[2025-04-22T12:49:49.933+0000][3015.376s] GC(85)   Other: 1.9ms
[2025-04-22T12:49:49.933+0000][3015.376s] GC(85) Eden regions: 23->0(255)
[2025-04-22T12:49:49.933+0000][3015.376s] GC(85) Survivor regions: 2->4(4)
[2025-04-22T12:49:49.933+0000][3015.376s] GC(85) Old regions: 113->108
[2025-04-22T12:49:49.933+0000][3015.377s] GC(85) Humongous regions: 7->7
[2025-04-22T12:49:49.934+0000][3015.377s] GC(85) Metaspace: 60408K(62456K)->60408K(62456K) NonClass: 53500K(54784K)->53500K(54784K) Class: 6907K(7672K)->6907K(7672K)
[2025-04-22T12:49:49.934+0000][3015.377s] GC(85) Pause Young (Mixed) (G1 Evacuation Pause) 143M->116M(512M) 23.347ms
[2025-04-22T12:49:49.935+0000][3015.378s] GC(85) User=0.03s Sys=0.01s Real=0.03s
[2025-04-22T12:49:51.421+0000][3016.865s] GC(86) Pause Young (Normal) (G1 Evacuation Pause)
[2025-04-22T12:49:51.422+0000][3016.865s] GC(86) Using 4 workers of 4 for evacuation
[2025-04-22T12:49:51.437+0000][3016.880s] GC(86)   Pre Evacuate Collection Set: 0.0ms
[2025-04-22T12:49:51.437+0000][3016.880s] GC(86)   Evacuate Collection Set: 13.6ms
[2025-04-22T12:49:51.438+0000][3016.881s] GC(86)   Post Evacuate Collection Set: 0.6ms
[2025-04-22T12:49:51.438+0000][3016.881s] GC(86)   Other: 1.2ms
[2025-04-22T12:49:51.438+0000][3016.881s] GC(86) Eden regions: 255->0(251)
[2025-04-22T12:49:51.438+0000][3016.882s] GC(86) Survivor regions: 4->19(33)
[2025-04-22T12:49:51.439+0000][3016.882s] GC(86) Old regions: 108->108
[2025-04-22T12:49:51.439+0000][3016.882s] GC(86) Humongous regions: 8->8
[2025-04-22T12:49:51.439+0000][3016.882s] GC(86) Metaspace: 60408K(62456K)->60408K(62456K) NonClass: 53501K(54784K)->53501K(54784K) Class: 6907K(7672K)->6907K(7672K)
[2025-04-22T12:49:51.440+0000][3016.883s] GC(86) Pause Young (Normal) (G1 Evacuation Pause) 372M->132M(512M) 18.130ms
[2025-04-22T12:49:51.440+0000][3016.883s] GC(86) User=0.03s Sys=0.00s Real=0.01s
[2025-04-22T12:49:52.823+0000][3018.266s] GC(87) Pause Young (Normal) (G1 Evacuation Pause)
[2025-04-22T12:49:52.825+0000][3018.268s] GC(87) Using 4 workers of 4 for evacuation
[2025-04-22T12:49:52.858+0000][3018.301s] GC(87)   Pre Evacuate Collection Set: 0.0ms
[2025-04-22T12:49:52.858+0000][3018.302s] GC(87)   Evacuate Collection Set: 30.0ms
[2025-04-22T12:49:52.859+0000][3018.302s] GC(87)   Post Evacuate Collection Set: 0.9ms
[2025-04-22T12:49:52.861+0000][3018.304s] GC(87)   Other: 3.8ms
[2025-04-22T12:49:52.861+0000][3018.305s] GC(87) Eden regions: 251->0(248)
[2025-04-22T12:49:52.862+0000][3018.305s] GC(87) Survivor regions: 19->25(34)
[2025-04-22T12:49:52.862+0000][3018.305s] GC(87) Old regions: 108->110
[2025-04-22T12:49:52.862+0000][3018.305s] GC(87) Humongous regions: 9->9
[2025-04-22T12:49:52.862+0000][3018.306s] GC(87) Metaspace: 60408K(62456K)->60408K(62456K) NonClass: 53501K(54784K)->53501K(54784K) Class: 6907K(7672K)->6907K(7672K)
[2025-04-22T12:49:52.863+0000][3018.306s] GC(87) Pause Young (Normal) (G1 Evacuation Pause) 384M->141M(512M) 39.413ms
[2025-04-22T12:49:52.863+0000][3018.306s] GC(87) User=0.08s Sys=0.00s Real=0.04s
[2025-04-22T12:49:57.348+0000][3022.791s] GC(88) Pause Young (Normal) (G1 Evacuation Pause)
[2025-04-22T12:49:57.348+0000][3022.791s] GC(88) Using 4 workers of 4 for evacuation
[2025-04-22T12:49:57.375+0000][3022.818s] GC(88)   Pre Evacuate Collection Set: 0.2ms
[2025-04-22T12:49:57.375+0000][3022.818s] GC(88)   Evacuate Collection Set: 23.0ms
[2025-04-22T12:49:57.375+0000][3022.819s] GC(88)   Post Evacuate Collection Set: 2.6ms
[2025-04-22T12:49:57.376+0000][3022.819s] GC(88)   Other: 1.0ms
[2025-04-22T12:49:57.376+0000][3022.819s] GC(88) Eden regions: 248->0(252)
[2025-04-22T12:49:57.377+0000][3022.820s] GC(88) Survivor regions: 25->20(35)
[2025-04-22T12:49:57.377+0000][3022.820s] GC(88) Old regions: 110->119
[2025-04-22T12:49:57.377+0000][3022.821s] GC(88) Humongous regions: 9->9
[2025-04-22T12:49:57.378+0000][3022.821s] GC(88) Metaspace: 60440K(62456K)->60440K(62456K) NonClass: 53532K(54784K)->53532K(54784K) Class: 6907K(7672K)->6907K(7672K)
[2025-04-22T12:49:57.378+0000][3022.821s] GC(88) Pause Young (Normal) (G1 Evacuation Pause) 389M->146M(512M) 30.186ms
[2025-04-22T12:49:57.379+0000][3022.822s] GC(88) User=0.04s Sys=0.00s Real=0.03s
[2025-04-22T12:49:58.732+0000][3024.175s] GC(89) Pause Young (Normal) (G1 Evacuation Pause)
[2025-04-22T12:49:58.732+0000][3024.175s] GC(89) Using 4 workers of 4 for evacuation
[2025-04-22T12:49:58.756+0000][3024.199s] GC(89)   Pre Evacuate Collection Set: 0.0ms
[2025-04-22T12:49:58.756+0000][3024.200s] GC(89)   Evacuate Collection Set: 22.6ms
[2025-04-22T12:49:58.757+0000][3024.200s] GC(89)   Post Evacuate Collection Set: 0.8ms
[2025-04-22T12:49:58.757+0000][3024.200s] GC(89)   Other: 0.7ms
[2025-04-22T12:49:58.757+0000][3024.200s] GC(89) Eden regions: 252->0(247)
[2025-04-22T12:49:58.757+0000][3024.200s] GC(89) Survivor regions: 20->22(34)
[2025-04-22T12:49:58.758+0000][3024.201s] GC(89) Old regions: 119->128
[2025-04-22T12:49:58.758+0000][3024.201s] GC(89) Humongous regions: 9->9
[2025-04-22T12:49:58.758+0000][3024.201s] GC(89) Metaspace: 60440K(62456K)->60440K(62456K) NonClass: 53532K(54784K)->53532K(54784K) Class: 6907K(7672K)->6907K(7672K)
[2025-04-22T12:49:58.758+0000][3024.201s] GC(89) Pause Young (Normal) (G1 Evacuation Pause) 398M->157M(512M) 26.323ms
[2025-04-22T12:49:58.758+0000][3024.202s] GC(89) User=0.05s Sys=0.00s Real=0.02s
[2025-04-22T12:50:00.198+0000][3025.641s] GC(90) Pause Young (Normal) (G1 Evacuation Pause)
[2025-04-22T12:50:00.199+0000][3025.642s] GC(90) Using 4 workers of 4 for evacuation
[2025-04-22T12:50:00.237+0000][3025.680s] GC(90)   Pre Evacuate Collection Set: 0.0ms
[2025-04-22T12:50:00.237+0000][3025.681s] GC(90)   Evacuate Collection Set: 37.4ms
[2025-04-22T12:50:00.238+0000][3025.681s] GC(90)   Post Evacuate Collection Set: 0.7ms
[2025-04-22T12:50:00.238+0000][3025.681s] GC(90)   Other: 0.8ms
[2025-04-22T12:50:00.238+0000][3025.681s] GC(90) Eden regions: 247->0(241)
[2025-04-22T12:50:00.238+0000][3025.681s] GC(90) Survivor regions: 22->22(34)
[2025-04-22T12:50:00.238+0000][3025.682s] GC(90) Old regions: 128->138
[2025-04-22T12:50:00.239+0000][3025.682s] GC(90) Humongous regions: 9->9
[2025-04-22T12:50:00.239+0000][3025.682s] GC(90) Metaspace: 60444K(62456K)->60444K(62456K) NonClass: 53536K(54784K)->53536K(54784K) Class: 6907K(7672K)->6907K(7672K)
[2025-04-22T12:50:00.239+0000][3025.682s] GC(90) Pause Young (Normal) (G1 Evacuation Pause) 404M->166M(512M) 40.695ms
[2025-04-22T12:50:00.239+0000][3025.682s] GC(90) User=0.05s Sys=0.01s Real=0.04s
[2025-04-22T12:50:01.707+0000][3027.150s] GC(91) Pause Young (Normal) (G1 Evacuation Pause)
[2025-04-22T12:50:01.708+0000][3027.151s] GC(91) Using 4 workers of 4 for evacuation
[2025-04-22T12:50:01.722+0000][3027.165s] GC(91)   Pre Evacuate Collection Set: 0.0ms
[2025-04-22T12:50:01.723+0000][3027.166s] GC(91)   Evacuate Collection Set: 13.9ms
[2025-04-22T12:50:01.723+0000][3027.166s] GC(91)   Post Evacuate Collection Set: 0.5ms
[2025-04-22T12:50:01.723+0000][3027.166s] GC(91)   Other: 0.7ms
[2025-04-22T12:50:01.723+0000][3027.167s] GC(91) Eden regions: 241->0(238)
[2025-04-22T12:50:01.724+0000][3027.167s] GC(91) Survivor regions: 22->22(33)
[2025-04-22T12:50:01.724+0000][3027.167s] GC(91) Old regions: 138->145
[2025-04-22T12:50:01.724+0000][3027.167s] GC(91) Humongous regions: 9->9
[2025-04-22T12:50:01.724+0000][3027.168s] GC(91) Metaspace: 60444K(62456K)->60444K(62456K) NonClass: 53536K(54784K)->53536K(54784K) Class: 6907K(7672K)->6907K(7672K)
[2025-04-22T12:50:01.725+0000][3027.168s] GC(91) Pause Young (Normal) (G1 Evacuation Pause) 407M->173M(512M) 17.383ms
[2025-04-22T12:50:01.725+0000][3027.168s] GC(91) User=0.04s Sys=0.00s Real=0.02s
[2025-04-22T12:50:03.072+0000][3028.515s] GC(92) Pause Young (Normal) (G1 Evacuation Pause)
[2025-04-22T12:50:03.072+0000][3028.515s] GC(92) Using 4 workers of 4 for evacuation
[2025-04-22T12:50:03.106+0000][3028.549s] GC(92)   Pre Evacuate Collection Set: 0.0ms
[2025-04-22T12:50:03.106+0000][3028.549s] GC(92)   Evacuate Collection Set: 30.9ms
[2025-04-22T12:50:03.106+0000][3028.549s] GC(92)   Post Evacuate Collection Set: 2.2ms
[2025-04-22T12:50:03.107+0000][3028.550s] GC(92)   Other: 0.8ms
[2025-04-22T12:50:03.107+0000][3028.550s] GC(92) Eden regions: 238->0(229)
[2025-04-22T12:50:03.108+0000][3028.551s] GC(92) Survivor regions: 22->23(33)
[2025-04-22T12:50:03.108+0000][3028.551s] GC(92) Old regions: 145->152
[2025-04-22T12:50:03.108+0000][3028.551s] GC(92) Humongous regions: 10->10
[2025-04-22T12:50:03.108+0000][3028.551s] GC(92) Metaspace: 60444K(62456K)->60444K(62456K) NonClass: 53536K(54784K)->53536K(54784K) Class: 6907K(7672K)->6907K(7672K)
[2025-04-22T12:50:03.109+0000][3028.552s] GC(92) Pause Young (Normal) (G1 Evacuation Pause) 412M->182M(512M) 36.812ms
[2025-04-22T12:50:03.109+0000][3028.552s] GC(92) User=0.06s Sys=0.00s Real=0.03s
[2025-04-22T12:50:04.423+0000][3029.866s] GC(93) Pause Young (Normal) (G1 Evacuation Pause)
[2025-04-22T12:50:04.423+0000][3029.867s] GC(93) Using 4 workers of 4 for evacuation
[2025-04-22T12:50:04.454+0000][3029.897s] GC(93)   Pre Evacuate Collection Set: 0.0ms
[2025-04-22T12:50:04.455+0000][3029.898s] GC(93)   Evacuate Collection Set: 29.7ms
[2025-04-22T12:50:04.455+0000][3029.898s] GC(93)   Post Evacuate Collection Set: 0.5ms
[2025-04-22T12:50:04.455+0000][3029.898s] GC(93)   Other: 0.8ms
[2025-04-22T12:50:04.455+0000][3029.898s] GC(93) Eden regions: 229->0(223)
[2025-04-22T12:50:04.455+0000][3029.899s] GC(93) Survivor regions: 23->24(32)
[2025-04-22T12:50:04.456+0000][3029.899s] GC(93) Old regions: 152->158
[2025-04-22T12:50:04.456+0000][3029.899s] GC(93) Humongous regions: 11->11
[2025-04-22T12:50:04.456+0000][3029.899s] GC(93) Metaspace: 60444K(62456K)->60444K(62456K) NonClass: 53536K(54784K)->53536K(54784K) Class: 6907K(7672K)->6907K(7672K)
[2025-04-22T12:50:04.456+0000][3029.899s] GC(93) Pause Young (Normal) (G1 Evacuation Pause) 412M->190M(512M) 33.082ms
[2025-04-22T12:50:04.456+0000][3029.900s] GC(93) User=0.07s Sys=0.00s Real=0.03s
[2025-04-22T12:50:07.253+0000][3032.696s] GC(94) Pause Young (Normal) (G1 Evacuation Pause)
[2025-04-22T12:50:07.253+0000][3032.696s] GC(94) Using 4 workers of 4 for evacuation
[2025-04-22T12:50:07.280+0000][3032.723s] GC(94)   Pre Evacuate Collection Set: 0.0ms
[2025-04-22T12:50:07.280+0000][3032.723s] GC(94)   Evacuate Collection Set: 22.7ms
[2025-04-22T12:50:07.280+0000][3032.723s] GC(94)   Post Evacuate Collection Set: 0.6ms
[2025-04-22T12:50:07.280+0000][3032.724s] GC(94)   Other: 3.6ms
[2025-04-22T12:50:07.281+0000][3032.724s] GC(94) Eden regions: 223->0(221)
[2025-04-22T12:50:07.281+0000][3032.724s] GC(94) Survivor regions: 24->21(31)
[2025-04-22T12:50:07.281+0000][3032.724s] GC(94) Old regions: 158->166
[2025-04-22T12:50:07.281+0000][3032.724s] GC(94) Humongous regions: 11->11
[2025-04-22T12:50:07.282+0000][3032.725s] GC(94) Metaspace: 60446K(62456K)->60446K(62456K) NonClass: 53538K(54784K)->53538K(54784K) Class: 6907K(7672K)->6907K(7672K)
[2025-04-22T12:50:07.282+0000][3032.725s] GC(94) Pause Young (Normal) (G1 Evacuation Pause) 413M->195M(512M) 28.841ms
[2025-04-22T12:50:07.282+0000][3032.725s] GC(94) User=0.06s Sys=0.00s Real=0.03s
[2025-04-22T12:50:09.675+0000][3035.118s] GC(95) Pause Young (Normal) (G1 Evacuation Pause)
[2025-04-22T12:50:09.675+0000][3035.118s] GC(95) Using 4 workers of 4 for evacuation
[2025-04-22T12:50:09.698+0000][3035.141s] GC(95)   Pre Evacuate Collection Set: 0.0ms
[2025-04-22T12:50:09.698+0000][3035.142s] GC(95)   Evacuate Collection Set: 21.6ms
[2025-04-22T12:50:09.699+0000][3035.142s] GC(95)   Post Evacuate Collection Set: 0.8ms
[2025-04-22T12:50:09.699+0000][3035.142s] GC(95)   Other: 1.1ms
[2025-04-22T12:50:09.699+0000][3035.142s] GC(95) Eden regions: 221->0(219)
[2025-04-22T12:50:09.699+0000][3035.142s] GC(95) Survivor regions: 21->17(31)
[2025-04-22T12:50:09.700+0000][3035.143s] GC(95) Old regions: 166->176
[2025-04-22T12:50:09.700+0000][3035.143s] GC(95) Humongous regions: 11->11
[2025-04-22T12:50:09.700+0000][3035.143s] GC(95) Metaspace: 60494K(62712K)->60494K(62712K) NonClass: 53585K(55040K)->53585K(55040K) Class: 6908K(7672K)->6908K(7672K)
[2025-04-22T12:50:09.700+0000][3035.143s] GC(95) Pause Young (Normal) (G1 Evacuation Pause) 416M->201M(512M) 25.613ms
[2025-04-22T12:50:09.701+0000][3035.144s] GC(95) User=0.05s Sys=0.00s Real=0.02s
[2025-04-22T12:50:10.641+0000][3036.084s] GC(96) Pause Young (Normal) (G1 Evacuation Pause)
[2025-04-22T12:50:10.642+0000][3036.085s] GC(96) Using 4 workers of 4 for evacuation
[2025-04-22T12:50:10.670+0000][3036.113s] GC(96)   Pre Evacuate Collection Set: 0.0ms
[2025-04-22T12:50:10.671+0000][3036.114s] GC(96)   Evacuate Collection Set: 27.1ms
[2025-04-22T12:50:10.671+0000][3036.114s] GC(96)   Post Evacuate Collection Set: 0.7ms
[2025-04-22T12:50:10.671+0000][3036.115s] GC(96)   Other: 1.0ms
[2025-04-22T12:50:10.672+0000][3036.115s] GC(96) Eden regions: 219->0(217)
[2025-04-22T12:50:10.672+0000][3036.115s] GC(96) Survivor regions: 17->22(30)
[2025-04-22T12:50:10.672+0000][3036.115s] GC(96) Old regions: 176->176
[2025-04-22T12:50:10.673+0000][3036.116s] GC(96) Humongous regions: 11->11
[2025-04-22T12:50:10.673+0000][3036.116s] GC(96) Metaspace: 60494K(62712K)->60494K(62712K) NonClass: 53585K(55040K)->53585K(55040K) Class: 6908K(7672K)->6908K(7672K)
[2025-04-22T12:50:10.674+0000][3036.117s] GC(96) Pause Young (Normal) (G1 Evacuation Pause) 420M->207M(512M) 32.324ms
[2025-04-22T12:50:10.674+0000][3036.117s] GC(96) User=0.05s Sys=0.01s Real=0.03s
[2025-04-22T12:50:11.708+0000][3037.151s] GC(97) Pause Young (Normal) (G1 Evacuation Pause)
[2025-04-22T12:50:11.709+0000][3037.153s] GC(97) Using 4 workers of 4 for evacuation
[2025-04-22T12:50:11.772+0000][3037.215s] GC(97)   Pre Evacuate Collection Set: 0.0ms
[2025-04-22T12:50:11.772+0000][3037.215s] GC(97)   Evacuate Collection Set: 57.3ms
[2025-04-22T12:50:11.772+0000][3037.216s] GC(97)   Post Evacuate Collection Set: 4.3ms
[2025-04-22T12:50:11.773+0000][3037.216s] GC(97)   Other: 1.6ms
[2025-04-22T12:50:11.773+0000][3037.216s] GC(97) Eden regions: 217->0(206)
[2025-04-22T12:50:11.774+0000][3037.217s] GC(97) Survivor regions: 22->24(30)
[2025-04-22T12:50:11.774+0000][3037.217s] GC(97) Old regions: 176->184
[2025-04-22T12:50:11.774+0000][3037.218s] GC(97) Humongous regions: 11->11
[2025-04-22T12:50:11.775+0000][3037.218s] GC(97) Metaspace: 60494K(62712K)->60494K(62712K) NonClass: 53585K(55040K)->53585K(55040K) Class: 6908K(7672K)->6908K(7672K)
[2025-04-22T12:50:11.776+0000][3037.219s] GC(97) Pause Young (Normal) (G1 Evacuation Pause) 424M->216M(512M) 67.212ms
[2025-04-22T12:50:11.776+0000][3037.219s] GC(97) User=0.11s Sys=0.01s Real=0.07s
[2025-04-22T12:50:12.801+0000][3038.245s] GC(98) Pause Young (Normal) (G1 Evacuation Pause)
[2025-04-22T12:50:12.802+0000][3038.245s] GC(98) Using 4 workers of 4 for evacuation
[2025-04-22T12:50:12.828+0000][3038.271s] GC(98)   Pre Evacuate Collection Set: 0.0ms
[2025-04-22T12:50:12.828+0000][3038.271s] GC(98)   Evacuate Collection Set: 24.6ms
[2025-04-22T12:50:12.828+0000][3038.271s] GC(98)   Post Evacuate Collection Set: 0.6ms
[2025-04-22T12:50:12.828+0000][3038.271s] GC(98)   Other: 1.0ms
[2025-04-22T12:50:12.829+0000][3038.272s] GC(98) Eden regions: 206->0(200)
[2025-04-22T12:50:12.829+0000][3038.272s] GC(98) Survivor regions: 24->21(29)
[2025-04-22T12:50:12.829+0000][3038.272s] GC(98) Old regions: 184->193
[2025-04-22T12:50:12.829+0000][3038.272s] GC(98) Humongous regions: 11->11
[2025-04-22T12:50:12.829+0000][3038.273s] GC(98) Metaspace: 60494K(62712K)->60494K(62712K) NonClass: 53585K(55040K)->53585K(55040K) Class: 6908K(7672K)->6908K(7672K)
[2025-04-22T12:50:12.830+0000][3038.273s] GC(98) Pause Young (Normal) (G1 Evacuation Pause) 422M->223M(512M) 28.260ms
[2025-04-22T12:50:12.830+0000][3038.273s] GC(98) User=0.05s Sys=0.00s Real=0.02s
[2025-04-22T12:50:13.884+0000][3039.330s] GC(99) Pause Young (Normal) (G1 Evacuation Pause)
[2025-04-22T12:50:13.884+0000][3039.331s] GC(99) Using 4 workers of 4 for evacuation
[2025-04-22T12:50:13.912+0000][3039.358s] GC(99)   Pre Evacuate Collection Set: 0.0ms
[2025-04-22T12:50:13.912+0000][3039.358s] GC(99)   Evacuate Collection Set: 26.4ms
[2025-04-22T12:50:13.912+0000][3039.358s] GC(99)   Post Evacuate Collection Set: 0.5ms
[2025-04-22T12:50:13.913+0000][3039.359s] GC(99)   Other: 0.7ms
[2025-04-22T12:50:13.913+0000][3039.359s] GC(99) Eden regions: 200->0(195)
[2025-04-22T12:50:13.913+0000][3039.359s] GC(99) Survivor regions: 21->18(28)
[2025-04-22T12:50:13.913+0000][3039.359s] GC(99) Old regions: 193->201
[2025-04-22T12:50:13.914+0000][3039.360s] GC(99) Humongous regions: 11->11
[2025-04-22T12:50:13.914+0000][3039.360s] GC(99) Metaspace: 60495K(62712K)->60495K(62712K) NonClass: 53586K(55040K)->53586K(55040K) Class: 6908K(7672K)->6908K(7672K)
[2025-04-22T12:50:13.914+0000][3039.360s] GC(99) Pause Young (Normal) (G1 Evacuation Pause) 423M->228M(512M) 29.909ms
[2025-04-22T12:50:13.914+0000][3039.360s] GC(99) User=0.08s Sys=0.00s Real=0.03s
[2025-04-22T13:07:07.519+0000][4053.080s] GC(100) Pause Young (Normal) (G1 Evacuation Pause)
[2025-04-22T13:07:07.521+0000][4053.083s] GC(100) Using 4 workers of 4 for evacuation
[2025-04-22T13:07:08.039+0000][4053.600s] GC(100) MMU target violated: 251.0ms (250.0ms/251.0ms)
[2025-04-22T13:07:08.040+0000][4053.601s] GC(100)   Pre Evacuate Collection Set: 68.6ms
[2025-04-22T13:07:08.040+0000][4053.601s] GC(100)   Evacuate Collection Set: 417.8ms
[2025-04-22T13:07:08.040+0000][4053.601s] GC(100)   Post Evacuate Collection Set: 18.3ms
[2025-04-22T13:07:08.040+0000][4053.602s] GC(100)   Other: 17.1ms
[2025-04-22T13:07:08.040+0000][4053.602s] GC(100) Eden regions: 195->0(173)
[2025-04-22T13:07:08.041+0000][4053.602s] GC(100) Survivor regions: 18->14(27)
[2025-04-22T13:07:08.041+0000][4053.602s] GC(100) Old regions: 201->207
[2025-04-22T13:07:08.045+0000][4053.606s] GC(100) Humongous regions: 11->11
[2025-04-22T13:07:08.045+0000][4053.607s] GC(100) Metaspace: 62445K(64376K)->62445K(64376K) NonClass: 55363K(56576K)->55363K(56576K) Class: 7081K(7800K)->7081K(7800K)
[2025-04-22T13:07:08.046+0000][4053.608s] GC(100) Pause Young (Normal) (G1 Evacuation Pause) 423M->229M(512M) 527.317ms
[2025-04-22T13:07:08.047+0000][4053.608s] GC(100) User=1.78s Sys=0.00s Real=0.53s
