[2025-04-22T11:59:34.943+0000][0.063s] Heap region size: 1M
[2025-04-22T11:59:35.231+0000][0.350s] Using G1
[2025-04-22T11:59:35.233+0000][0.352s] Heap address: 0x00000000e0000000, size: 512 MB, Compressed Oops mode: 32-bit
[2025-04-22T11:59:35.236+0000][0.356s] Mark closed archive regions in map: [0x00000000fff00000, 0x00000000fff65ff8]
[2025-04-22T11:59:35.241+0000][0.360s] Mark open archive regions in map: [0x00000000ffe00000, 0x00000000ffe42ff8]
[2025-04-22T11:59:37.547+0000][2.666s] GC(0) Pause Young (Normal) (G1 Evacuation Pause)
[2025-04-22T11:59:37.548+0000][2.667s] GC(0) Using 4 workers of 4 for evacuation
[2025-04-22T11:59:37.561+0000][2.680s] GC(0)   Pre Evacuate Collection Set: 0.1ms
[2025-04-22T11:59:37.561+0000][2.680s] GC(0)   Evacuate Collection Set: 11.6ms
[2025-04-22T11:59:37.561+0000][2.681s] GC(0)   Post Evacuate Collection Set: 1.1ms
[2025-04-22T11:59:37.562+0000][2.681s] GC(0)   Other: 1.7ms
[2025-04-22T11:59:37.562+0000][2.681s] GC(0) Eden regions: 25->0(304)
[2025-04-22T11:59:37.562+0000][2.681s] GC(0) Survivor regions: 0->3(4)
[2025-04-22T11:59:37.563+0000][2.682s] GC(0) Old regions: 2->2
[2025-04-22T11:59:37.563+0000][2.682s] GC(0) Humongous regions: 0->0
[2025-04-22T11:59:37.563+0000][2.682s] GC(0) Metaspace: 7077K(8448K)->7077K(8448K) NonClass: 6200K(7424K)->6200K(7424K) Class: 877K(1024K)->877K(1024K)
[2025-04-22T11:59:37.563+0000][2.683s] GC(0) Pause Young (Normal) (G1 Evacuation Pause) 25M->3M(512M) 16.874ms
[2025-04-22T11:59:37.564+0000][2.683s] GC(0) User=0.03s Sys=0.02s Real=0.02s
[2025-04-22T11:59:38.777+0000][3.896s] GC(1) Pause Young (Normal) (G1 Evacuation Pause)
[2025-04-22T11:59:38.785+0000][3.904s] GC(1) Using 4 workers of 4 for evacuation
[2025-04-22T11:59:38.815+0000][3.934s] GC(1)   Pre Evacuate Collection Set: 0.0ms
[2025-04-22T11:59:38.815+0000][3.934s] GC(1)   Evacuate Collection Set: 29.3ms
[2025-04-22T11:59:38.816+0000][3.935s] GC(1)   Post Evacuate Collection Set: 0.5ms
[2025-04-22T11:59:38.816+0000][3.935s] GC(1)   Other: 8.7ms
[2025-04-22T11:59:38.816+0000][3.935s] GC(1) Eden regions: 22->0(37)
[2025-04-22T11:59:38.816+0000][3.935s] GC(1) Survivor regions: 3->4(4)
[2025-04-22T11:59:38.816+0000][3.936s] GC(1) Old regions: 2->10
[2025-04-22T11:59:38.817+0000][3.936s] GC(1) Humongous regions: 4->4
[2025-04-22T11:59:38.817+0000][3.936s] GC(1) Metaspace: 13912K(14592K)->13912K(14592K) NonClass: 12176K(12544K)->12176K(12544K) Class: 1735K(2048K)->1735K(2048K)
[2025-04-22T11:59:38.817+0000][3.936s] GC(1) Pause Young (Normal) (G1 Evacuation Pause) 29M->16M(512M) 40.400ms
[2025-04-22T11:59:38.817+0000][3.936s] GC(1) User=0.11s Sys=0.00s Real=0.04s
[2025-04-22T11:59:40.095+0000][5.214s] GC(2) Pause Young (Normal) (G1 Evacuation Pause)
[2025-04-22T11:59:40.095+0000][5.214s] GC(2) Using 4 workers of 4 for evacuation
[2025-04-22T11:59:40.162+0000][5.281s] GC(2)   Pre Evacuate Collection Set: 0.0ms
[2025-04-22T11:59:40.162+0000][5.281s] GC(2)   Evacuate Collection Set: 64.2ms
[2025-04-22T11:59:40.162+0000][5.281s] GC(2)   Post Evacuate Collection Set: 1.5ms
[2025-04-22T11:59:40.162+0000][5.281s] GC(2)   Other: 1.1ms
[2025-04-22T11:59:40.163+0000][5.282s] GC(2) Eden regions: 29->0(39)
[2025-04-22T11:59:40.163+0000][5.282s] GC(2) Survivor regions: 4->5(5)
[2025-04-22T11:59:40.163+0000][5.282s] GC(2) Old regions: 10->16
[2025-04-22T11:59:40.163+0000][5.282s] GC(2) Humongous regions: 4->4
[2025-04-22T11:59:40.163+0000][5.283s] GC(2) Metaspace: 16966K(17664K)->16966K(17664K) NonClass: 14898K(15360K)->14898K(15360K) Class: 2067K(2304K)->2067K(2304K)
[2025-04-22T11:59:40.164+0000][5.283s] GC(2) Pause Young (Normal) (G1 Evacuation Pause) 45M->23M(512M) 68.986ms
[2025-04-22T11:59:40.164+0000][5.283s] GC(2) User=0.04s Sys=0.09s Real=0.07s
[2025-04-22T11:59:41.406+0000][6.525s] GC(3) Pause Young (Concurrent Start) (Metadata GC Threshold)
[2025-04-22T11:59:41.406+0000][6.525s] GC(3) Using 4 workers of 4 for evacuation
[2025-04-22T11:59:41.428+0000][6.547s] GC(3)   Pre Evacuate Collection Set: 0.1ms
[2025-04-22T11:59:41.428+0000][6.547s] GC(3)   Evacuate Collection Set: 10.4ms
[2025-04-22T11:59:41.428+0000][6.547s] GC(3)   Post Evacuate Collection Set: 9.4ms
[2025-04-22T11:59:41.429+0000][6.548s] GC(3)   Other: 2.2ms
[2025-04-22T11:59:41.429+0000][6.548s] GC(3) Eden regions: 29->0(45)
[2025-04-22T11:59:41.429+0000][6.548s] GC(3) Survivor regions: 5->3(6)
[2025-04-22T11:59:41.429+0000][6.548s] GC(3) Old regions: 16->21
[2025-04-22T11:59:41.430+0000][6.549s] GC(3) Humongous regions: 4->4
[2025-04-22T11:59:41.430+0000][6.549s] GC(3) Metaspace: 20525K(21248K)->20525K(21248K) NonClass: 18014K(18432K)->18014K(18432K) Class: 2510K(2816K)->2510K(2816K)
[2025-04-22T11:59:41.430+0000][6.549s] GC(3) Pause Young (Concurrent Start) (Metadata GC Threshold) 52M->25M(512M) 24.434ms
[2025-04-22T11:59:41.430+0000][6.550s] GC(3) User=0.03s Sys=0.01s Real=0.02s
[2025-04-22T11:59:41.431+0000][6.550s] GC(4) Concurrent Cycle
[2025-04-22T11:59:41.431+0000][6.550s] GC(4) Concurrent Clear Claimed Marks
[2025-04-22T11:59:41.431+0000][6.551s] GC(4) Concurrent Clear Claimed Marks 0.338ms
[2025-04-22T11:59:41.432+0000][6.551s] GC(4) Concurrent Scan Root Regions
[2025-04-22T11:59:41.437+0000][6.556s] GC(4) Concurrent Scan Root Regions 5.645ms
[2025-04-22T11:59:41.438+0000][6.557s] GC(4) Concurrent Mark (6.557s)
[2025-04-22T11:59:41.438+0000][6.557s] GC(4) Concurrent Mark From Roots
[2025-04-22T11:59:41.438+0000][6.557s] GC(4) Using 1 workers of 1 for marking
[2025-04-22T11:59:41.498+0000][6.617s] GC(4) Concurrent Mark From Roots 60.260ms
[2025-04-22T11:59:41.499+0000][6.618s] GC(4) Concurrent Preclean
[2025-04-22T11:59:41.499+0000][6.618s] GC(4) Concurrent Preclean 0.413ms
[2025-04-22T11:59:41.499+0000][6.618s] GC(4) Concurrent Mark (6.557s, 6.618s) 61.533ms
[2025-04-22T11:59:41.504+0000][6.623s] GC(4) Pause Remark
[2025-04-22T11:59:41.515+0000][6.634s] GC(4) Cleaned string and symbol table, strings: 9197 processed, 22 removed, symbols: 57410 processed, 28 removed
[2025-04-22T11:59:41.516+0000][6.635s] GC(4) Pause Remark 29M->29M(512M) 11.705ms
[2025-04-22T11:59:41.516+0000][6.635s] GC(4) User=0.02s Sys=0.00s Real=0.01s
[2025-04-22T11:59:41.516+0000][6.635s] GC(4) Concurrent Rebuild Remembered Sets
[2025-04-22T11:59:41.559+0000][6.678s] GC(4) Concurrent Rebuild Remembered Sets 42.365ms
[2025-04-22T11:59:41.566+0000][6.685s] GC(4) Pause Cleanup
[2025-04-22T11:59:41.567+0000][6.686s] GC(4) Pause Cleanup 32M->32M(512M) 0.625ms
[2025-04-22T11:59:41.567+0000][6.686s] GC(4) User=0.00s Sys=0.00s Real=0.00s
[2025-04-22T11:59:41.568+0000][6.687s] GC(4) Concurrent Cleanup for Next Mark
[2025-04-22T11:59:41.570+0000][6.689s] GC(4) Concurrent Cleanup for Next Mark 1.861ms
[2025-04-22T11:59:41.575+0000][6.694s] GC(4) Concurrent Cycle 143.714ms
[2025-04-22T11:59:43.155+0000][8.275s] GC(5) Pause Young (Concurrent Start) (G1 Evacuation Pause)
[2025-04-22T11:59:43.156+0000][8.276s] GC(5) Using 4 workers of 4 for evacuation
[2025-04-22T11:59:43.216+0000][8.336s] GC(5)   Pre Evacuate Collection Set: 0.1ms
[2025-04-22T11:59:43.216+0000][8.336s] GC(5)   Evacuate Collection Set: 55.2ms
[2025-04-22T11:59:43.216+0000][8.336s] GC(5)   Post Evacuate Collection Set: 0.3ms
[2025-04-22T11:59:43.216+0000][8.336s] GC(5)   Other: 4.7ms
[2025-04-22T11:59:43.216+0000][8.336s] GC(5) Eden regions: 45->0(305)
[2025-04-22T11:59:43.217+0000][8.337s] GC(5) Survivor regions: 3->2(6)
[2025-04-22T11:59:43.217+0000][8.337s] GC(5) Old regions: 21->21
[2025-04-22T11:59:43.217+0000][8.337s] GC(5) Humongous regions: 4->4
[2025-04-22T11:59:43.217+0000][8.337s] GC(5) Metaspace: 25122K(26112K)->25122K(26112K) NonClass: 22128K(22784K)->22128K(22784K) Class: 2994K(3328K)->2994K(3328K)
[2025-04-22T11:59:43.217+0000][8.337s] GC(5) Pause Young (Concurrent Start) (G1 Evacuation Pause) 70M->25M(512M) 62.068ms
[2025-04-22T11:59:43.217+0000][8.337s] GC(5) User=0.07s Sys=0.04s Real=0.06s
[2025-04-22T11:59:43.218+0000][8.338s] GC(6) Concurrent Cycle
[2025-04-22T11:59:43.218+0000][8.338s] GC(6) Concurrent Clear Claimed Marks
[2025-04-22T11:59:43.218+0000][8.338s] GC(6) Concurrent Clear Claimed Marks 0.210ms
[2025-04-22T11:59:43.218+0000][8.338s] GC(6) Concurrent Scan Root Regions
[2025-04-22T11:59:43.220+0000][8.340s] GC(6) Concurrent Scan Root Regions 1.848ms
[2025-04-22T11:59:43.221+0000][8.341s] GC(6) Concurrent Mark (8.341s)
[2025-04-22T11:59:43.221+0000][8.341s] GC(6) Concurrent Mark From Roots
[2025-04-22T11:59:43.221+0000][8.341s] GC(6) Using 1 workers of 1 for marking
[2025-04-22T11:59:43.286+0000][8.406s] GC(6) Concurrent Mark From Roots 65.087ms
[2025-04-22T11:59:43.286+0000][8.406s] GC(6) Concurrent Preclean
[2025-04-22T11:59:43.287+0000][8.407s] GC(6) Concurrent Preclean 0.356ms
[2025-04-22T11:59:43.287+0000][8.407s] GC(6) Concurrent Mark (8.341s, 8.407s) 66.233ms
[2025-04-22T11:59:43.293+0000][8.413s] GC(6) Pause Remark
[2025-04-22T11:59:43.304+0000][8.424s] GC(6) Cleaned string and symbol table, strings: 10132 processed, 4 removed, symbols: 72574 processed, 11 removed
[2025-04-22T11:59:43.304+0000][8.424s] GC(6) Pause Remark 28M->28M(512M) 10.945ms
[2025-04-22T11:59:43.305+0000][8.425s] GC(6) User=0.01s Sys=0.00s Real=0.01s
[2025-04-22T11:59:43.307+0000][8.427s] GC(6) Concurrent Rebuild Remembered Sets
[2025-04-22T11:59:43.342+0000][8.462s] GC(6) Concurrent Rebuild Remembered Sets 35.114ms
[2025-04-22T11:59:43.343+0000][8.463s] GC(6) Pause Cleanup
[2025-04-22T11:59:43.343+0000][8.463s] GC(6) Pause Cleanup 28M->28M(512M) 0.438ms
[2025-04-22T11:59:43.344+0000][8.464s] GC(6) User=0.00s Sys=0.00s Real=0.00s
[2025-04-22T11:59:43.345+0000][8.465s] GC(6) Concurrent Cleanup for Next Mark
[2025-04-22T11:59:43.346+0000][8.466s] GC(6) Concurrent Cleanup for Next Mark 1.592ms
[2025-04-22T11:59:43.347+0000][8.467s] GC(6) Concurrent Cycle 129.207ms
[2025-04-22T12:11:48.593+0000][733.764s] GC(7) Pause Young (Concurrent Start) (Metadata GC Threshold)
[2025-04-22T12:11:48.595+0000][733.765s] GC(7) Using 4 workers of 4 for evacuation
[2025-04-22T12:11:50.497+0000][735.667s] GC(7) MMU target violated: 251.0ms (250.0ms/251.0ms)
[2025-04-22T12:11:50.499+0000][735.669s] GC(7)   Pre Evacuate Collection Set: 60.2ms
[2025-04-22T12:11:50.499+0000][735.669s] GC(7)   Evacuate Collection Set: 1719.2ms
[2025-04-22T12:11:50.500+0000][735.670s] GC(7)   Post Evacuate Collection Set: 19.2ms
[2025-04-22T12:11:50.500+0000][735.670s] GC(7)   Other: 107.8ms
[2025-04-22T12:11:50.500+0000][735.670s] GC(7) Eden regions: 213->0(11)
[2025-04-22T12:11:50.501+0000][735.671s] GC(7) Survivor regions: 2->14(39)
[2025-04-22T12:11:50.501+0000][735.671s] GC(7) Old regions: 21->21
[2025-04-22T12:11:50.501+0000][735.671s] GC(7) Humongous regions: 4->4
[2025-04-22T12:11:50.502+0000][735.672s] GC(7) Metaspace: 42224K(43520K)->42224K(43520K) NonClass: 37362K(38144K)->37362K(38144K) Class: 4862K(5376K)->4862K(5376K)
[2025-04-22T12:11:50.502+0000][735.672s] GC(7) Pause Young (Concurrent Start) (Metadata GC Threshold) 238M->36M(512M) 1909.145ms
[2025-04-22T12:11:50.503+0000][735.672s] GC(7) User=4.69s Sys=1.44s Real=1.91s
[2025-04-22T12:11:50.505+0000][735.675s] GC(8) Concurrent Cycle
[2025-04-22T12:11:50.507+0000][735.677s] GC(8) Concurrent Clear Claimed Marks
[2025-04-22T12:11:50.508+0000][735.678s] GC(8) Concurrent Clear Claimed Marks 1.435ms
[2025-04-22T12:11:50.508+0000][735.678s] GC(8) Concurrent Scan Root Regions
[2025-04-22T12:11:50.587+0000][735.757s] GC(8) Concurrent Scan Root Regions 79.180ms
[2025-04-22T12:11:50.587+0000][735.757s] GC(8) Concurrent Mark (735.757s)
[2025-04-22T12:11:50.588+0000][735.758s] GC(8) Concurrent Mark From Roots
[2025-04-22T12:11:50.588+0000][735.758s] GC(8) Using 1 workers of 1 for marking
[2025-04-22T12:11:50.755+0000][735.925s] GC(8) Concurrent Mark From Roots 167.350ms
[2025-04-22T12:11:50.755+0000][735.925s] GC(8) Concurrent Preclean
[2025-04-22T12:11:50.757+0000][735.927s] GC(8) Concurrent Preclean 1.380ms
[2025-04-22T12:11:50.757+0000][735.927s] GC(8) Concurrent Mark (735.757s, 735.927s) 169.729ms
[2025-04-22T12:11:50.758+0000][735.928s] GC(8) Pause Remark
[2025-04-22T12:11:51.478+0000][736.648s] GC(8) Cleaned string and symbol table, strings: 18566 processed, 998 removed, symbols: 114277 processed, 159 removed
[2025-04-22T12:11:51.481+0000][736.651s] GC(8) MMU target violated: 251.0ms (250.0ms/251.0ms)
[2025-04-22T12:11:51.481+0000][736.651s] GC(8) Pause Remark 37M->37M(512M) 723.588ms
[2025-04-22T12:11:51.482+0000][736.652s] GC(8) User=2.44s Sys=0.05s Real=0.73s
[2025-04-22T12:11:51.482+0000][736.652s] GC(8) Concurrent Rebuild Remembered Sets
[2025-04-22T12:11:51.503+0000][736.673s] GC(8) Concurrent Rebuild Remembered Sets 21.279ms
[2025-04-22T12:11:51.504+0000][736.674s] GC(8) Pause Cleanup
[2025-04-22T12:11:51.505+0000][736.675s] GC(8) Pause Cleanup 38M->38M(512M) 0.565ms
[2025-04-22T12:11:51.505+0000][736.675s] GC(8) User=0.00s Sys=0.00s Real=0.00s
[2025-04-22T12:11:51.506+0000][736.676s] GC(8) Concurrent Cleanup for Next Mark
[2025-04-22T12:11:51.548+0000][736.717s] GC(8) Concurrent Cleanup for Next Mark 41.867ms
[2025-04-22T12:11:51.548+0000][736.718s] GC(8) Concurrent Cycle 1042.687ms
[2025-04-22T12:11:52.931+0000][738.101s] GC(9) Pause Young (Normal) (G1 Evacuation Pause)
[2025-04-22T12:11:52.931+0000][738.101s] GC(9) Using 4 workers of 4 for evacuation
[2025-04-22T12:11:53.033+0000][738.203s] GC(9)   Pre Evacuate Collection Set: 0.1ms
[2025-04-22T12:11:53.034+0000][738.204s] GC(9)   Evacuate Collection Set: 100.4ms
[2025-04-22T12:11:53.034+0000][738.204s] GC(9)   Post Evacuate Collection Set: 1.0ms
[2025-04-22T12:11:53.034+0000][738.204s] GC(9)   Other: 1.5ms
[2025-04-22T12:11:53.035+0000][738.204s] GC(9) Eden regions: 11->0(23)
[2025-04-22T12:11:53.035+0000][738.205s] GC(9) Survivor regions: 14->2(4)
[2025-04-22T12:11:53.035+0000][738.205s] GC(9) Old regions: 21->34
[2025-04-22T12:11:53.035+0000][738.205s] GC(9) Humongous regions: 4->4
[2025-04-22T12:11:53.035+0000][738.205s] GC(9) Metaspace: 43043K(44672K)->43043K(44672K) NonClass: 38131K(39168K)->38131K(39168K) Class: 4912K(5504K)->4912K(5504K)
[2025-04-22T12:11:53.036+0000][738.206s] GC(9) Pause Young (Normal) (G1 Evacuation Pause) 47M->38M(512M) 104.693ms
[2025-04-22T12:11:53.036+0000][738.206s] GC(9) User=0.26s Sys=0.00s Real=0.10s
[2025-04-22T12:11:54.204+0000][739.374s] GC(10) Pause Young (Normal) (G1 Evacuation Pause)
[2025-04-22T12:11:54.205+0000][739.375s] GC(10) Using 4 workers of 4 for evacuation
[2025-04-22T12:11:54.214+0000][739.384s] GC(10)   Pre Evacuate Collection Set: 0.0ms
[2025-04-22T12:11:54.215+0000][739.385s] GC(10)   Evacuate Collection Set: 8.8ms
[2025-04-22T12:11:54.215+0000][739.385s] GC(10)   Post Evacuate Collection Set: 0.5ms
[2025-04-22T12:11:54.215+0000][739.385s] GC(10)   Other: 0.8ms
[2025-04-22T12:11:54.215+0000][739.385s] GC(10) Eden regions: 23->0(27)
[2025-04-22T12:11:54.216+0000][739.386s] GC(10) Survivor regions: 2->2(4)
[2025-04-22T12:11:54.216+0000][739.386s] GC(10) Old regions: 34->34
[2025-04-22T12:11:54.216+0000][739.386s] GC(10) Humongous regions: 4->4
[2025-04-22T12:11:54.216+0000][739.386s] GC(10) Metaspace: 44345K(45824K)->44345K(45824K) NonClass: 39222K(40192K)->39222K(40192K) Class: 5123K(5632K)->5123K(5632K)
[2025-04-22T12:11:54.216+0000][739.386s] GC(10) Pause Young (Normal) (G1 Evacuation Pause) 61M->38M(512M) 12.113ms
[2025-04-22T12:11:54.217+0000][739.387s] GC(10) User=0.03s Sys=0.00s Real=0.01s
[2025-04-22T12:11:55.193+0000][740.363s] GC(11) Pause Young (Normal) (G1 Evacuation Pause)
[2025-04-22T12:11:55.194+0000][740.364s] GC(11) Using 4 workers of 4 for evacuation
[2025-04-22T12:11:55.241+0000][740.411s] GC(11)   Pre Evacuate Collection Set: 0.0ms
[2025-04-22T12:11:55.243+0000][740.413s] GC(11)   Evacuate Collection Set: 45.1ms
[2025-04-22T12:11:55.243+0000][740.413s] GC(11)   Post Evacuate Collection Set: 0.6ms
[2025-04-22T12:11:55.244+0000][740.414s] GC(11)   Other: 2.6ms
[2025-04-22T12:11:55.255+0000][740.425s] GC(11) Eden regions: 27->0(31)
[2025-04-22T12:11:55.257+0000][740.426s] GC(11) Survivor regions: 2->4(4)
[2025-04-22T12:11:55.257+0000][740.427s] GC(11) Old regions: 34->34
[2025-04-22T12:11:55.257+0000][740.427s] GC(11) Humongous regions: 5->4
[2025-04-22T12:11:55.257+0000][740.427s] GC(11) Metaspace: 46292K(47872K)->46292K(47872K) NonClass: 40901K(41984K)->40901K(41984K) Class: 5391K(5888K)->5391K(5888K)
[2025-04-22T12:11:55.258+0000][740.428s] GC(11) Pause Young (Normal) (G1 Evacuation Pause) 66M->39M(512M) 64.759ms
[2025-04-22T12:11:55.260+0000][740.430s] GC(11) User=0.07s Sys=0.00s Real=0.06s
[2025-04-22T12:11:56.933+0000][742.103s] GC(12) Pause Young (Normal) (G1 Evacuation Pause)
[2025-04-22T12:11:56.935+0000][742.105s] GC(12) Using 4 workers of 4 for evacuation
[2025-04-22T12:11:56.985+0000][742.155s] GC(12)   Pre Evacuate Collection Set: 0.1ms
[2025-04-22T12:11:56.995+0000][742.165s] GC(12)   Evacuate Collection Set: 39.5ms
[2025-04-22T12:11:56.996+0000][742.166s] GC(12)   Post Evacuate Collection Set: 2.4ms
[2025-04-22T12:11:56.998+0000][742.168s] GC(12)   Other: 9.7ms
[2025-04-22T12:11:57.000+0000][742.170s] GC(12) Eden regions: 31->0(38)
[2025-04-22T12:11:57.001+0000][742.171s] GC(12) Survivor regions: 4->4(5)
[2025-04-22T12:11:57.001+0000][742.171s] GC(12) Old regions: 34->36
[2025-04-22T12:11:57.003+0000][742.173s] GC(12) Humongous regions: 4->4
[2025-04-22T12:11:57.003+0000][742.173s] GC(12) Metaspace: 47446K(49024K)->47446K(49024K) NonClass: 41951K(43008K)->41951K(43008K) Class: 5495K(6016K)->5495K(6016K)
[2025-04-22T12:11:57.004+0000][742.174s] GC(12) Pause Young (Normal) (G1 Evacuation Pause) 70M->41M(512M) 70.652ms
[2025-04-22T12:11:57.005+0000][742.175s] GC(12) User=0.15s Sys=0.00s Real=0.07s
[2025-04-22T12:11:59.876+0000][745.046s] GC(13) Pause Young (Normal) (G1 Evacuation Pause)
[2025-04-22T12:11:59.876+0000][745.046s] GC(13) Using 4 workers of 4 for evacuation
[2025-04-22T12:11:59.914+0000][745.084s] GC(13)   Pre Evacuate Collection Set: 0.0ms
[2025-04-22T12:11:59.914+0000][745.084s] GC(13)   Evacuate Collection Set: 35.1ms
[2025-04-22T12:11:59.914+0000][745.084s] GC(13)   Post Evacuate Collection Set: 1.6ms
[2025-04-22T12:11:59.915+0000][745.085s] GC(13)   Other: 0.9ms
[2025-04-22T12:11:59.915+0000][745.085s] GC(13) Eden regions: 38->0(49)
[2025-04-22T12:11:59.915+0000][745.085s] GC(13) Survivor regions: 4->3(6)
[2025-04-22T12:11:59.916+0000][745.085s] GC(13) Old regions: 36->38
[2025-04-22T12:11:59.916+0000][745.086s] GC(13) Humongous regions: 4->4
[2025-04-22T12:11:59.916+0000][745.086s] GC(13) Metaspace: 50104K(51456K)->50104K(51456K) NonClass: 44250K(45056K)->44250K(45056K) Class: 5853K(6400K)->5853K(6400K)
[2025-04-22T12:11:59.916+0000][745.086s] GC(13) Pause Young (Normal) (G1 Evacuation Pause) 79M->42M(512M) 40.318ms
[2025-04-22T12:11:59.917+0000][745.087s] GC(13) User=0.10s Sys=0.03s Real=0.04s
[2025-04-22T12:12:01.288+0000][746.458s] GC(14) Pause Young (Normal) (G1 Evacuation Pause)
[2025-04-22T12:12:01.289+0000][746.459s] GC(14) Using 4 workers of 4 for evacuation
[2025-04-22T12:12:01.363+0000][746.532s] GC(14)   Pre Evacuate Collection Set: 0.0ms
[2025-04-22T12:12:01.363+0000][746.533s] GC(14)   Evacuate Collection Set: 70.1ms
[2025-04-22T12:12:01.363+0000][746.533s] GC(14)   Post Evacuate Collection Set: 3.2ms
[2025-04-22T12:12:01.363+0000][746.533s] GC(14)   Other: 0.9ms
[2025-04-22T12:12:01.364+0000][746.534s] GC(14) Eden regions: 49->0(54)
[2025-04-22T12:12:01.364+0000][746.534s] GC(14) Survivor regions: 3->4(7)
[2025-04-22T12:12:01.365+0000][746.535s] GC(14) Old regions: 38->38
[2025-04-22T12:12:01.365+0000][746.535s] GC(14) Humongous regions: 4->4
[2025-04-22T12:12:01.365+0000][746.535s] GC(14) Metaspace: 51167K(52608K)->51167K(52608K) NonClass: 45198K(46080K)->45198K(46080K) Class: 5968K(6528K)->5968K(6528K)
[2025-04-22T12:12:01.366+0000][746.536s] GC(14) Pause Young (Normal) (G1 Evacuation Pause) 91M->44M(512M) 77.269ms
[2025-04-22T12:12:01.367+0000][746.537s] GC(14) User=0.17s Sys=0.00s Real=0.08s
[2025-04-22T12:12:02.460+0000][747.630s] GC(15) Pause Young (Normal) (G1 Evacuation Pause)
[2025-04-22T12:12:02.461+0000][747.631s] GC(15) Using 4 workers of 4 for evacuation
[2025-04-22T12:12:02.545+0000][747.715s] GC(15)   Pre Evacuate Collection Set: 0.0ms
[2025-04-22T12:12:02.546+0000][747.715s] GC(15)   Evacuate Collection Set: 79.8ms
[2025-04-22T12:12:02.546+0000][747.716s] GC(15)   Post Evacuate Collection Set: 4.1ms
[2025-04-22T12:12:02.546+0000][747.716s] GC(15)   Other: 0.9ms
[2025-04-22T12:12:02.546+0000][747.716s] GC(15) Eden regions: 54->0(58)
[2025-04-22T12:12:02.547+0000][747.717s] GC(15) Survivor regions: 4->5(8)
[2025-04-22T12:12:02.547+0000][747.717s] GC(15) Old regions: 38->38
[2025-04-22T12:12:02.547+0000][747.717s] GC(15) Humongous regions: 4->4
[2025-04-22T12:12:02.547+0000][747.717s] GC(15) Metaspace: 52321K(53760K)->52321K(53760K) NonClass: 46231K(47104K)->46231K(47104K) Class: 6089K(6656K)->6089K(6656K)
[2025-04-22T12:12:02.548+0000][747.717s] GC(15) Pause Young (Normal) (G1 Evacuation Pause) 98M->44M(512M) 87.147ms
[2025-04-22T12:12:02.548+0000][747.718s] GC(15) User=0.19s Sys=0.01s Real=0.08s
[2025-04-22T12:16:35.833+0000][1021.021s] GC(16) Pause Young (Normal) (G1 Evacuation Pause)
[2025-04-22T12:16:35.834+0000][1021.022s] GC(16) Using 4 workers of 4 for evacuation
[2025-04-22T12:16:36.028+0000][1021.216s] GC(16)   Pre Evacuate Collection Set: 0.1ms
[2025-04-22T12:16:36.045+0000][1021.233s] GC(16)   Evacuate Collection Set: 193.1ms
[2025-04-22T12:16:36.047+0000][1021.234s] GC(16)   Post Evacuate Collection Set: 0.6ms
[2025-04-22T12:16:36.047+0000][1021.235s] GC(16)   Other: 1.4ms
[2025-04-22T12:16:36.048+0000][1021.236s] GC(16) Eden regions: 55->0(55)
[2025-04-22T12:16:36.048+0000][1021.236s] GC(16) Survivor regions: 5->8(8)
[2025-04-22T12:16:36.049+0000][1021.237s] GC(16) Old regions: 38->39
[2025-04-22T12:16:36.057+0000][1021.245s] GC(16) Humongous regions: 4->4
[2025-04-22T12:16:36.058+0000][1021.246s] GC(16) Metaspace: 54851K(56448K)->54851K(56448K) NonClass: 48395K(49408K)->48395K(49408K) Class: 6456K(7040K)->6456K(7040K)
[2025-04-22T12:16:36.060+0000][1021.248s] GC(16) Pause Young (Normal) (G1 Evacuation Pause) 99M->49M(512M) 226.443ms
[2025-04-22T12:16:36.060+0000][1021.248s] GC(16) User=0.45s Sys=0.11s Real=0.22s
[2025-04-22T12:28:57.034+0000][1762.280s] GC(17) Pause Young (Normal) (G1 Evacuation Pause)
[2025-04-22T12:28:57.043+0000][1762.288s] GC(17) Using 4 workers of 4 for evacuation
[2025-04-22T12:28:57.615+0000][1762.860s] GC(17) MMU target violated: 251.0ms (250.0ms/251.0ms)
[2025-04-22T12:28:57.616+0000][1762.861s] GC(17)   Pre Evacuate Collection Set: 128.1ms
[2025-04-22T12:28:57.616+0000][1762.861s] GC(17)   Evacuate Collection Set: 423.4ms
[2025-04-22T12:28:57.616+0000][1762.861s] GC(17)   Post Evacuate Collection Set: 15.3ms
[2025-04-22T12:28:57.616+0000][1762.862s] GC(17)   Other: 17.7ms
[2025-04-22T12:28:57.617+0000][1762.862s] GC(17) Eden regions: 55->0(37)
[2025-04-22T12:28:57.617+0000][1762.862s] GC(17) Survivor regions: 8->3(8)
[2025-04-22T12:28:57.617+0000][1762.862s] GC(17) Old regions: 39->47
[2025-04-22T12:28:57.617+0000][1762.862s] GC(17) Humongous regions: 4->4
[2025-04-22T12:28:57.617+0000][1762.862s] GC(17) Metaspace: 55142K(56704K)->55142K(56704K) NonClass: 48679K(49664K)->48679K(49664K) Class: 6462K(7040K)->6462K(7040K)
[2025-04-22T12:28:57.618+0000][1762.863s] GC(17) Pause Young (Normal) (G1 Evacuation Pause) 104M->51M(512M) 583.500ms
[2025-04-22T12:28:57.618+0000][1762.863s] GC(17) User=1.82s Sys=0.03s Real=0.59s
[2025-04-22T12:46:45.101+0000][2830.445s] GC(18) Pause Young (Normal) (G1 Evacuation Pause)
[2025-04-22T12:46:45.105+0000][2830.448s] GC(18) Using 4 workers of 4 for evacuation
[2025-04-22T12:46:45.249+0000][2830.592s] GC(18)   Pre Evacuate Collection Set: 43.7ms
[2025-04-22T12:46:45.249+0000][2830.592s] GC(18)   Evacuate Collection Set: 92.7ms
[2025-04-22T12:46:45.249+0000][2830.592s] GC(18)   Post Evacuate Collection Set: 3.4ms
[2025-04-22T12:46:45.249+0000][2830.592s] GC(18)   Other: 8.6ms
[2025-04-22T12:46:45.249+0000][2830.592s] GC(18) Eden regions: 37->0(54)
[2025-04-22T12:46:45.249+0000][2830.593s] GC(18) Survivor regions: 3->3(5)
[2025-04-22T12:46:45.250+0000][2830.593s] GC(18) Old regions: 47->47
[2025-04-22T12:46:45.250+0000][2830.593s] GC(18) Humongous regions: 4->4
[2025-04-22T12:46:45.250+0000][2830.593s] GC(18) Metaspace: 55596K(57344K)->55596K(57344K) NonClass: 49096K(50176K)->49096K(50176K) Class: 6500K(7168K)->6500K(7168K)
[2025-04-22T12:46:45.250+0000][2830.593s] GC(18) Pause Young (Normal) (G1 Evacuation Pause) 88M->52M(512M) 148.648ms
[2025-04-22T12:46:45.250+0000][2830.593s] GC(18) User=0.22s Sys=0.04s Real=0.15s
[2025-04-22T12:46:48.014+0000][2833.357s] GC(19) Pause Young (Normal) (G1 Evacuation Pause)
[2025-04-22T12:46:48.014+0000][2833.357s] GC(19) Using 4 workers of 4 for evacuation
[2025-04-22T12:46:48.157+0000][2833.500s] GC(19)   Pre Evacuate Collection Set: 0.1ms
[2025-04-22T12:46:48.158+0000][2833.501s] GC(19)   Evacuate Collection Set: 129.1ms
[2025-04-22T12:46:48.158+0000][2833.501s] GC(19)   Post Evacuate Collection Set: 13.8ms
[2025-04-22T12:46:48.158+0000][2833.501s] GC(19)   Other: 1.3ms
[2025-04-22T12:46:48.158+0000][2833.501s] GC(19) Eden regions: 54->0(44)
[2025-04-22T12:46:48.159+0000][2833.502s] GC(19) Survivor regions: 3->8(8)
[2025-04-22T12:46:48.159+0000][2833.502s] GC(19) Old regions: 47->50
[2025-04-22T12:46:48.159+0000][2833.502s] GC(19) Humongous regions: 7->7
[2025-04-22T12:46:48.160+0000][2833.503s] GC(19) Metaspace: 58497K(60288K)->58497K(60288K) NonClass: 51679K(52736K)->51679K(52736K) Class: 6817K(7552K)->6817K(7552K)
[2025-04-22T12:46:48.160+0000][2833.503s] GC(19) Pause Young (Normal) (G1 Evacuation Pause) 109M->63M(512M) 146.351ms
[2025-04-22T12:46:48.160+0000][2833.503s] GC(19) User=0.40s Sys=0.01s Real=0.15s
[2025-04-22T12:46:49.991+0000][2835.335s] GC(20) Pause Young (Normal) (G1 Evacuation Pause)
[2025-04-22T12:46:49.992+0000][2835.335s] GC(20) Using 4 workers of 4 for evacuation
[2025-04-22T12:46:50.058+0000][2835.401s] GC(20)   Pre Evacuate Collection Set: 0.1ms
[2025-04-22T12:46:50.061+0000][2835.404s] GC(20)   Evacuate Collection Set: 64.6ms
[2025-04-22T12:46:50.061+0000][2835.404s] GC(20)   Post Evacuate Collection Set: 0.7ms
[2025-04-22T12:46:50.062+0000][2835.405s] GC(20)   Other: 0.9ms
[2025-04-22T12:46:50.062+0000][2835.405s] GC(20) Eden regions: 44->0(52)
[2025-04-22T12:46:50.062+0000][2835.405s] GC(20) Survivor regions: 8->4(7)
[2025-04-22T12:46:50.062+0000][2835.405s] GC(20) Old regions: 50->57
[2025-04-22T12:46:50.063+0000][2835.406s] GC(20) Humongous regions: 7->7
[2025-04-22T12:46:50.063+0000][2835.406s] GC(20) Metaspace: 59337K(61312K)->59337K(61312K) NonClass: 52457K(53760K)->52457K(53760K) Class: 6880K(7552K)->6880K(7552K)
[2025-04-22T12:46:50.063+0000][2835.406s] GC(20) Pause Young (Normal) (G1 Evacuation Pause) 107M->65M(512M) 71.680ms
[2025-04-22T12:46:50.063+0000][2835.406s] GC(20) User=0.10s Sys=0.00s Real=0.07s
[2025-04-22T12:46:52.002+0000][2837.345s] GC(21) Pause Young (Normal) (G1 Evacuation Pause)
[2025-04-22T12:46:52.003+0000][2837.346s] GC(21) Using 4 workers of 4 for evacuation
[2025-04-22T12:46:52.058+0000][2837.401s] GC(21)   Pre Evacuate Collection Set: 0.0ms
[2025-04-22T12:46:52.058+0000][2837.401s] GC(21)   Evacuate Collection Set: 53.9ms
[2025-04-22T12:46:52.059+0000][2837.402s] GC(21)   Post Evacuate Collection Set: 0.6ms
[2025-04-22T12:46:52.059+0000][2837.402s] GC(21)   Other: 1.1ms
[2025-04-22T12:46:52.059+0000][2837.402s] GC(21) Eden regions: 52->0(62)
[2025-04-22T12:46:52.061+0000][2837.404s] GC(21) Survivor regions: 4->6(7)
[2025-04-22T12:46:52.061+0000][2837.404s] GC(21) Old regions: 57->57
[2025-04-22T12:46:52.061+0000][2837.404s] GC(21) Humongous regions: 7->7
[2025-04-22T12:46:52.061+0000][2837.405s] GC(21) Metaspace: 59648K(61568K)->59648K(61568K) NonClass: 52767K(54016K)->52767K(54016K) Class: 6881K(7552K)->6881K(7552K)
[2025-04-22T12:46:52.062+0000][2837.405s] GC(21) Pause Young (Normal) (G1 Evacuation Pause) 117M->67M(512M) 59.307ms
[2025-04-22T12:46:52.062+0000][2837.405s] GC(21) User=0.07s Sys=0.00s Real=0.06s
[2025-04-22T12:46:53.473+0000][2838.816s] GC(22) Pause Young (Normal) (G1 Evacuation Pause)
[2025-04-22T12:46:53.473+0000][2838.816s] GC(22) Using 4 workers of 4 for evacuation
[2025-04-22T12:46:53.678+0000][2839.021s] GC(22)   Pre Evacuate Collection Set: 0.0ms
[2025-04-22T12:46:53.679+0000][2839.022s] GC(22)   Evacuate Collection Set: 200.8ms
[2025-04-22T12:46:53.679+0000][2839.022s] GC(22)   Post Evacuate Collection Set: 0.8ms
[2025-04-22T12:46:53.679+0000][2839.022s] GC(22)   Other: 3.8ms
[2025-04-22T12:46:53.680+0000][2839.023s] GC(22) Eden regions: 62->0(56)
[2025-04-22T12:46:53.680+0000][2839.023s] GC(22) Survivor regions: 6->7(9)
[2025-04-22T12:46:53.680+0000][2839.024s] GC(22) Old regions: 57->59
[2025-04-22T12:46:53.681+0000][2839.024s] GC(22) Humongous regions: 7->7
[2025-04-22T12:46:53.681+0000][2839.024s] GC(22) Metaspace: 59656K(61568K)->59656K(61568K) NonClass: 52774K(54016K)->52774K(54016K) Class: 6882K(7552K)->6882K(7552K)
[2025-04-22T12:46:53.681+0000][2839.024s] GC(22) Pause Young (Normal) (G1 Evacuation Pause) 129M->70M(512M) 208.271ms
[2025-04-22T12:46:53.681+0000][2839.024s] GC(22) User=0.49s Sys=0.04s Real=0.21s
[2025-04-22T12:46:54.897+0000][2840.240s] GC(23) Pause Young (Normal) (G1 Evacuation Pause)
[2025-04-22T12:46:54.901+0000][2840.245s] GC(23) Using 4 workers of 4 for evacuation
[2025-04-22T12:46:54.949+0000][2840.292s] GC(23)   Pre Evacuate Collection Set: 0.0ms
[2025-04-22T12:46:54.949+0000][2840.293s] GC(23)   Evacuate Collection Set: 42.9ms
[2025-04-22T12:46:54.950+0000][2840.293s] GC(23)   Post Evacuate Collection Set: 1.4ms
[2025-04-22T12:46:54.951+0000][2840.294s] GC(23)   Other: 7.7ms
[2025-04-22T12:46:54.952+0000][2840.295s] GC(23) Eden regions: 56->0(68)
[2025-04-22T12:46:54.953+0000][2840.296s] GC(23) Survivor regions: 7->5(8)
[2025-04-22T12:46:54.953+0000][2840.297s] GC(23) Old regions: 59->63
[2025-04-22T12:46:54.954+0000][2840.297s] GC(23) Humongous regions: 7->7
[2025-04-22T12:46:54.954+0000][2840.297s] GC(23) Metaspace: 59663K(61568K)->59663K(61568K) NonClass: 52781K(54016K)->52781K(54016K) Class: 6882K(7552K)->6882K(7552K)
[2025-04-22T12:46:54.954+0000][2840.298s] GC(23) Pause Young (Normal) (G1 Evacuation Pause) 126M->72M(512M) 57.388ms
[2025-04-22T12:46:54.955+0000][2840.298s] GC(23) User=0.06s Sys=0.00s Real=0.05s
[2025-04-22T12:46:56.360+0000][2841.704s] GC(24) Pause Young (Normal) (G1 Evacuation Pause)
[2025-04-22T12:46:56.361+0000][2841.704s] GC(24) Using 4 workers of 4 for evacuation
[2025-04-22T12:46:56.529+0000][2841.872s] GC(24)   Pre Evacuate Collection Set: 0.0ms
[2025-04-22T12:46:56.530+0000][2841.873s] GC(24)   Evacuate Collection Set: 166.8ms
[2025-04-22T12:46:56.544+0000][2841.887s] GC(24)   Post Evacuate Collection Set: 0.6ms
[2025-04-22T12:46:56.547+0000][2841.891s] GC(24)   Other: 1.0ms
[2025-04-22T12:46:56.548+0000][2841.892s] GC(24) Eden regions: 68->0(62)
[2025-04-22T12:46:56.550+0000][2841.894s] GC(24) Survivor regions: 5->8(10)
[2025-04-22T12:46:56.551+0000][2841.894s] GC(24) Old regions: 63->63
[2025-04-22T12:46:56.551+0000][2841.894s] GC(24) Humongous regions: 7->7
[2025-04-22T12:46:56.551+0000][2841.895s] GC(24) Metaspace: 59666K(61568K)->59666K(61568K) NonClass: 52784K(54016K)->52784K(54016K) Class: 6882K(7552K)->6882K(7552K)
[2025-04-22T12:46:56.552+0000][2841.896s] GC(24) Pause Young (Normal) (G1 Evacuation Pause) 140M->75M(512M) 191.950ms
[2025-04-22T12:46:56.553+0000][2841.896s] GC(24) User=0.30s Sys=0.02s Real=0.19s
[2025-04-22T12:46:57.903+0000][2843.246s] GC(25) Pause Young (Normal) (G1 Evacuation Pause)
[2025-04-22T12:46:57.903+0000][2843.246s] GC(25) Using 4 workers of 4 for evacuation
[2025-04-22T12:46:57.932+0000][2843.276s] GC(25)   Pre Evacuate Collection Set: 0.1ms
[2025-04-22T12:46:57.933+0000][2843.276s] GC(25)   Evacuate Collection Set: 28.0ms
[2025-04-22T12:46:57.933+0000][2843.276s] GC(25)   Post Evacuate Collection Set: 0.6ms
[2025-04-22T12:46:57.933+0000][2843.276s] GC(25)   Other: 1.4ms
[2025-04-22T12:46:57.933+0000][2843.277s] GC(25) Eden regions: 62->0(70)
[2025-04-22T12:46:57.934+0000][2843.277s] GC(25) Survivor regions: 8->6(9)
[2025-04-22T12:46:57.934+0000][2843.277s] GC(25) Old regions: 63->68
[2025-04-22T12:46:57.934+0000][2843.277s] GC(25) Humongous regions: 7->7
[2025-04-22T12:46:57.934+0000][2843.277s] GC(25) Metaspace: 59671K(61568K)->59671K(61568K) NonClass: 52789K(54016K)->52789K(54016K) Class: 6882K(7552K)->6882K(7552K)
[2025-04-22T12:46:57.935+0000][2843.278s] GC(25) Pause Young (Normal) (G1 Evacuation Pause) 137M->78M(512M) 31.998ms
[2025-04-22T12:46:57.935+0000][2843.278s] GC(25) User=0.09s Sys=0.02s Real=0.03s
[2025-04-22T12:46:59.507+0000][2844.850s] GC(26) Pause Young (Normal) (G1 Evacuation Pause)
[2025-04-22T12:46:59.507+0000][2844.851s] GC(26) Using 4 workers of 4 for evacuation
[2025-04-22T12:46:59.584+0000][2844.927s] GC(26)   Pre Evacuate Collection Set: 0.0ms
[2025-04-22T12:46:59.584+0000][2844.927s] GC(26)   Evacuate Collection Set: 74.5ms
[2025-04-22T12:46:59.585+0000][2844.928s] GC(26)   Post Evacuate Collection Set: 1.2ms
[2025-04-22T12:46:59.585+0000][2844.928s] GC(26)   Other: 1.2ms
[2025-04-22T12:46:59.585+0000][2844.928s] GC(26) Eden regions: 70->0(78)
[2025-04-22T12:46:59.585+0000][2844.928s] GC(26) Survivor regions: 6->8(10)
[2025-04-22T12:46:59.586+0000][2844.929s] GC(26) Old regions: 68->70
[2025-04-22T12:46:59.586+0000][2844.929s] GC(26) Humongous regions: 7->7
[2025-04-22T12:46:59.586+0000][2844.929s] GC(26) Metaspace: 59684K(61568K)->59684K(61568K) NonClass: 52801K(54016K)->52801K(54016K) Class: 6882K(7552K)->6882K(7552K)
[2025-04-22T12:46:59.586+0000][2844.929s] GC(26) Pause Young (Normal) (G1 Evacuation Pause) 148M->82M(512M) 79.156ms
[2025-04-22T12:46:59.586+0000][2844.930s] GC(26) User=0.15s Sys=0.00s Real=0.07s
[2025-04-22T12:47:01.061+0000][2846.404s] GC(27) Pause Young (Normal) (G1 Evacuation Pause)
[2025-04-22T12:47:01.062+0000][2846.405s] GC(27) Using 4 workers of 4 for evacuation
[2025-04-22T12:47:01.190+0000][2846.533s] GC(27)   Pre Evacuate Collection Set: 0.0ms
[2025-04-22T12:47:01.191+0000][2846.534s] GC(27)   Evacuate Collection Set: 124.4ms
[2025-04-22T12:47:01.191+0000][2846.534s] GC(27)   Post Evacuate Collection Set: 0.4ms
[2025-04-22T12:47:01.191+0000][2846.534s] GC(27)   Other: 4.1ms
[2025-04-22T12:47:01.191+0000][2846.534s] GC(27) Eden regions: 78->0(80)
[2025-04-22T12:47:01.192+0000][2846.535s] GC(27) Survivor regions: 8->7(11)
[2025-04-22T12:47:01.192+0000][2846.535s] GC(27) Old regions: 70->74
[2025-04-22T12:47:01.192+0000][2846.535s] GC(27) Humongous regions: 7->7
[2025-04-22T12:47:01.192+0000][2846.535s] GC(27) Metaspace: 59689K(61568K)->59689K(61568K) NonClass: 52807K(54016K)->52807K(54016K) Class: 6882K(7552K)->6882K(7552K)
[2025-04-22T12:47:01.192+0000][2846.535s] GC(27) Pause Young (Normal) (G1 Evacuation Pause) 160M->85M(512M) 130.973ms
[2025-04-22T12:47:01.193+0000][2846.536s] GC(27) User=0.25s Sys=0.02s Real=0.13s
[2025-04-22T12:47:02.524+0000][2847.867s] GC(28) Pause Young (Normal) (G1 Evacuation Pause)
[2025-04-22T12:47:02.525+0000][2847.868s] GC(28) Using 4 workers of 4 for evacuation
[2025-04-22T12:47:02.582+0000][2847.925s] GC(28)   Pre Evacuate Collection Set: 0.0ms
[2025-04-22T12:47:02.582+0000][2847.925s] GC(28)   Evacuate Collection Set: 51.7ms
[2025-04-22T12:47:02.582+0000][2847.925s] GC(28)   Post Evacuate Collection Set: 1.4ms
[2025-04-22T12:47:02.583+0000][2847.926s] GC(28)   Other: 4.1ms
[2025-04-22T12:47:02.583+0000][2847.926s] GC(28) Eden regions: 80->0(97)
[2025-04-22T12:47:02.584+0000][2847.927s] GC(28) Survivor regions: 7->7(11)
[2025-04-22T12:47:02.584+0000][2847.927s] GC(28) Old regions: 74->78
[2025-04-22T12:47:02.584+0000][2847.927s] GC(28) Humongous regions: 7->7
[2025-04-22T12:47:02.585+0000][2847.928s] GC(28) Metaspace: 59838K(61824K)->59838K(61824K) NonClass: 52945K(54272K)->52945K(54272K) Class: 6893K(7552K)->6893K(7552K)
[2025-04-22T12:47:02.585+0000][2847.928s] GC(28) Pause Young (Normal) (G1 Evacuation Pause) 165M->89M(512M) 60.643ms
[2025-04-22T12:47:02.585+0000][2847.928s] GC(28) User=0.11s Sys=0.00s Real=0.06s
[2025-04-22T12:47:05.387+0000][2850.731s] GC(29) Pause Young (Normal) (G1 Evacuation Pause)
[2025-04-22T12:47:05.397+0000][2850.740s] GC(29) Using 4 workers of 4 for evacuation
[2025-04-22T12:47:05.695+0000][2851.038s] GC(29) MMU target violated: 251.0ms (250.0ms/251.0ms)
[2025-04-22T12:47:05.695+0000][2851.038s] GC(29)   Pre Evacuate Collection Set: 0.0ms
[2025-04-22T12:47:05.695+0000][2851.038s] GC(29)   Evacuate Collection Set: 282.8ms
[2025-04-22T12:47:05.696+0000][2851.039s] GC(29)   Post Evacuate Collection Set: 5.0ms
[2025-04-22T12:47:05.696+0000][2851.039s] GC(29)   Other: 19.7ms
[2025-04-22T12:47:05.696+0000][2851.039s] GC(29) Eden regions: 97->0(73)
[2025-04-22T12:47:05.696+0000][2851.039s] GC(29) Survivor regions: 7->12(13)
[2025-04-22T12:47:05.696+0000][2851.040s] GC(29) Old regions: 78->78
[2025-04-22T12:47:05.697+0000][2851.040s] GC(29) Humongous regions: 7->7
[2025-04-22T12:47:05.697+0000][2851.040s] GC(29) Metaspace: 60571K(62464K)->60571K(62464K) NonClass: 53606K(54784K)->53606K(54784K) Class: 6964K(7680K)->6964K(7680K)
[2025-04-22T12:47:05.697+0000][2851.040s] GC(29) Pause Young (Normal) (G1 Evacuation Pause) 186M->94M(512M) 309.734ms
[2025-04-22T12:47:05.697+0000][2851.040s] GC(29) User=0.56s Sys=0.00s Real=0.31s
[2025-04-22T12:47:07.770+0000][2853.113s] GC(30) Pause Young (Normal) (G1 Evacuation Pause)
[2025-04-22T12:47:07.770+0000][2853.114s] GC(30) Using 4 workers of 4 for evacuation
[2025-04-22T12:47:07.813+0000][2853.156s] GC(30)   Pre Evacuate Collection Set: 0.0ms
[2025-04-22T12:47:07.814+0000][2853.157s] GC(30)   Evacuate Collection Set: 42.0ms
[2025-04-22T12:47:07.814+0000][2853.157s] GC(30)   Post Evacuate Collection Set: 0.5ms
[2025-04-22T12:47:07.815+0000][2853.158s] GC(30)   Other: 0.8ms
[2025-04-22T12:47:07.823+0000][2853.166s] GC(30) Eden regions: 73->0(87)
[2025-04-22T12:47:07.831+0000][2853.174s] GC(30) Survivor regions: 12->5(11)
[2025-04-22T12:47:07.833+0000][2853.176s] GC(30) Old regions: 78->88
[2025-04-22T12:47:07.833+0000][2853.177s] GC(30) Humongous regions: 7->7
[2025-04-22T12:47:07.834+0000][2853.177s] GC(30) Metaspace: 60594K(62464K)->60594K(62464K) NonClass: 53630K(54784K)->53630K(54784K) Class: 6964K(7680K)->6964K(7680K)
[2025-04-22T12:47:07.834+0000][2853.177s] GC(30) Pause Young (Normal) (G1 Evacuation Pause) 167M->97M(512M) 63.861ms
[2025-04-22T12:47:07.834+0000][2853.177s] GC(30) User=0.15s Sys=0.00s Real=0.06s
[2025-04-22T12:47:10.027+0000][2855.370s] GC(31) Pause Young (Normal) (G1 Evacuation Pause)
[2025-04-22T12:47:10.027+0000][2855.370s] GC(31) Using 4 workers of 4 for evacuation
[2025-04-22T12:47:10.068+0000][2855.411s] GC(31)   Pre Evacuate Collection Set: 0.0ms
[2025-04-22T12:47:10.068+0000][2855.412s] GC(31)   Evacuate Collection Set: 39.2ms
[2025-04-22T12:47:10.077+0000][2855.420s] GC(31)   Post Evacuate Collection Set: 1.1ms
[2025-04-22T12:47:10.077+0000][2855.420s] GC(31)   Other: 0.9ms
[2025-04-22T12:47:10.077+0000][2855.420s] GC(31) Eden regions: 87->0(99)
[2025-04-22T12:47:10.077+0000][2855.420s] GC(31) Survivor regions: 5->9(12)
[2025-04-22T12:47:10.077+0000][2855.421s] GC(31) Old regions: 88->88
[2025-04-22T12:47:10.078+0000][2855.421s] GC(31) Humongous regions: 7->7
[2025-04-22T12:47:10.078+0000][2855.421s] GC(31) Metaspace: 60596K(62464K)->60596K(62464K) NonClass: 53631K(54784K)->53631K(54784K) Class: 6964K(7680K)->6964K(7680K)
[2025-04-22T12:47:10.078+0000][2855.421s] GC(31) Pause Young (Normal) (G1 Evacuation Pause) 184M->101M(512M) 51.126ms
[2025-04-22T12:47:10.078+0000][2855.421s] GC(31) User=0.06s Sys=0.00s Real=0.05s
[2025-04-22T12:47:12.621+0000][2857.964s] GC(32) Pause Young (Normal) (G1 Evacuation Pause)
[2025-04-22T12:47:12.622+0000][2857.965s] GC(32) Using 4 workers of 4 for evacuation
[2025-04-22T12:47:12.752+0000][2858.095s] GC(32)   Pre Evacuate Collection Set: 0.0ms
[2025-04-22T12:47:12.753+0000][2858.096s] GC(32)   Evacuate Collection Set: 127.1ms
[2025-04-22T12:47:12.753+0000][2858.096s] GC(32)   Post Evacuate Collection Set: 3.0ms
[2025-04-22T12:47:12.753+0000][2858.096s] GC(32)   Other: 0.8ms
[2025-04-22T12:47:12.753+0000][2858.096s] GC(32) Eden regions: 99->0(104)
[2025-04-22T12:47:12.753+0000][2858.096s] GC(32) Survivor regions: 9->10(14)
[2025-04-22T12:47:12.753+0000][2858.096s] GC(32) Old regions: 88->90
[2025-04-22T12:47:12.753+0000][2858.097s] GC(32) Humongous regions: 7->7
[2025-04-22T12:47:12.754+0000][2858.097s] GC(32) Metaspace: 60600K(62464K)->60600K(62464K) NonClass: 53636K(54784K)->53636K(54784K) Class: 6964K(7680K)->6964K(7680K)
[2025-04-22T12:47:12.754+0000][2858.097s] GC(32) Pause Young (Normal) (G1 Evacuation Pause) 200M->104M(512M) 132.491ms
[2025-04-22T12:47:12.754+0000][2858.097s] GC(32) User=0.18s Sys=0.05s Real=0.13s
[2025-04-22T12:47:14.644+0000][2859.990s] GC(33) Pause Young (Normal) (G1 Evacuation Pause)
[2025-04-22T12:47:14.654+0000][2860.000s] GC(33) Using 4 workers of 4 for evacuation
[2025-04-22T12:47:14.738+0000][2860.085s] GC(33)   Pre Evacuate Collection Set: 0.1ms
[2025-04-22T12:47:14.739+0000][2860.085s] GC(33)   Evacuate Collection Set: 83.3ms
[2025-04-22T12:47:14.739+0000][2860.085s] GC(33)   Post Evacuate Collection Set: 0.6ms
[2025-04-22T12:47:14.739+0000][2860.085s] GC(33)   Other: 10.6ms
[2025-04-22T12:47:14.739+0000][2860.085s] GC(33) Eden regions: 104->0(116)
[2025-04-22T12:47:14.739+0000][2860.086s] GC(33) Survivor regions: 10->11(15)
[2025-04-22T12:47:14.740+0000][2860.086s] GC(33) Old regions: 90->93
[2025-04-22T12:47:14.740+0000][2860.086s] GC(33) Humongous regions: 7->7
[2025-04-22T12:47:14.740+0000][2860.086s] GC(33) Metaspace: 60620K(62464K)->60620K(62464K) NonClass: 53656K(54784K)->53656K(54784K) Class: 6964K(7680K)->6964K(7680K)
[2025-04-22T12:47:14.741+0000][2860.087s] GC(33) Pause Young (Normal) (G1 Evacuation Pause) 208M->108M(512M) 96.594ms
[2025-04-22T12:47:14.741+0000][2860.087s] GC(33) User=0.26s Sys=0.00s Real=0.09s
[2025-04-22T12:47:16.524+0000][2861.870s] GC(34) Pause Young (Normal) (G1 Evacuation Pause)
[2025-04-22T12:47:16.528+0000][2861.874s] GC(34) Using 4 workers of 4 for evacuation
[2025-04-22T12:47:16.783+0000][2862.129s] GC(34) MMU target violated: 251.0ms (250.0ms/251.0ms)
[2025-04-22T12:47:16.783+0000][2862.130s] GC(34)   Pre Evacuate Collection Set: 0.0ms
[2025-04-22T12:47:16.784+0000][2862.130s] GC(34)   Evacuate Collection Set: 244.2ms
[2025-04-22T12:47:16.785+0000][2862.132s] GC(34)   Post Evacuate Collection Set: 8.5ms
[2025-04-22T12:47:16.787+0000][2862.133s] GC(34)   Other: 6.4ms
[2025-04-22T12:47:16.788+0000][2862.134s] GC(34) Eden regions: 116->0(101)
[2025-04-22T12:47:16.792+0000][2862.139s] GC(34) Survivor regions: 11->12(16)
[2025-04-22T12:47:16.793+0000][2862.139s] GC(34) Old regions: 93->96
[2025-04-22T12:47:16.794+0000][2862.140s] GC(34) Humongous regions: 7->7
[2025-04-22T12:47:16.795+0000][2862.141s] GC(34) Metaspace: 60663K(62464K)->60663K(62464K) NonClass: 53698K(54784K)->53698K(54784K) Class: 6964K(7680K)->6964K(7680K)
[2025-04-22T12:47:16.795+0000][2862.141s] GC(34) Pause Young (Normal) (G1 Evacuation Pause) 224M->111M(512M) 270.715ms
[2025-04-22T12:47:16.795+0000][2862.141s] GC(34) User=0.56s Sys=0.02s Real=0.27s
[2025-04-22T12:47:18.588+0000][2863.934s] GC(35) Pause Young (Normal) (G1 Evacuation Pause)
[2025-04-22T12:47:18.588+0000][2863.935s] GC(35) Using 4 workers of 4 for evacuation
[2025-04-22T12:47:18.633+0000][2863.979s] GC(35)   Pre Evacuate Collection Set: 0.0ms
[2025-04-22T12:47:18.633+0000][2863.979s] GC(35)   Evacuate Collection Set: 34.7ms
[2025-04-22T12:47:18.633+0000][2863.979s] GC(35)   Post Evacuate Collection Set: 8.7ms
[2025-04-22T12:47:18.633+0000][2863.980s] GC(35)   Other: 1.0ms
[2025-04-22T12:47:18.634+0000][2863.980s] GC(35) Eden regions: 101->0(117)
[2025-04-22T12:47:18.634+0000][2863.980s] GC(35) Survivor regions: 12->12(15)
[2025-04-22T12:47:18.634+0000][2863.981s] GC(35) Old regions: 96->100
[2025-04-22T12:47:18.635+0000][2863.981s] GC(35) Humongous regions: 7->7
[2025-04-22T12:47:18.635+0000][2863.981s] GC(35) Metaspace: 60717K(62720K)->60717K(62720K) NonClass: 53745K(55040K)->53745K(55040K) Class: 6971K(7680K)->6971K(7680K)
[2025-04-22T12:47:18.635+0000][2863.981s] GC(35) Pause Young (Normal) (G1 Evacuation Pause) 212M->116M(512M) 46.974ms
[2025-04-22T12:47:18.635+0000][2863.981s] GC(35) User=0.08s Sys=0.00s Real=0.05s
[2025-04-22T12:47:20.544+0000][2865.890s] GC(36) Pause Young (Normal) (G1 Evacuation Pause)
[2025-04-22T12:47:20.544+0000][2865.891s] GC(36) Using 4 workers of 4 for evacuation
[2025-04-22T12:47:20.608+0000][2865.954s] GC(36)   Pre Evacuate Collection Set: 0.0ms
[2025-04-22T12:47:20.608+0000][2865.955s] GC(36)   Evacuate Collection Set: 62.7ms
[2025-04-22T12:47:20.609+0000][2865.955s] GC(36)   Post Evacuate Collection Set: 0.5ms
[2025-04-22T12:47:20.609+0000][2865.955s] GC(36)   Other: 1.2ms
[2025-04-22T12:47:20.609+0000][2865.955s] GC(36) Eden regions: 117->0(130)
[2025-04-22T12:47:20.609+0000][2865.956s] GC(36) Survivor regions: 12->14(17)
[2025-04-22T12:47:20.610+0000][2865.956s] GC(36) Old regions: 100->103
[2025-04-22T12:47:20.610+0000][2865.956s] GC(36) Humongous regions: 7->7
[2025-04-22T12:47:20.610+0000][2865.956s] GC(36) Metaspace: 60731K(62720K)->60731K(62720K) NonClass: 53759K(55040K)->53759K(55040K) Class: 6972K(7680K)->6972K(7680K)
[2025-04-22T12:47:20.610+0000][2865.956s] GC(36) Pause Young (Normal) (G1 Evacuation Pause) 233M->121M(512M) 66.459ms
[2025-04-22T12:47:20.610+0000][2865.957s] GC(36) User=0.14s Sys=0.02s Real=0.06s
[2025-04-22T12:47:26.922+0000][2872.268s] GC(37) Pause Young (Normal) (G1 Evacuation Pause)
[2025-04-22T12:47:26.922+0000][2872.269s] GC(37) Using 4 workers of 4 for evacuation
[2025-04-22T12:47:27.110+0000][2872.456s] GC(37)   Pre Evacuate Collection Set: 0.0ms
[2025-04-22T12:47:27.114+0000][2872.460s] GC(37)   Evacuate Collection Set: 181.1ms
[2025-04-22T12:47:27.114+0000][2872.461s] GC(37)   Post Evacuate Collection Set: 5.6ms
[2025-04-22T12:47:27.115+0000][2872.461s] GC(37)   Other: 0.7ms
[2025-04-22T12:47:27.115+0000][2872.461s] GC(37) Eden regions: 130->0(131)
[2025-04-22T12:47:27.116+0000][2872.462s] GC(37) Survivor regions: 14->10(18)
[2025-04-22T12:47:27.116+0000][2872.462s] GC(37) Old regions: 103->110
[2025-04-22T12:47:27.117+0000][2872.463s] GC(37) Humongous regions: 7->7
[2025-04-22T12:47:27.117+0000][2872.463s] GC(37) Metaspace: 61169K(62976K)->61169K(62976K) NonClass: 54139K(55296K)->54139K(55296K) Class: 7029K(7680K)->7029K(7680K)
[2025-04-22T12:47:27.117+0000][2872.464s] GC(37) Pause Young (Normal) (G1 Evacuation Pause) 251M->124M(512M) 195.203ms
[2025-04-22T12:47:27.118+0000][2872.464s] GC(37) User=0.38s Sys=0.00s Real=0.20s
[2025-04-22T12:47:32.926+0000][2878.272s] GC(38) Pause Young (Normal) (G1 Evacuation Pause)
[2025-04-22T12:47:32.926+0000][2878.272s] GC(38) Using 4 workers of 4 for evacuation
[2025-04-22T12:47:32.962+0000][2878.308s] GC(38)   Pre Evacuate Collection Set: 0.0ms
[2025-04-22T12:47:32.962+0000][2878.308s] GC(38)   Evacuate Collection Set: 34.4ms
[2025-04-22T12:47:32.962+0000][2878.309s] GC(38)   Post Evacuate Collection Set: 0.8ms
[2025-04-22T12:47:32.963+0000][2878.309s] GC(38)   Other: 1.0ms
[2025-04-22T12:47:32.963+0000][2878.309s] GC(38) Eden regions: 131->0(147)
[2025-04-22T12:47:32.963+0000][2878.310s] GC(38) Survivor regions: 10->11(18)
[2025-04-22T12:47:32.964+0000][2878.310s] GC(38) Old regions: 110->113
[2025-04-22T12:47:32.964+0000][2878.310s] GC(38) Humongous regions: 7->7
[2025-04-22T12:47:32.964+0000][2878.311s] GC(38) Metaspace: 61756K(63616K)->61756K(63616K) NonClass: 54648K(55808K)->54648K(55808K) Class: 7108K(7808K)->7108K(7808K)
[2025-04-22T12:47:32.965+0000][2878.311s] GC(38) Pause Young (Normal) (G1 Evacuation Pause) 255M->128M(512M) 39.134ms
[2025-04-22T12:47:32.965+0000][2878.311s] GC(38) User=0.08s Sys=0.00s Real=0.04s
[2025-04-22T12:47:34.838+0000][2880.185s] GC(39) Pause Young (Normal) (G1 Evacuation Pause)
[2025-04-22T12:47:34.839+0000][2880.185s] GC(39) Using 4 workers of 4 for evacuation
[2025-04-22T12:47:35.143+0000][2880.489s] GC(39) MMU target violated: 251.0ms (250.0ms/251.0ms)
[2025-04-22T12:47:35.144+0000][2880.490s] GC(39)   Pre Evacuate Collection Set: 0.0ms
[2025-04-22T12:47:35.144+0000][2880.490s] GC(39)   Evacuate Collection Set: 302.5ms
[2025-04-22T12:47:35.144+0000][2880.490s] GC(39)   Post Evacuate Collection Set: 1.6ms
[2025-04-22T12:47:35.145+0000][2880.491s] GC(39)   Other: 1.2ms
[2025-04-22T12:47:35.145+0000][2880.491s] GC(39) Eden regions: 147->0(120)
[2025-04-22T12:47:35.145+0000][2880.491s] GC(39) Survivor regions: 11->17(20)
[2025-04-22T12:47:35.145+0000][2880.492s] GC(39) Old regions: 113->113
[2025-04-22T12:47:35.146+0000][2880.492s] GC(39) Humongous regions: 7->7
[2025-04-22T12:47:35.146+0000][2880.492s] GC(39) Metaspace: 61763K(63616K)->61763K(63616K) NonClass: 54655K(55808K)->54655K(55808K) Class: 7108K(7808K)->7108K(7808K)
[2025-04-22T12:47:35.146+0000][2880.492s] GC(39) Pause Young (Normal) (G1 Evacuation Pause) 275M->135M(512M) 307.673ms
[2025-04-22T12:47:35.146+0000][2880.493s] GC(39) User=0.50s Sys=0.12s Real=0.31s
[2025-04-22T12:47:37.134+0000][2882.480s] GC(40) Pause Young (Normal) (G1 Evacuation Pause)
[2025-04-22T12:47:37.134+0000][2882.480s] GC(40) Using 4 workers of 4 for evacuation
[2025-04-22T12:47:37.187+0000][2882.533s] GC(40)   Pre Evacuate Collection Set: 0.0ms
[2025-04-22T12:47:37.187+0000][2882.534s] GC(40)   Evacuate Collection Set: 51.8ms
[2025-04-22T12:47:37.188+0000][2882.534s] GC(40)   Post Evacuate Collection Set: 0.8ms
[2025-04-22T12:47:37.188+0000][2882.534s] GC(40)   Other: 0.7ms
[2025-04-22T12:47:37.188+0000][2882.534s] GC(40) Eden regions: 120->0(136)
[2025-04-22T12:47:37.188+0000][2882.534s] GC(40) Survivor regions: 17->14(18)
[2025-04-22T12:47:37.188+0000][2882.535s] GC(40) Old regions: 113->122
[2025-04-22T12:47:37.189+0000][2882.535s] GC(40) Humongous regions: 7->7
[2025-04-22T12:47:37.189+0000][2882.535s] GC(40) Metaspace: 61763K(63616K)->61763K(63616K) NonClass: 54655K(55808K)->54655K(55808K) Class: 7108K(7808K)->7108K(7808K)
[2025-04-22T12:47:37.189+0000][2882.535s] GC(40) Pause Young (Normal) (G1 Evacuation Pause) 255M->140M(512M) 55.067ms
[2025-04-22T12:47:37.189+0000][2882.535s] GC(40) User=0.14s Sys=0.00s Real=0.05s
[2025-04-22T12:47:39.094+0000][2884.440s] GC(41) Pause Young (Normal) (G1 Evacuation Pause)
[2025-04-22T12:47:39.094+0000][2884.441s] GC(41) Using 4 workers of 4 for evacuation
[2025-04-22T12:47:39.184+0000][2884.530s] GC(41)   Pre Evacuate Collection Set: 0.1ms
[2025-04-22T12:47:39.185+0000][2884.531s] GC(41)   Evacuate Collection Set: 88.7ms
[2025-04-22T12:47:39.185+0000][2884.531s] GC(41)   Post Evacuate Collection Set: 0.5ms
[2025-04-22T12:47:39.186+0000][2884.532s] GC(41)   Other: 1.0ms
[2025-04-22T12:47:39.187+0000][2884.533s] GC(41) Eden regions: 136->0(147)
[2025-04-22T12:47:39.187+0000][2884.533s] GC(41) Survivor regions: 14->15(19)
[2025-04-22T12:47:39.188+0000][2884.534s] GC(41) Old regions: 122->126
[2025-04-22T12:47:39.188+0000][2884.535s] GC(41) Humongous regions: 7->7
[2025-04-22T12:47:39.189+0000][2884.535s] GC(41) Metaspace: 61766K(63616K)->61766K(63616K) NonClass: 54657K(55808K)->54657K(55808K) Class: 7108K(7808K)->7108K(7808K)
[2025-04-22T12:47:39.189+0000][2884.535s] GC(41) Pause Young (Normal) (G1 Evacuation Pause) 276M->145M(512M) 95.193ms
[2025-04-22T12:47:39.190+0000][2884.536s] GC(41) User=0.09s Sys=0.01s Real=0.09s
[2025-04-22T12:47:40.966+0000][2886.312s] GC(42) Pause Young (Normal) (G1 Evacuation Pause)
[2025-04-22T12:47:40.974+0000][2886.320s] GC(42) Using 4 workers of 4 for evacuation
[2025-04-22T12:47:41.086+0000][2886.432s] GC(42)   Pre Evacuate Collection Set: 0.0ms
[2025-04-22T12:47:41.086+0000][2886.432s] GC(42)   Evacuate Collection Set: 110.3ms
[2025-04-22T12:47:41.086+0000][2886.433s] GC(42)   Post Evacuate Collection Set: 0.6ms
[2025-04-22T12:47:41.087+0000][2886.433s] GC(42)   Other: 8.8ms
[2025-04-22T12:47:41.087+0000][2886.433s] GC(42) Eden regions: 147->0(155)
[2025-04-22T12:47:41.087+0000][2886.433s] GC(42) Survivor regions: 15->16(21)
[2025-04-22T12:47:41.087+0000][2886.433s] GC(42) Old regions: 126->131
[2025-04-22T12:47:41.087+0000][2886.433s] GC(42) Humongous regions: 7->7
[2025-04-22T12:47:41.088+0000][2886.434s] GC(42) Metaspace: 61786K(63616K)->61786K(63616K) NonClass: 54677K(55808K)->54677K(55808K) Class: 7108K(7808K)->7108K(7808K)
[2025-04-22T12:47:41.088+0000][2886.434s] GC(42) Pause Young (Normal) (G1 Evacuation Pause) 292M->151M(512M) 121.644ms
[2025-04-22T12:47:41.088+0000][2886.434s] GC(42) User=0.11s Sys=0.15s Real=0.12s
[2025-04-22T12:47:44.442+0000][2889.803s] GC(43) Pause Young (Normal) (G1 Evacuation Pause)
[2025-04-22T12:47:44.445+0000][2889.805s] GC(43) Using 4 workers of 4 for evacuation
[2025-04-22T12:47:44.757+0000][2890.117s] GC(43) MMU target violated: 251.0ms (250.0ms/251.0ms)
[2025-04-22T12:47:44.757+0000][2890.118s] GC(43)   Pre Evacuate Collection Set: 0.0ms
[2025-04-22T12:47:44.758+0000][2890.118s] GC(43)   Evacuate Collection Set: 310.2ms
[2025-04-22T12:47:44.758+0000][2890.118s] GC(43)   Post Evacuate Collection Set: 0.8ms
[2025-04-22T12:47:44.758+0000][2890.119s] GC(43)   Other: 4.0ms
[2025-04-22T12:47:44.758+0000][2890.119s] GC(43) Eden regions: 155->0(127)
[2025-04-22T12:47:44.759+0000][2890.119s] GC(43) Survivor regions: 16->18(22)
[2025-04-22T12:47:44.759+0000][2890.119s] GC(43) Old regions: 131->135
[2025-04-22T12:47:44.759+0000][2890.119s] GC(43) Humongous regions: 7->7
[2025-04-22T12:47:44.759+0000][2890.119s] GC(43) Metaspace: 61810K(63616K)->61810K(63616K) NonClass: 54701K(55808K)->54701K(55808K) Class: 7109K(7808K)->7109K(7808K)
[2025-04-22T12:47:44.759+0000][2890.119s] GC(43) Pause Young (Normal) (G1 Evacuation Pause) 306M->158M(512M) 316.641ms
[2025-04-22T12:47:44.759+0000][2890.120s] GC(43) User=0.66s Sys=0.22s Real=0.31s
[2025-04-22T12:47:48.681+0000][2894.041s] GC(44) Pause Young (Normal) (G1 Evacuation Pause)
[2025-04-22T12:47:48.694+0000][2894.054s] GC(44) Using 4 workers of 4 for evacuation
[2025-04-22T12:47:48.820+0000][2894.181s] GC(44)   Pre Evacuate Collection Set: 0.1ms
[2025-04-22T12:47:48.822+0000][2894.182s] GC(44)   Evacuate Collection Set: 122.6ms
[2025-04-22T12:47:48.822+0000][2894.183s] GC(44)   Post Evacuate Collection Set: 0.7ms
[2025-04-22T12:47:48.822+0000][2894.183s] GC(44)   Other: 16.4ms
[2025-04-22T12:47:48.823+0000][2894.183s] GC(44) Eden regions: 127->0(148)
[2025-04-22T12:47:48.823+0000][2894.183s] GC(44) Survivor regions: 18->9(19)
[2025-04-22T12:47:48.823+0000][2894.184s] GC(44) Old regions: 135->150
[2025-04-22T12:47:48.823+0000][2894.184s] GC(44) Humongous regions: 7->7
[2025-04-22T12:47:48.824+0000][2894.184s] GC(44) Metaspace: 61827K(63616K)->61827K(63616K) NonClass: 54717K(55808K)->54717K(55808K) Class: 7110K(7808K)->7110K(7808K)
[2025-04-22T12:47:48.824+0000][2894.184s] GC(44) Pause Young (Normal) (G1 Evacuation Pause) 285M->164M(512M) 143.077ms
[2025-04-22T12:47:48.824+0000][2894.185s] GC(44) User=0.21s Sys=0.02s Real=0.14s
[2025-04-22T12:47:53.580+0000][2898.940s] GC(45) Pause Young (Normal) (G1 Evacuation Pause)
[2025-04-22T12:47:53.597+0000][2898.958s] GC(45) Using 4 workers of 4 for evacuation
[2025-04-22T12:47:53.653+0000][2899.013s] GC(45)   Pre Evacuate Collection Set: 0.0ms
[2025-04-22T12:47:53.660+0000][2899.020s] GC(45)   Evacuate Collection Set: 53.7ms
[2025-04-22T12:47:53.661+0000][2899.022s] GC(45)   Post Evacuate Collection Set: 0.7ms
[2025-04-22T12:47:53.667+0000][2899.027s] GC(45)   Other: 18.7ms
[2025-04-22T12:47:53.668+0000][2899.029s] GC(45) Eden regions: 148->0(160)
[2025-04-22T12:47:53.677+0000][2899.037s] GC(45) Survivor regions: 9->15(20)
[2025-04-22T12:47:53.679+0000][2899.040s] GC(45) Old regions: 150->150
[2025-04-22T12:47:53.679+0000][2899.040s] GC(45) Humongous regions: 7->7
[2025-04-22T12:47:53.680+0000][2899.040s] GC(45) Metaspace: 61832K(63616K)->61832K(63616K) NonClass: 54722K(55808K)->54722K(55808K) Class: 7110K(7808K)->7110K(7808K)
[2025-04-22T12:47:53.680+0000][2899.040s] GC(45) Pause Young (Normal) (G1 Evacuation Pause) 312M->169M(512M) 100.404ms
[2025-04-22T12:47:53.680+0000][2899.041s] GC(45) User=0.16s Sys=0.03s Real=0.10s
[2025-04-22T12:47:56.680+0000][2902.040s] GC(46) Pause Young (Normal) (G1 Evacuation Pause)
[2025-04-22T12:47:56.682+0000][2902.042s] GC(46) Using 4 workers of 4 for evacuation
[2025-04-22T12:47:56.832+0000][2902.193s] GC(46)   Pre Evacuate Collection Set: 0.1ms
[2025-04-22T12:47:56.834+0000][2902.195s] GC(46)   Evacuate Collection Set: 145.9ms
[2025-04-22T12:47:56.845+0000][2902.206s] GC(46)   Post Evacuate Collection Set: 3.3ms
[2025-04-22T12:47:56.847+0000][2902.208s] GC(46)   Other: 3.1ms
[2025-04-22T12:47:56.859+0000][2902.220s] GC(46) Eden regions: 160->0(168)
[2025-04-22T12:47:56.871+0000][2902.231s] GC(46) Survivor regions: 15->12(22)
[2025-04-22T12:47:56.877+0000][2902.237s] GC(46) Old regions: 150->157
[2025-04-22T12:47:56.880+0000][2902.240s] GC(46) Humongous regions: 7->7
[2025-04-22T12:47:56.883+0000][2902.243s] GC(46) Metaspace: 61833K(63616K)->61833K(63616K) NonClass: 54723K(55808K)->54723K(55808K) Class: 7110K(7808K)->7110K(7808K)
[2025-04-22T12:47:56.885+0000][2902.246s] GC(46) Pause Young (Normal) (G1 Evacuation Pause) 329M->173M(512M) 205.283ms
[2025-04-22T12:47:56.888+0000][2902.248s] GC(46) User=0.35s Sys=0.10s Real=0.21s
[2025-04-22T12:48:03.474+0000][2908.834s] GC(47) Pause Young (Normal) (G1 Evacuation Pause)
[2025-04-22T12:48:03.478+0000][2908.839s] GC(47) Using 4 workers of 4 for evacuation
[2025-04-22T12:48:03.642+0000][2909.003s] GC(47)   Pre Evacuate Collection Set: 0.0ms
[2025-04-22T12:48:03.643+0000][2909.003s] GC(47)   Evacuate Collection Set: 162.9ms
[2025-04-22T12:48:03.643+0000][2909.003s] GC(47)   Post Evacuate Collection Set: 0.6ms
[2025-04-22T12:48:03.643+0000][2909.004s] GC(47)   Other: 5.2ms
[2025-04-22T12:48:03.643+0000][2909.004s] GC(47) Eden regions: 168->0(167)
[2025-04-22T12:48:03.644+0000][2909.004s] GC(47) Survivor regions: 12->19(23)
[2025-04-22T12:48:03.644+0000][2909.004s] GC(47) Old regions: 157->157
[2025-04-22T12:48:03.644+0000][2909.005s] GC(47) Humongous regions: 7->7
[2025-04-22T12:48:03.644+0000][2909.005s] GC(47) Metaspace: 61859K(63872K)->61859K(63872K) NonClass: 54749K(56064K)->54749K(56064K) Class: 7110K(7808K)->7110K(7808K)
[2025-04-22T12:48:03.645+0000][2909.005s] GC(47) Pause Young (Normal) (G1 Evacuation Pause) 341M->180M(512M) 170.935ms
[2025-04-22T12:48:03.645+0000][2909.005s] GC(47) User=0.26s Sys=0.06s Real=0.17s
[2025-04-22T12:48:09.948+0000][2915.309s] GC(48) Pause Young (Normal) (G1 Evacuation Pause)
[2025-04-22T12:48:09.951+0000][2915.311s] GC(48) Using 4 workers of 4 for evacuation
[2025-04-22T12:48:10.079+0000][2915.439s] GC(48)   Pre Evacuate Collection Set: 0.1ms
[2025-04-22T12:48:10.079+0000][2915.440s] GC(48)   Evacuate Collection Set: 126.4ms
[2025-04-22T12:48:10.079+0000][2915.440s] GC(48)   Post Evacuate Collection Set: 1.0ms
[2025-04-22T12:48:10.080+0000][2915.440s] GC(48)   Other: 3.0ms
[2025-04-22T12:48:10.080+0000][2915.440s] GC(48) Eden regions: 167->0(183)
[2025-04-22T12:48:10.080+0000][2915.441s] GC(48) Survivor regions: 19->16(24)
[2025-04-22T12:48:10.081+0000][2915.441s] GC(48) Old regions: 157->163
[2025-04-22T12:48:10.081+0000][2915.441s] GC(48) Humongous regions: 7->7
[2025-04-22T12:48:10.081+0000][2915.441s] GC(48) Metaspace: 61943K(63872K)->61943K(63872K) NonClass: 54832K(56064K)->54832K(56064K) Class: 7111K(7808K)->7111K(7808K)
[2025-04-22T12:48:10.081+0000][2915.442s] GC(48) Pause Young (Normal) (G1 Evacuation Pause) 347M->183M(512M) 132.961ms
[2025-04-22T12:48:10.082+0000][2915.442s] GC(48) User=0.14s Sys=0.04s Real=0.14s
[2025-04-22T12:48:15.214+0000][2920.580s] GC(49) Pause Young (Normal) (G1 Evacuation Pause)
[2025-04-22T12:48:15.224+0000][2920.589s] GC(49) Using 4 workers of 4 for evacuation
[2025-04-22T12:48:15.688+0000][2921.054s] GC(49) MMU target violated: 251.0ms (250.0ms/251.0ms)
[2025-04-22T12:48:15.689+0000][2921.054s] GC(49)   Pre Evacuate Collection Set: 0.1ms
[2025-04-22T12:48:15.689+0000][2921.055s] GC(49)   Evacuate Collection Set: 459.1ms
[2025-04-22T12:48:15.689+0000][2921.055s] GC(49)   Post Evacuate Collection Set: 0.8ms
[2025-04-22T12:48:15.690+0000][2921.055s] GC(49)   Other: 14.4ms
[2025-04-22T12:48:15.690+0000][2921.055s] GC(49) Eden regions: 183->0(96)
[2025-04-22T12:48:15.690+0000][2921.056s] GC(49) Survivor regions: 16->16(25)
[2025-04-22T12:48:15.690+0000][2921.056s] GC(49) Old regions: 163->169
[2025-04-22T12:48:15.690+0000][2921.056s] GC(49) Humongous regions: 7->7
[2025-04-22T12:48:15.691+0000][2921.056s] GC(49) Metaspace: 61944K(63872K)->61944K(63872K) NonClass: 54832K(56064K)->54832K(56064K) Class: 7111K(7808K)->7111K(7808K)
[2025-04-22T12:48:15.691+0000][2921.057s] GC(49) Pause Young (Normal) (G1 Evacuation Pause) 366M->190M(512M) 476.434ms
[2025-04-22T12:48:15.691+0000][2921.057s] GC(49) User=1.33s Sys=0.03s Real=0.48s
[2025-04-22T12:48:18.483+0000][2923.849s] GC(50) Pause Young (Normal) (G1 Evacuation Pause)
[2025-04-22T12:48:18.483+0000][2923.849s] GC(50) Using 4 workers of 4 for evacuation
[2025-04-22T12:48:18.575+0000][2923.941s] GC(50)   Pre Evacuate Collection Set: 0.1ms
[2025-04-22T12:48:18.575+0000][2923.941s] GC(50)   Evacuate Collection Set: 90.4ms
[2025-04-22T12:48:18.576+0000][2923.941s] GC(50)   Post Evacuate Collection Set: 0.7ms
[2025-04-22T12:48:18.576+0000][2923.941s] GC(50)   Other: 1.0ms
[2025-04-22T12:48:18.576+0000][2923.942s] GC(50) Eden regions: 96->0(165)
[2025-04-22T12:48:18.576+0000][2923.942s] GC(50) Survivor regions: 16->9(14)
[2025-04-22T12:48:18.576+0000][2923.942s] GC(50) Old regions: 169->181
[2025-04-22T12:48:18.577+0000][2923.942s] GC(50) Humongous regions: 7->7
[2025-04-22T12:48:18.577+0000][2923.943s] GC(50) Metaspace: 61964K(63872K)->61964K(63872K) NonClass: 54852K(56064K)->54852K(56064K) Class: 7111K(7808K)->7111K(7808K)
[2025-04-22T12:48:18.577+0000][2923.943s] GC(50) Pause Young (Normal) (G1 Evacuation Pause) 286M->194M(512M) 94.188ms
[2025-04-22T12:48:18.577+0000][2923.943s] GC(50) User=0.21s Sys=0.01s Real=0.10s
[2025-04-22T12:48:20.547+0000][2925.913s] GC(51) Pause Young (Normal) (G1 Evacuation Pause)
[2025-04-22T12:48:20.554+0000][2925.920s] GC(51) Using 4 workers of 4 for evacuation
[2025-04-22T12:48:20.595+0000][2925.961s] GC(51)   Pre Evacuate Collection Set: 0.1ms
[2025-04-22T12:48:20.596+0000][2925.961s] GC(51)   Evacuate Collection Set: 39.7ms
[2025-04-22T12:48:20.596+0000][2925.961s] GC(51)   Post Evacuate Collection Set: 0.6ms
[2025-04-22T12:48:20.596+0000][2925.962s] GC(51)   Other: 7.6ms
[2025-04-22T12:48:20.596+0000][2925.962s] GC(51) Eden regions: 165->0(186)
[2025-04-22T12:48:20.596+0000][2925.962s] GC(51) Survivor regions: 9->14(22)
[2025-04-22T12:48:20.597+0000][2925.962s] GC(51) Old regions: 181->181
[2025-04-22T12:48:20.597+0000][2925.963s] GC(51) Humongous regions: 7->7
[2025-04-22T12:48:20.597+0000][2925.963s] GC(51) Metaspace: 61989K(63872K)->61989K(63872K) NonClass: 54877K(56064K)->54877K(56064K) Class: 7111K(7808K)->7111K(7808K)
[2025-04-22T12:48:20.598+0000][2925.963s] GC(51) Pause Young (Normal) (G1 Evacuation Pause) 359M->200M(512M) 50.424ms
[2025-04-22T12:48:20.598+0000][2925.963s] GC(51) User=0.03s Sys=0.01s Real=0.05s
[2025-04-22T12:48:22.496+0000][2927.861s] GC(52) Pause Young (Normal) (G1 Evacuation Pause)
[2025-04-22T12:48:22.496+0000][2927.862s] GC(52) Using 4 workers of 4 for evacuation
[2025-04-22T12:48:22.764+0000][2928.130s] GC(52) MMU target violated: 251.0ms (250.0ms/251.0ms)
[2025-04-22T12:48:22.765+0000][2928.130s] GC(52)   Pre Evacuate Collection Set: 0.0ms
[2025-04-22T12:48:22.765+0000][2928.131s] GC(52)   Evacuate Collection Set: 267.2ms
[2025-04-22T12:48:22.765+0000][2928.131s] GC(52)   Post Evacuate Collection Set: 0.7ms
[2025-04-22T12:48:22.766+0000][2928.131s] GC(52)   Other: 1.2ms
[2025-04-22T12:48:22.766+0000][2928.131s] GC(52) Eden regions: 186->0(148)
[2025-04-22T12:48:22.766+0000][2928.132s] GC(52) Survivor regions: 14->18(25)
[2025-04-22T12:48:22.767+0000][2928.132s] GC(52) Old regions: 181->184
[2025-04-22T12:48:22.767+0000][2928.133s] GC(52) Humongous regions: 7->7
[2025-04-22T12:48:22.767+0000][2928.133s] GC(52) Metaspace: 61990K(63872K)->61990K(63872K) NonClass: 54878K(56064K)->54878K(56064K) Class: 7111K(7808K)->7111K(7808K)
[2025-04-22T12:48:22.767+0000][2928.133s] GC(52) Pause Young (Normal) (G1 Evacuation Pause) 386M->206M(512M) 271.716ms
[2025-04-22T12:48:22.768+0000][2928.133s] GC(52) User=0.50s Sys=0.20s Real=0.27s
[2025-04-22T12:48:24.775+0000][2930.141s] GC(53) Pause Young (Normal) (G1 Evacuation Pause)
[2025-04-22T12:48:24.776+0000][2930.141s] GC(53) Using 4 workers of 4 for evacuation
[2025-04-22T12:48:24.891+0000][2930.256s] GC(53)   Pre Evacuate Collection Set: 0.0ms
[2025-04-22T12:48:24.898+0000][2930.264s] GC(53)   Evacuate Collection Set: 106.1ms
[2025-04-22T12:48:24.913+0000][2930.278s] GC(53)   Post Evacuate Collection Set: 8.6ms
[2025-04-22T12:48:24.919+0000][2930.285s] GC(53)   Other: 0.6ms
[2025-04-22T12:48:24.920+0000][2930.285s] GC(53) Eden regions: 148->0(190)
[2025-04-22T12:48:24.920+0000][2930.285s] GC(53) Survivor regions: 18->11(21)
[2025-04-22T12:48:24.920+0000][2930.286s] GC(53) Old regions: 184->199
[2025-04-22T12:48:24.921+0000][2930.286s] GC(53) Humongous regions: 7->7
[2025-04-22T12:48:24.921+0000][2930.287s] GC(53) Metaspace: 62001K(63872K)->62001K(63872K) NonClass: 54889K(56064K)->54889K(56064K) Class: 7111K(7808K)->7111K(7808K)
[2025-04-22T12:48:24.922+0000][2930.287s] GC(53) Pause Young (Normal) (G1 Evacuation Pause) 354M->214M(512M) 146.406ms
[2025-04-22T12:48:24.922+0000][2930.288s] GC(53) User=0.19s Sys=0.00s Real=0.14s
[2025-04-22T12:48:26.791+0000][2932.157s] GC(54) Pause Young (Normal) (G1 Evacuation Pause)
[2025-04-22T12:48:26.797+0000][2932.163s] GC(54) Using 4 workers of 4 for evacuation
[2025-04-22T12:48:26.839+0000][2932.204s] GC(54)   Pre Evacuate Collection Set: 0.1ms
[2025-04-22T12:48:26.839+0000][2932.205s] GC(54)   Evacuate Collection Set: 34.6ms
[2025-04-22T12:48:26.839+0000][2932.205s] GC(54)   Post Evacuate Collection Set: 0.9ms
[2025-04-22T12:48:26.839+0000][2932.205s] GC(54)   Other: 12.1ms
[2025-04-22T12:48:26.839+0000][2932.205s] GC(54) Eden regions: 190->0(194)
[2025-04-22T12:48:26.840+0000][2932.205s] GC(54) Survivor regions: 11->16(26)
[2025-04-22T12:48:26.840+0000][2932.206s] GC(54) Old regions: 199->199
[2025-04-22T12:48:26.840+0000][2932.206s] GC(54) Humongous regions: 7->7
[2025-04-22T12:48:26.841+0000][2932.206s] GC(54) Metaspace: 62005K(63872K)->62005K(63872K) NonClass: 54893K(56064K)->54893K(56064K) Class: 7111K(7808K)->7111K(7808K)
[2025-04-22T12:48:26.841+0000][2932.206s] GC(54) Pause Young (Normal) (G1 Evacuation Pause) 404M->219M(512M) 49.786ms
[2025-04-22T12:48:26.841+0000][2932.207s] GC(54) User=0.05s Sys=0.01s Real=0.05s
[2025-04-22T12:48:29.828+0000][2935.194s] GC(55) Pause Young (Normal) (G1 Evacuation Pause)
[2025-04-22T12:48:29.838+0000][2935.203s] GC(55) Using 4 workers of 4 for evacuation
[2025-04-22T12:48:30.651+0000][2936.016s] GC(55) MMU target violated: 251.0ms (250.0ms/251.0ms)
[2025-04-22T12:48:30.652+0000][2936.018s] GC(55)   Pre Evacuate Collection Set: 0.0ms
[2025-04-22T12:48:30.654+0000][2936.019s] GC(55)   Evacuate Collection Set: 811.3ms
[2025-04-22T12:48:30.654+0000][2936.020s] GC(55)   Post Evacuate Collection Set: 0.8ms
[2025-04-22T12:48:30.655+0000][2936.020s] GC(55)   Other: 12.1ms
[2025-04-22T12:48:30.655+0000][2936.020s] GC(55) Eden regions: 194->0(11)
[2025-04-22T12:48:30.655+0000][2936.021s] GC(55) Survivor regions: 16->16(27)
[2025-04-22T12:48:30.656+0000][2936.021s] GC(55) Old regions: 199->205
[2025-04-22T12:48:30.656+0000][2936.022s] GC(55) Humongous regions: 7->7
[2025-04-22T12:48:30.656+0000][2936.022s] GC(55) Metaspace: 62036K(63872K)->62036K(63872K) NonClass: 54924K(56064K)->54924K(56064K) Class: 7111K(7808K)->7111K(7808K)
[2025-04-22T12:48:30.657+0000][2936.022s] GC(55) Pause Young (Normal) (G1 Evacuation Pause) 413M->226M(512M) 828.421ms
[2025-04-22T12:48:30.657+0000][2936.023s] GC(55) User=1.41s Sys=0.68s Real=0.83s
[2025-04-22T12:48:31.077+0000][2936.443s] GC(56) Pause Young (Normal) (G1 Evacuation Pause)
[2025-04-22T12:48:31.078+0000][2936.443s] GC(56) Using 4 workers of 4 for evacuation
[2025-04-22T12:48:31.155+0000][2936.520s] GC(56)   Pre Evacuate Collection Set: 0.0ms
[2025-04-22T12:48:31.155+0000][2936.521s] GC(56)   Evacuate Collection Set: 76.3ms
[2025-04-22T12:48:31.156+0000][2936.521s] GC(56)   Post Evacuate Collection Set: 0.5ms
[2025-04-22T12:48:31.156+0000][2936.521s] GC(56)   Other: 0.6ms
[2025-04-22T12:48:31.156+0000][2936.522s] GC(56) Eden regions: 11->0(113)
[2025-04-22T12:48:31.156+0000][2936.522s] GC(56) Survivor regions: 16->2(4)
[2025-04-22T12:48:31.157+0000][2936.522s] GC(56) Old regions: 205->220
[2025-04-22T12:48:31.162+0000][2936.527s] GC(56) Humongous regions: 7->7
[2025-04-22T12:48:31.162+0000][2936.528s] GC(56) Metaspace: 62036K(63872K)->62036K(63872K) NonClass: 54924K(56064K)->54924K(56064K) Class: 7111K(7808K)->7111K(7808K)
[2025-04-22T12:48:31.168+0000][2936.534s] GC(56) Pause Young (Normal) (G1 Evacuation Pause) 237M->226M(512M) 90.607ms
[2025-04-22T12:48:31.171+0000][2936.537s] GC(56) User=0.15s Sys=0.02s Real=0.09s
[2025-04-22T12:48:37.778+0000][2943.144s] GC(57) Pause Young (Normal) (G1 Evacuation Pause)
[2025-04-22T12:48:37.781+0000][2943.147s] GC(57) Using 4 workers of 4 for evacuation
[2025-04-22T12:48:37.815+0000][2943.180s] GC(57)   Pre Evacuate Collection Set: 0.1ms
[2025-04-22T12:48:37.815+0000][2943.181s] GC(57)   Evacuate Collection Set: 32.0ms
[2025-04-22T12:48:37.815+0000][2943.181s] GC(57)   Post Evacuate Collection Set: 0.7ms
[2025-04-22T12:48:37.816+0000][2943.181s] GC(57)   Other: 4.0ms
[2025-04-22T12:48:37.816+0000][2943.182s] GC(57) Eden regions: 113->0(129)
[2025-04-22T12:48:37.817+0000][2943.182s] GC(57) Survivor regions: 2->5(15)
[2025-04-22T12:48:37.817+0000][2943.183s] GC(57) Old regions: 220->220
[2025-04-22T12:48:37.817+0000][2943.183s] GC(57) Humongous regions: 7->7
[2025-04-22T12:48:37.818+0000][2943.183s] GC(57) Metaspace: 62113K(63872K)->62113K(63872K) NonClass: 55001K(56064K)->55001K(56064K) Class: 7112K(7808K)->7112K(7808K)
[2025-04-22T12:48:37.818+0000][2943.184s] GC(57) Pause Young (Normal) (G1 Evacuation Pause) 339M->229M(512M) 39.933ms
[2025-04-22T12:48:37.818+0000][2943.184s] GC(57) User=0.01s Sys=0.00s Real=0.04s
[2025-04-22T12:48:40.856+0000][2946.222s] GC(58) Pause Young (Normal) (G1 Evacuation Pause)
[2025-04-22T12:48:40.856+0000][2946.222s] GC(58) Using 4 workers of 4 for evacuation
[2025-04-22T12:48:40.893+0000][2946.258s] GC(58)   Pre Evacuate Collection Set: 0.0ms
[2025-04-22T12:48:40.895+0000][2946.260s] GC(58)   Evacuate Collection Set: 34.4ms
[2025-04-22T12:48:40.908+0000][2946.274s] GC(58)   Post Evacuate Collection Set: 1.5ms
[2025-04-22T12:48:40.909+0000][2946.274s] GC(58)   Other: 0.8ms
[2025-04-22T12:48:40.910+0000][2946.276s] GC(58) Eden regions: 129->0(135)
[2025-04-22T12:48:40.911+0000][2946.277s] GC(58) Survivor regions: 5->11(17)
[2025-04-22T12:48:40.913+0000][2946.278s] GC(58) Old regions: 220->220
[2025-04-22T12:48:40.913+0000][2946.279s] GC(58) Humongous regions: 7->7
[2025-04-22T12:48:40.914+0000][2946.280s] GC(58) Metaspace: 62113K(63872K)->62113K(63872K) NonClass: 55001K(56064K)->55001K(56064K) Class: 7112K(7808K)->7112K(7808K)
[2025-04-22T12:48:40.915+0000][2946.281s] GC(58) Pause Young (Normal) (G1 Evacuation Pause) 358M->235M(512M) 59.059ms
[2025-04-22T12:48:40.916+0000][2946.282s] GC(58) User=0.05s Sys=0.00s Real=0.05s
[2025-04-22T12:48:44.731+0000][2950.101s] GC(59) Pause Young (Normal) (G1 Evacuation Pause)
[2025-04-22T12:48:44.740+0000][2950.110s] GC(59) Using 4 workers of 4 for evacuation
[2025-04-22T12:48:44.810+0000][2950.180s] GC(59)   Pre Evacuate Collection Set: 0.1ms
[2025-04-22T12:48:44.810+0000][2950.180s] GC(59)   Evacuate Collection Set: 49.7ms
[2025-04-22T12:48:44.811+0000][2950.180s] GC(59)   Post Evacuate Collection Set: 10.0ms
[2025-04-22T12:48:44.811+0000][2950.181s] GC(59)   Other: 19.5ms
[2025-04-22T12:48:44.811+0000][2950.181s] GC(59) Eden regions: 135->0(145)
[2025-04-22T12:48:44.811+0000][2950.181s] GC(59) Survivor regions: 11->14(19)
[2025-04-22T12:48:44.811+0000][2950.181s] GC(59) Old regions: 220->223
[2025-04-22T12:48:44.812+0000][2950.181s] GC(59) Humongous regions: 7->7
[2025-04-22T12:48:44.812+0000][2950.182s] GC(59) Metaspace: 62114K(63872K)->62114K(63872K) NonClass: 55002K(56064K)->55002K(56064K) Class: 7112K(7808K)->7112K(7808K)
[2025-04-22T12:48:44.812+0000][2950.182s] GC(59) Pause Young (Normal) (G1 Evacuation Pause) 370M->241M(512M) 81.151ms
[2025-04-22T12:48:44.812+0000][2950.182s] GC(59) User=0.16s Sys=0.00s Real=0.08s
[2025-04-22T12:48:46.690+0000][2952.060s] GC(60) Pause Young (Normal) (G1 Evacuation Pause)
[2025-04-22T12:48:46.691+0000][2952.061s] GC(60) Using 4 workers of 4 for evacuation
[2025-04-22T12:48:46.738+0000][2952.108s] GC(60)   Pre Evacuate Collection Set: 0.0ms
[2025-04-22T12:48:46.739+0000][2952.108s] GC(60)   Evacuate Collection Set: 46.3ms
[2025-04-22T12:48:46.739+0000][2952.109s] GC(60)   Post Evacuate Collection Set: 0.4ms
[2025-04-22T12:48:46.739+0000][2952.109s] GC(60)   Other: 1.2ms
[2025-04-22T12:48:46.739+0000][2952.109s] GC(60) Eden regions: 145->0(156)
[2025-04-22T12:48:46.739+0000][2952.109s] GC(60) Survivor regions: 14->15(20)
[2025-04-22T12:48:46.740+0000][2952.110s] GC(60) Old regions: 223->227
[2025-04-22T12:48:46.740+0000][2952.110s] GC(60) Humongous regions: 7->7
[2025-04-22T12:48:46.740+0000][2952.110s] GC(60) Metaspace: 62117K(63872K)->62117K(63872K) NonClass: 55004K(56064K)->55004K(56064K) Class: 7112K(7808K)->7112K(7808K)
[2025-04-22T12:48:46.740+0000][2952.110s] GC(60) Pause Young (Normal) (G1 Evacuation Pause) 386M->247M(512M) 50.022ms
[2025-04-22T12:48:46.741+0000][2952.110s] GC(60) User=0.08s Sys=0.01s Real=0.05s
[2025-04-22T12:48:48.370+0000][2953.740s] GC(61) Pause Young (Concurrent Start) (G1 Evacuation Pause)
[2025-04-22T12:48:48.370+0000][2953.740s] GC(61) Using 4 workers of 4 for evacuation
[2025-04-22T12:48:48.461+0000][2953.831s] GC(61)   Pre Evacuate Collection Set: 5.7ms
[2025-04-22T12:48:48.461+0000][2953.831s] GC(61)   Evacuate Collection Set: 78.5ms
[2025-04-22T12:48:48.461+0000][2953.831s] GC(61)   Post Evacuate Collection Set: 0.6ms
[2025-04-22T12:48:48.462+0000][2953.832s] GC(61)   Other: 6.0ms
[2025-04-22T12:48:48.462+0000][2953.832s] GC(61) Eden regions: 156->0(156)
[2025-04-22T12:48:48.465+0000][2953.835s] GC(61) Survivor regions: 15->16(22)
[2025-04-22T12:48:48.466+0000][2953.835s] GC(61) Old regions: 227->232
[2025-04-22T12:48:48.466+0000][2953.836s] GC(61) Humongous regions: 7->7
[2025-04-22T12:48:48.466+0000][2953.836s] GC(61) Metaspace: 62117K(63872K)->62117K(63872K) NonClass: 55004K(56064K)->55004K(56064K) Class: 7112K(7808K)->7112K(7808K)
[2025-04-22T12:48:48.466+0000][2953.836s] GC(61) Pause Young (Concurrent Start) (G1 Evacuation Pause) 403M->252M(512M) 96.284ms
[2025-04-22T12:48:48.467+0000][2953.836s] GC(61) User=0.16s Sys=0.01s Real=0.09s
[2025-04-22T12:48:48.471+0000][2953.841s] GC(62) Concurrent Cycle
[2025-04-22T12:48:48.473+0000][2953.843s] GC(62) Concurrent Clear Claimed Marks
[2025-04-22T12:48:48.473+0000][2953.843s] GC(62) Concurrent Clear Claimed Marks 1.119ms
[2025-04-22T12:48:48.474+0000][2953.844s] GC(62) Concurrent Scan Root Regions
[2025-04-22T12:48:48.520+0000][2953.890s] GC(62) Concurrent Scan Root Regions 46.693ms
[2025-04-22T12:48:48.521+0000][2953.891s] GC(62) Concurrent Mark (2953.891s)
[2025-04-22T12:48:48.521+0000][2953.891s] GC(62) Concurrent Mark From Roots
[2025-04-22T12:48:48.522+0000][2953.892s] GC(62) Using 1 workers of 1 for marking
[2025-04-22T12:48:50.145+0000][2955.515s] GC(62) Concurrent Mark From Roots 1624.098ms
[2025-04-22T12:48:50.146+0000][2955.515s] GC(62) Concurrent Preclean
[2025-04-22T12:48:50.146+0000][2955.516s] GC(62) Concurrent Preclean 0.919ms
[2025-04-22T12:48:50.150+0000][2955.520s] GC(62) Concurrent Mark (2953.891s, 2955.520s) 1629.105ms
[2025-04-22T12:48:50.157+0000][2955.527s] GC(62) Pause Remark
[2025-04-22T12:48:50.908+0000][2956.278s] GC(62) Cleaned string and symbol table, strings: 28138 processed, 520 removed, symbols: 155031 processed, 573 removed
[2025-04-22T12:48:50.916+0000][2956.286s] GC(62) MMU target violated: 251.0ms (250.0ms/251.0ms)
[2025-04-22T12:48:50.917+0000][2956.286s] GC(62) Pause Remark 349M->288M(512M) 759.116ms
[2025-04-22T12:48:50.917+0000][2956.287s] GC(62) User=2.77s Sys=0.03s Real=0.76s
[2025-04-22T12:48:50.918+0000][2956.288s] GC(62) Concurrent Rebuild Remembered Sets
[2025-04-22T12:48:51.108+0000][2956.477s] GC(62) Concurrent Rebuild Remembered Sets 189.516ms
[2025-04-22T12:48:51.109+0000][2956.479s] GC(62) Pause Cleanup
[2025-04-22T12:48:51.110+0000][2956.479s] GC(62) Pause Cleanup 305M->305M(512M) 0.598ms
[2025-04-22T12:48:51.110+0000][2956.480s] GC(62) User=0.00s Sys=0.00s Real=0.00s
[2025-04-22T12:48:51.110+0000][2956.480s] GC(62) Concurrent Cleanup for Next Mark
[2025-04-22T12:48:51.264+0000][2956.634s] GC(62) Concurrent Cleanup for Next Mark 153.227ms
[2025-04-22T12:48:51.264+0000][2956.634s] GC(62) Concurrent Cycle 2793.391ms
[2025-04-22T12:48:51.490+0000][2956.860s] GC(63) Pause Young (Prepare Mixed) (G1 Evacuation Pause)
[2025-04-22T12:48:51.494+0000][2956.864s] GC(63) Using 4 workers of 4 for evacuation
[2025-04-22T12:48:51.527+0000][2956.897s] GC(63)   Pre Evacuate Collection Set: 0.0ms
[2025-04-22T12:48:51.527+0000][2956.897s] GC(63)   Evacuate Collection Set: 32.2ms
[2025-04-22T12:48:51.528+0000][2956.898s] GC(63)   Post Evacuate Collection Set: 0.7ms
[2025-04-22T12:48:51.528+0000][2956.898s] GC(63)   Other: 4.1ms
[2025-04-22T12:48:51.528+0000][2956.898s] GC(63) Eden regions: 156->0(7)
[2025-04-22T12:48:51.528+0000][2956.898s] GC(63) Survivor regions: 16->18(22)
[2025-04-22T12:48:51.528+0000][2956.898s] GC(63) Old regions: 171->175
[2025-04-22T12:48:51.529+0000][2956.899s] GC(63) Humongous regions: 7->7
[2025-04-22T12:48:51.529+0000][2956.899s] GC(63) Metaspace: 61901K(63872K)->61901K(63872K) NonClass: 54850K(56064K)->54850K(56064K) Class: 7051K(7808K)->7051K(7808K)
[2025-04-22T12:48:51.529+0000][2956.899s] GC(63) Pause Young (Prepare Mixed) (G1 Evacuation Pause) 347M->198M(512M) 38.795ms
[2025-04-22T12:48:51.529+0000][2956.899s] GC(63) User=0.07s Sys=0.00s Real=0.03s
[2025-04-22T12:48:51.590+0000][2956.960s] GC(64) Pause Young (Mixed) (G1 Evacuation Pause)
[2025-04-22T12:48:51.590+0000][2956.960s] GC(64) Using 4 workers of 4 for evacuation
[2025-04-22T12:48:51.602+0000][2956.972s] GC(64)   Pre Evacuate Collection Set: 0.1ms
[2025-04-22T12:48:51.603+0000][2956.972s] GC(64)   Evacuate Collection Set: 10.4ms
[2025-04-22T12:48:51.603+0000][2956.973s] GC(64)   Post Evacuate Collection Set: 1.0ms
[2025-04-22T12:48:51.603+0000][2956.973s] GC(64)   Other: 0.6ms
[2025-04-22T12:48:51.603+0000][2956.973s] GC(64) Eden regions: 7->0(24)
[2025-04-22T12:48:51.603+0000][2956.973s] GC(64) Survivor regions: 18->1(4)
[2025-04-22T12:48:51.604+0000][2956.973s] GC(64) Old regions: 175->141
[2025-04-22T12:48:51.604+0000][2956.974s] GC(64) Humongous regions: 7->7
[2025-04-22T12:48:51.604+0000][2956.974s] GC(64) Metaspace: 61901K(63872K)->61901K(63872K) NonClass: 54850K(56064K)->54850K(56064K) Class: 7051K(7808K)->7051K(7808K)
[2025-04-22T12:48:51.604+0000][2956.974s] GC(64) Pause Young (Mixed) (G1 Evacuation Pause) 205M->146M(512M) 14.040ms
[2025-04-22T12:48:51.604+0000][2956.974s] GC(64) User=0.03s Sys=0.00s Real=0.01s
[2025-04-22T12:48:51.767+0000][2957.136s] GC(65) Pause Young (Mixed) (G1 Evacuation Pause)
[2025-04-22T12:48:51.767+0000][2957.137s] GC(65) Using 4 workers of 4 for evacuation
[2025-04-22T12:48:51.781+0000][2957.151s] GC(65)   Pre Evacuate Collection Set: 0.1ms
[2025-04-22T12:48:51.781+0000][2957.151s] GC(65)   Evacuate Collection Set: 12.7ms
[2025-04-22T12:48:51.782+0000][2957.152s] GC(65)   Post Evacuate Collection Set: 0.8ms
[2025-04-22T12:48:51.782+0000][2957.152s] GC(65)   Other: 0.8ms
[2025-04-22T12:48:51.782+0000][2957.152s] GC(65) Eden regions: 24->0(229)
[2025-04-22T12:48:51.782+0000][2957.152s] GC(65) Survivor regions: 1->2(4)
[2025-04-22T12:48:51.782+0000][2957.152s] GC(65) Old regions: 141->114
[2025-04-22T12:48:51.783+0000][2957.152s] GC(65) Humongous regions: 7->7
[2025-04-22T12:48:51.783+0000][2957.153s] GC(65) Metaspace: 61901K(63872K)->61901K(63872K) NonClass: 54850K(56064K)->54850K(56064K) Class: 7051K(7808K)->7051K(7808K)
[2025-04-22T12:48:51.783+0000][2957.153s] GC(65) Pause Young (Mixed) (G1 Evacuation Pause) 170M->120M(512M) 16.392ms
[2025-04-22T12:48:51.783+0000][2957.153s] GC(65) User=0.03s Sys=0.00s Real=0.02s
[2025-04-22T12:48:55.412+0000][2960.782s] GC(66) Pause Young (Normal) (G1 Evacuation Pause)
[2025-04-22T12:48:55.418+0000][2960.787s] GC(66) Using 4 workers of 4 for evacuation
[2025-04-22T12:48:55.516+0000][2960.886s] GC(66)   Pre Evacuate Collection Set: 0.0ms
[2025-04-22T12:48:55.517+0000][2960.886s] GC(66)   Evacuate Collection Set: 87.2ms
[2025-04-22T12:48:55.517+0000][2960.887s] GC(66)   Post Evacuate Collection Set: 1.7ms
[2025-04-22T12:48:55.517+0000][2960.887s] GC(66)   Other: 15.5ms
[2025-04-22T12:48:55.517+0000][2960.887s] GC(66) Eden regions: 229->0(237)
[2025-04-22T12:48:55.517+0000][2960.887s] GC(66) Survivor regions: 2->12(29)
[2025-04-22T12:48:55.518+0000][2960.887s] GC(66) Old regions: 114->114
[2025-04-22T12:48:55.518+0000][2960.888s] GC(66) Humongous regions: 7->7
[2025-04-22T12:48:55.518+0000][2960.888s] GC(66) Metaspace: 61901K(63872K)->61901K(63872K) NonClass: 54850K(56064K)->54850K(56064K) Class: 7051K(7808K)->7051K(7808K)
[2025-04-22T12:48:55.518+0000][2960.888s] GC(66) Pause Young (Normal) (G1 Evacuation Pause) 349M->131M(512M) 106.476ms
[2025-04-22T12:48:55.522+0000][2960.891s] GC(66) User=0.16s Sys=0.03s Real=0.11s
[2025-04-22T12:49:00.440+0000][2965.810s] GC(67) Pause Young (Normal) (G1 Evacuation Pause)
[2025-04-22T12:49:00.445+0000][2965.815s] GC(67) Using 4 workers of 4 for evacuation
[2025-04-22T12:49:00.585+0000][2965.955s] GC(67)   Pre Evacuate Collection Set: 0.1ms
[2025-04-22T12:49:00.586+0000][2965.956s] GC(67)   Evacuate Collection Set: 135.2ms
[2025-04-22T12:49:00.586+0000][2965.956s] GC(67)   Post Evacuate Collection Set: 3.9ms
[2025-04-22T12:49:00.586+0000][2965.956s] GC(67)   Other: 5.8ms
[2025-04-22T12:49:00.587+0000][2965.957s] GC(67) Eden regions: 237->0(245)
[2025-04-22T12:49:00.587+0000][2965.957s] GC(67) Survivor regions: 12->19(32)
[2025-04-22T12:49:00.587+0000][2965.957s] GC(67) Old regions: 114->114
[2025-04-22T12:49:00.587+0000][2965.957s] GC(67) Humongous regions: 7->7
[2025-04-22T12:49:00.588+0000][2965.957s] GC(67) Metaspace: 61901K(63872K)->61901K(63872K) NonClass: 54850K(56064K)->54850K(56064K) Class: 7051K(7808K)->7051K(7808K)
[2025-04-22T12:49:00.588+0000][2965.958s] GC(67) Pause Young (Normal) (G1 Evacuation Pause) 368M->138M(512M) 147.385ms
[2025-04-22T12:49:00.588+0000][2965.958s] GC(67) User=0.22s Sys=0.05s Real=0.14s
[2025-04-22T12:49:16.342+0000][2981.716s] GC(68) Pause Young (Normal) (G1 Evacuation Pause)
[2025-04-22T12:49:16.343+0000][2981.716s] GC(68) Using 4 workers of 4 for evacuation
[2025-04-22T12:49:16.370+0000][2981.743s] GC(68)   Pre Evacuate Collection Set: 0.0ms
[2025-04-22T12:49:16.370+0000][2981.744s] GC(68)   Evacuate Collection Set: 25.5ms
[2025-04-22T12:49:16.370+0000][2981.744s] GC(68)   Post Evacuate Collection Set: 1.1ms
[2025-04-22T12:49:16.371+0000][2981.744s] GC(68)   Other: 0.9ms
[2025-04-22T12:49:16.371+0000][2981.745s] GC(68) Eden regions: 245->0(272)
[2025-04-22T12:49:16.371+0000][2981.745s] GC(68) Survivor regions: 19->6(33)
[2025-04-22T12:49:16.372+0000][2981.745s] GC(68) Old regions: 114->116
[2025-04-22T12:49:16.374+0000][2981.747s] GC(68) Humongous regions: 7->7
[2025-04-22T12:49:16.375+0000][2981.748s] GC(68) Metaspace: 61920K(64128K)->61920K(64128K) NonClass: 54869K(56320K)->54869K(56320K) Class: 7051K(7808K)->7051K(7808K)
[2025-04-22T12:49:16.375+0000][2981.749s] GC(68) Pause Young (Normal) (G1 Evacuation Pause) 383M->127M(512M) 32.758ms
[2025-04-22T12:49:16.375+0000][2981.749s] GC(68) User=0.06s Sys=0.00s Real=0.03s
[2025-04-22T12:49:20.084+0000][2985.457s] GC(69) Pause Young (Normal) (G1 Evacuation Pause)
[2025-04-22T12:49:20.084+0000][2985.458s] GC(69) Using 4 workers of 4 for evacuation
[2025-04-22T12:49:20.106+0000][2985.479s] GC(69)   Pre Evacuate Collection Set: 0.0ms
[2025-04-22T12:49:20.106+0000][2985.479s] GC(69)   Evacuate Collection Set: 20.2ms
[2025-04-22T12:49:20.106+0000][2985.479s] GC(69)   Post Evacuate Collection Set: 0.8ms
[2025-04-22T12:49:20.106+0000][2985.480s] GC(69)   Other: 0.8ms
[2025-04-22T12:49:20.106+0000][2985.480s] GC(69) Eden regions: 272->0(264)
[2025-04-22T12:49:20.106+0000][2985.480s] GC(69) Survivor regions: 6->17(35)
[2025-04-22T12:49:20.107+0000][2985.480s] GC(69) Old regions: 116->116
[2025-04-22T12:49:20.107+0000][2985.480s] GC(69) Humongous regions: 7->7
[2025-04-22T12:49:20.107+0000][2985.480s] GC(69) Metaspace: 61920K(64128K)->61920K(64128K) NonClass: 54869K(56320K)->54869K(56320K) Class: 7051K(7808K)->7051K(7808K)
[2025-04-22T12:49:20.107+0000][2985.481s] GC(69) Pause Young (Normal) (G1 Evacuation Pause) 399M->138M(512M) 23.177ms
[2025-04-22T12:49:20.107+0000][2985.481s] GC(69) User=0.04s Sys=0.00s Real=0.03s
[2025-04-22T12:49:22.848+0000][2988.222s] GC(70) Pause Young (Normal) (G1 Evacuation Pause)
[2025-04-22T12:49:22.848+0000][2988.222s] GC(70) Using 4 workers of 4 for evacuation
[2025-04-22T12:49:22.866+0000][2988.239s] GC(70)   Pre Evacuate Collection Set: 0.1ms
[2025-04-22T12:49:22.866+0000][2988.240s] GC(70)   Evacuate Collection Set: 16.7ms
[2025-04-22T12:49:22.866+0000][2988.240s] GC(70)   Post Evacuate Collection Set: 0.5ms
[2025-04-22T12:49:22.867+0000][2988.240s] GC(70)   Other: 0.7ms
[2025-04-22T12:49:22.867+0000][2988.240s] GC(70) Eden regions: 264->0(258)
[2025-04-22T12:49:22.867+0000][2988.240s] GC(70) Survivor regions: 17->26(36)
[2025-04-22T12:49:22.867+0000][2988.241s] GC(70) Old regions: 116->116
[2025-04-22T12:49:22.867+0000][2988.241s] GC(70) Humongous regions: 7->7
[2025-04-22T12:49:22.867+0000][2988.241s] GC(70) Metaspace: 61956K(64128K)->61956K(64128K) NonClass: 54891K(56320K)->54891K(56320K) Class: 7064K(7808K)->7064K(7808K)
[2025-04-22T12:49:22.868+0000][2988.241s] GC(70) Pause Young (Normal) (G1 Evacuation Pause) 402M->147M(512M) 19.548ms
[2025-04-22T12:49:22.868+0000][2988.241s] GC(70) User=0.04s Sys=0.00s Real=0.02s
[2025-04-22T12:49:24.623+0000][2989.997s] GC(71) Pause Young (Normal) (G1 Evacuation Pause)
[2025-04-22T12:49:24.624+0000][2989.997s] GC(71) Using 4 workers of 4 for evacuation
[2025-04-22T12:49:24.737+0000][2990.111s] GC(71)   Pre Evacuate Collection Set: 0.0ms
[2025-04-22T12:49:24.738+0000][2990.111s] GC(71)   Evacuate Collection Set: 112.2ms
[2025-04-22T12:49:24.738+0000][2990.111s] GC(71)   Post Evacuate Collection Set: 0.7ms
[2025-04-22T12:49:24.738+0000][2990.112s] GC(71)   Other: 0.8ms
[2025-04-22T12:49:24.738+0000][2990.112s] GC(71) Eden regions: 258->0(241)
[2025-04-22T12:49:24.739+0000][2990.112s] GC(71) Survivor regions: 26->29(36)
[2025-04-22T12:49:24.739+0000][2990.112s] GC(71) Old regions: 116->129
[2025-04-22T12:49:24.739+0000][2990.113s] GC(71) Humongous regions: 7->7
[2025-04-22T12:49:24.739+0000][2990.113s] GC(71) Metaspace: 61956K(64128K)->61956K(64128K) NonClass: 54891K(56320K)->54891K(56320K) Class: 7064K(7808K)->7064K(7808K)
[2025-04-22T12:49:24.739+0000][2990.113s] GC(71) Pause Young (Normal) (G1 Evacuation Pause) 405M->162M(512M) 115.983ms
[2025-04-22T12:49:24.740+0000][2990.113s] GC(71) User=0.29s Sys=0.03s Real=0.12s
[2025-04-22T12:49:26.216+0000][2991.589s] GC(72) Pause Young (Normal) (G1 Evacuation Pause)
[2025-04-22T12:49:26.216+0000][2991.590s] GC(72) Using 4 workers of 4 for evacuation
[2025-04-22T12:49:26.341+0000][2991.715s] GC(72)   Pre Evacuate Collection Set: 0.0ms
[2025-04-22T12:49:26.342+0000][2991.715s] GC(72)   Evacuate Collection Set: 114.2ms
[2025-04-22T12:49:26.342+0000][2991.715s] GC(72)   Post Evacuate Collection Set: 0.7ms
[2025-04-22T12:49:26.342+0000][2991.716s] GC(72)   Other: 10.5ms
[2025-04-22T12:49:26.342+0000][2991.716s] GC(72) Eden regions: 241->0(232)
[2025-04-22T12:49:26.342+0000][2991.716s] GC(72) Survivor regions: 29->17(34)
[2025-04-22T12:49:26.343+0000][2991.716s] GC(72) Old regions: 129->149
[2025-04-22T12:49:26.343+0000][2991.716s] GC(72) Humongous regions: 9->9
[2025-04-22T12:49:26.343+0000][2991.716s] GC(72) Metaspace: 61956K(64128K)->61956K(64128K) NonClass: 54891K(56320K)->54891K(56320K) Class: 7064K(7808K)->7064K(7808K)
[2025-04-22T12:49:26.343+0000][2991.717s] GC(72) Pause Young (Normal) (G1 Evacuation Pause) 405M->172M(512M) 127.219ms
[2025-04-22T12:49:26.343+0000][2991.717s] GC(72) User=0.39s Sys=0.01s Real=0.13s
[2025-04-22T12:49:30.945+0000][2996.319s] GC(73) Pause Young (Normal) (G1 Evacuation Pause)
[2025-04-22T12:49:30.946+0000][2996.320s] GC(73) Using 4 workers of 4 for evacuation
[2025-04-22T12:49:30.981+0000][2996.354s] GC(73)   Pre Evacuate Collection Set: 0.0ms
[2025-04-22T12:49:30.986+0000][2996.360s] GC(73)   Evacuate Collection Set: 20.7ms
[2025-04-22T12:49:30.996+0000][2996.370s] GC(73)   Post Evacuate Collection Set: 3.7ms
[2025-04-22T12:49:30.998+0000][2996.371s] GC(73)   Other: 11.0ms
[2025-04-22T12:49:31.026+0000][2996.400s] GC(73) Eden regions: 232->0(233)
[2025-04-22T12:49:31.027+0000][2996.400s] GC(73) Survivor regions: 17->21(32)
[2025-04-22T12:49:31.027+0000][2996.400s] GC(73) Old regions: 149->149
[2025-04-22T12:49:31.027+0000][2996.400s] GC(73) Humongous regions: 9->9
[2025-04-22T12:49:31.027+0000][2996.401s] GC(73) Metaspace: 61999K(64128K)->61999K(64128K) NonClass: 54934K(56320K)->54934K(56320K) Class: 7064K(7808K)->7064K(7808K)
[2025-04-22T12:49:31.027+0000][2996.401s] GC(73) Pause Young (Normal) (G1 Evacuation Pause) 404M->176M(512M) 81.799ms
[2025-04-22T12:49:31.027+0000][2996.401s] GC(73) User=0.10s Sys=0.00s Real=0.09s
[2025-04-22T12:49:32.388+0000][2997.762s] GC(74) Pause Young (Normal) (G1 Evacuation Pause)
[2025-04-22T12:49:32.389+0000][2997.762s] GC(74) Using 4 workers of 4 for evacuation
[2025-04-22T12:49:32.412+0000][2997.785s] GC(74)   Pre Evacuate Collection Set: 0.0ms
[2025-04-22T12:49:32.412+0000][2997.785s] GC(74)   Evacuate Collection Set: 22.0ms
[2025-04-22T12:49:32.412+0000][2997.786s] GC(74)   Post Evacuate Collection Set: 0.6ms
[2025-04-22T12:49:32.412+0000][2997.786s] GC(74)   Other: 0.8ms
[2025-04-22T12:49:32.413+0000][2997.786s] GC(74) Eden regions: 233->0(227)
[2025-04-22T12:49:32.413+0000][2997.786s] GC(74) Survivor regions: 21->21(32)
[2025-04-22T12:49:32.413+0000][2997.786s] GC(74) Old regions: 149->159
[2025-04-22T12:49:32.413+0000][2997.786s] GC(74) Humongous regions: 9->9
[2025-04-22T12:49:32.413+0000][2997.787s] GC(74) Metaspace: 61999K(64128K)->61999K(64128K) NonClass: 54934K(56320K)->54934K(56320K) Class: 7064K(7808K)->7064K(7808K)
[2025-04-22T12:49:32.413+0000][2997.787s] GC(74) Pause Young (Normal) (G1 Evacuation Pause) 409M->186M(512M) 24.961ms
[2025-04-22T12:49:32.413+0000][2997.787s] GC(74) User=0.06s Sys=0.00s Real=0.02s
[2025-04-22T12:49:34.044+0000][2999.417s] GC(75) Pause Young (Normal) (G1 Evacuation Pause)
[2025-04-22T12:49:34.045+0000][2999.418s] GC(75) Using 4 workers of 4 for evacuation
[2025-04-22T12:49:34.083+0000][2999.457s] GC(75)   Pre Evacuate Collection Set: 0.0ms
[2025-04-22T12:49:34.084+0000][2999.457s] GC(75)   Evacuate Collection Set: 36.9ms
[2025-04-22T12:49:34.084+0000][2999.458s] GC(75)   Post Evacuate Collection Set: 1.1ms
[2025-04-22T12:49:34.084+0000][2999.458s] GC(75)   Other: 1.5ms
[2025-04-22T12:49:34.085+0000][2999.458s] GC(75) Eden regions: 227->0(219)
[2025-04-22T12:49:34.085+0000][2999.458s] GC(75) Survivor regions: 21->21(31)
[2025-04-22T12:49:34.085+0000][2999.459s] GC(75) Old regions: 159->168
[2025-04-22T12:49:34.085+0000][2999.459s] GC(75) Humongous regions: 9->9
[2025-04-22T12:49:34.085+0000][2999.459s] GC(75) Metaspace: 61999K(64128K)->61999K(64128K) NonClass: 54934K(56320K)->54934K(56320K) Class: 7064K(7808K)->7064K(7808K)
[2025-04-22T12:49:34.086+0000][2999.459s] GC(75) Pause Young (Normal) (G1 Evacuation Pause) 413M->196M(512M) 41.957ms
[2025-04-22T12:49:34.086+0000][2999.460s] GC(75) User=0.10s Sys=0.01s Real=0.04s
[2025-04-22T12:49:36.417+0000][3001.790s] GC(76) Pause Young (Normal) (G1 Evacuation Pause)
[2025-04-22T12:49:36.417+0000][3001.791s] GC(76) Using 4 workers of 4 for evacuation
[2025-04-22T12:49:36.454+0000][3001.827s] GC(76)   Pre Evacuate Collection Set: 0.0ms
[2025-04-22T12:49:36.456+0000][3001.830s] GC(76)   Evacuate Collection Set: 33.6ms
[2025-04-22T12:49:36.456+0000][3001.830s] GC(76)   Post Evacuate Collection Set: 2.4ms
[2025-04-22T12:49:36.457+0000][3001.830s] GC(76)   Other: 1.2ms
[2025-04-22T12:49:36.457+0000][3001.830s] GC(76) Eden regions: 219->0(215)
[2025-04-22T12:49:36.457+0000][3001.831s] GC(76) Survivor regions: 21->21(30)
[2025-04-22T12:49:36.457+0000][3001.831s] GC(76) Old regions: 168->175
[2025-04-22T12:49:36.458+0000][3001.831s] GC(76) Humongous regions: 9->9
[2025-04-22T12:49:36.458+0000][3001.831s] GC(76) Metaspace: 61999K(64128K)->61999K(64128K) NonClass: 54934K(56320K)->54934K(56320K) Class: 7064K(7808K)->7064K(7808K)
[2025-04-22T12:49:36.458+0000][3001.832s] GC(76) Pause Young (Normal) (G1 Evacuation Pause) 415M->203M(512M) 41.355ms
[2025-04-22T12:49:36.458+0000][3001.832s] GC(76) User=0.11s Sys=0.01s Real=0.04s
[2025-04-22T12:49:38.397+0000][3003.771s] GC(77) Pause Young (Normal) (G1 Evacuation Pause)
[2025-04-22T12:49:38.398+0000][3003.771s] GC(77) Using 4 workers of 4 for evacuation
[2025-04-22T12:49:38.438+0000][3003.812s] GC(77)   Pre Evacuate Collection Set: 0.0ms
[2025-04-22T12:49:38.439+0000][3003.812s] GC(77)   Evacuate Collection Set: 39.4ms
[2025-04-22T12:49:38.439+0000][3003.812s] GC(77)   Post Evacuate Collection Set: 0.8ms
[2025-04-22T12:49:38.439+0000][3003.813s] GC(77)   Other: 0.9ms
[2025-04-22T12:49:38.440+0000][3003.813s] GC(77) Eden regions: 215->0(204)
[2025-04-22T12:49:38.440+0000][3003.813s] GC(77) Survivor regions: 21->23(30)
[2025-04-22T12:49:38.440+0000][3003.814s] GC(77) Old regions: 175->182
[2025-04-22T12:49:38.440+0000][3003.814s] GC(77) Humongous regions: 10->10
[2025-04-22T12:49:38.440+0000][3003.814s] GC(77) Metaspace: 61999K(64128K)->61999K(64128K) NonClass: 54934K(56320K)->54934K(56320K) Class: 7064K(7808K)->7064K(7808K)
[2025-04-22T12:49:38.441+0000][3003.814s] GC(77) Pause Young (Normal) (G1 Evacuation Pause) 419M->212M(512M) 43.563ms
[2025-04-22T12:49:38.441+0000][3003.815s] GC(77) User=0.12s Sys=0.00s Real=0.04s
[2025-04-22T12:49:39.843+0000][3005.217s] GC(78) Pause Young (Normal) (G1 Evacuation Pause)
[2025-04-22T12:49:39.844+0000][3005.217s] GC(78) Using 4 workers of 4 for evacuation
[2025-04-22T12:49:39.885+0000][3005.259s] GC(78)   Pre Evacuate Collection Set: 0.1ms
[2025-04-22T12:49:39.886+0000][3005.259s] GC(78)   Evacuate Collection Set: 40.8ms
[2025-04-22T12:49:39.886+0000][3005.259s] GC(78)   Post Evacuate Collection Set: 0.5ms
[2025-04-22T12:49:39.886+0000][3005.260s] GC(78)   Other: 0.7ms
[2025-04-22T12:49:39.886+0000][3005.260s] GC(78) Eden regions: 204->0(199)
[2025-04-22T12:49:39.887+0000][3005.260s] GC(78) Survivor regions: 23->13(29)
[2025-04-22T12:49:39.887+0000][3005.260s] GC(78) Old regions: 182->199
[2025-04-22T12:49:39.887+0000][3005.260s] GC(78) Humongous regions: 11->11
[2025-04-22T12:49:39.887+0000][3005.261s] GC(78) Metaspace: 61999K(64128K)->61999K(64128K) NonClass: 54934K(56320K)->54934K(56320K) Class: 7064K(7808K)->7064K(7808K)
[2025-04-22T12:49:39.887+0000][3005.261s] GC(78) Pause Young (Normal) (G1 Evacuation Pause) 417M->220M(512M) 43.906ms
[2025-04-22T12:49:39.887+0000][3005.261s] GC(78) User=0.08s Sys=0.01s Real=0.05s
[2025-04-22T12:49:42.299+0000][3007.673s] GC(79) Pause Young (Normal) (G1 Evacuation Pause)
[2025-04-22T12:49:42.299+0000][3007.673s] GC(79) Using 4 workers of 4 for evacuation
[2025-04-22T12:49:42.338+0000][3007.711s] GC(79)   Pre Evacuate Collection Set: 0.0ms
[2025-04-22T12:49:42.338+0000][3007.711s] GC(79)   Evacuate Collection Set: 37.1ms
[2025-04-22T12:49:42.338+0000][3007.711s] GC(79)   Post Evacuate Collection Set: 0.6ms
[2025-04-22T12:49:42.338+0000][3007.712s] GC(79)   Other: 0.7ms
[2025-04-22T12:49:42.338+0000][3007.712s] GC(79) Eden regions: 199->0(192)
[2025-04-22T12:49:42.339+0000][3007.712s] GC(79) Survivor regions: 13->21(27)
[2025-04-22T12:49:42.339+0000][3007.712s] GC(79) Old regions: 199->199
[2025-04-22T12:49:42.340+0000][3007.714s] GC(79) Humongous regions: 11->11
[2025-04-22T12:49:42.341+0000][3007.714s] GC(79) Metaspace: 62002K(64128K)->62002K(64128K) NonClass: 54938K(56320K)->54938K(56320K) Class: 7064K(7808K)->7064K(7808K)
[2025-04-22T12:49:42.343+0000][3007.717s] GC(79) Pause Young (Normal) (G1 Evacuation Pause) 419M->229M(512M) 44.142ms
[2025-04-22T12:49:42.343+0000][3007.717s] GC(79) User=0.07s Sys=0.00s Real=0.04s
[2025-04-22T12:49:45.166+0000][3010.545s] GC(80) Pause Young (Normal) (G1 Evacuation Pause)
[2025-04-22T12:49:45.166+0000][3010.545s] GC(80) Using 4 workers of 4 for evacuation
[2025-04-22T12:49:45.182+0000][3010.560s] GC(80)   Pre Evacuate Collection Set: 0.0ms
[2025-04-22T12:49:45.182+0000][3010.561s] GC(80)   Evacuate Collection Set: 14.1ms
[2025-04-22T12:49:45.182+0000][3010.561s] GC(80)   Post Evacuate Collection Set: 0.8ms
[2025-04-22T12:49:45.182+0000][3010.561s] GC(80)   Other: 0.6ms
[2025-04-22T12:49:45.183+0000][3010.561s] GC(80) Eden regions: 192->0(192)
[2025-04-22T12:49:45.183+0000][3010.561s] GC(80) Survivor regions: 21->17(27)
[2025-04-22T12:49:45.183+0000][3010.562s] GC(80) Old regions: 199->207
[2025-04-22T12:49:45.183+0000][3010.562s] GC(80) Humongous regions: 11->11
[2025-04-22T12:49:45.183+0000][3010.562s] GC(80) Metaspace: 62023K(64128K)->62023K(64128K) NonClass: 54959K(56320K)->54959K(56320K) Class: 7064K(7808K)->7064K(7808K)
[2025-04-22T12:49:45.183+0000][3010.562s] GC(80) Pause Young (Normal) (G1 Evacuation Pause) 421M->233M(512M) 17.281ms
[2025-04-22T12:49:45.184+0000][3010.562s] GC(80) User=0.02s Sys=0.01s Real=0.02s
[2025-04-22T12:49:46.400+0000][3011.779s] GC(81) Pause Young (Normal) (G1 Evacuation Pause)
[2025-04-22T12:49:46.401+0000][3011.779s] GC(81) Using 4 workers of 4 for evacuation
[2025-04-22T12:49:46.414+0000][3011.792s] GC(81)   Pre Evacuate Collection Set: 0.0ms
[2025-04-22T12:49:46.414+0000][3011.793s] GC(81)   Evacuate Collection Set: 12.2ms
[2025-04-22T12:49:46.414+0000][3011.793s] GC(81)   Post Evacuate Collection Set: 0.7ms
[2025-04-22T12:49:46.414+0000][3011.793s] GC(81)   Other: 0.6ms
[2025-04-22T12:49:46.415+0000][3011.793s] GC(81) Eden regions: 192->0(187)
[2025-04-22T12:49:46.415+0000][3011.793s] GC(81) Survivor regions: 17->14(27)
[2025-04-22T12:49:46.415+0000][3011.793s] GC(81) Old regions: 207->218
[2025-04-22T12:49:46.415+0000][3011.794s] GC(81) Humongous regions: 11->11
[2025-04-22T12:49:46.415+0000][3011.794s] GC(81) Metaspace: 62023K(64128K)->62023K(64128K) NonClass: 54959K(56320K)->54959K(56320K) Class: 7064K(7808K)->7064K(7808K)
[2025-04-22T12:49:46.415+0000][3011.794s] GC(81) Pause Young (Normal) (G1 Evacuation Pause) 425M->240M(512M) 14.888ms
[2025-04-22T12:49:46.415+0000][3011.794s] GC(81) User=0.04s Sys=0.00s Real=0.02s
[2025-04-22T12:49:47.829+0000][3013.208s] GC(82) Pause Young (Normal) (G1 Evacuation Pause)
[2025-04-22T12:49:47.830+0000][3013.208s] GC(82) Using 4 workers of 4 for evacuation
[2025-04-22T12:49:47.840+0000][3013.219s] GC(82)   Pre Evacuate Collection Set: 0.0ms
[2025-04-22T12:49:47.841+0000][3013.219s] GC(82)   Evacuate Collection Set: 9.9ms
[2025-04-22T12:49:47.841+0000][3013.219s] GC(82)   Post Evacuate Collection Set: 0.4ms
[2025-04-22T12:49:47.841+0000][3013.220s] GC(82)   Other: 0.7ms
[2025-04-22T12:49:47.841+0000][3013.220s] GC(82) Eden regions: 187->0(180)
[2025-04-22T12:49:47.841+0000][3013.220s] GC(82) Survivor regions: 14->18(26)
[2025-04-22T12:49:47.841+0000][3013.220s] GC(82) Old regions: 218->221
[2025-04-22T12:49:47.841+0000][3013.220s] GC(82) Humongous regions: 11->11
[2025-04-22T12:49:47.842+0000][3013.220s] GC(82) Metaspace: 62024K(64128K)->62024K(64128K) NonClass: 54959K(56320K)->54959K(56320K) Class: 7064K(7808K)->7064K(7808K)
[2025-04-22T12:49:47.842+0000][3013.220s] GC(82) Pause Young (Normal) (G1 Evacuation Pause) 427M->248M(512M) 12.411ms
[2025-04-22T12:49:47.842+0000][3013.220s] GC(82) User=0.03s Sys=0.00s Real=0.02s
[2025-04-22T12:49:49.089+0000][3014.467s] GC(83) Pause Young (Concurrent Start) (G1 Evacuation Pause)
[2025-04-22T12:49:49.089+0000][3014.467s] GC(83) Using 4 workers of 4 for evacuation
[2025-04-22T12:49:49.127+0000][3014.505s] GC(83)   Pre Evacuate Collection Set: 0.2ms
[2025-04-22T12:49:49.127+0000][3014.506s] GC(83)   Evacuate Collection Set: 36.7ms
[2025-04-22T12:49:49.127+0000][3014.506s] GC(83)   Post Evacuate Collection Set: 0.6ms
[2025-04-22T12:49:49.127+0000][3014.506s] GC(83)   Other: 0.8ms
[2025-04-22T12:49:49.128+0000][3014.506s] GC(83) Eden regions: 180->0(173)
[2025-04-22T12:49:49.128+0000][3014.506s] GC(83) Survivor regions: 18->18(25)
[2025-04-22T12:49:49.128+0000][3014.507s] GC(83) Old regions: 221->228
[2025-04-22T12:49:49.128+0000][3014.507s] GC(83) Humongous regions: 11->11
[2025-04-22T12:49:49.128+0000][3014.507s] GC(83) Metaspace: 62024K(64128K)->62024K(64128K) NonClass: 54959K(56320K)->54959K(56320K) Class: 7064K(7808K)->7064K(7808K)
[2025-04-22T12:49:49.129+0000][3014.507s] GC(83) Pause Young (Concurrent Start) (G1 Evacuation Pause) 428M->254M(512M) 39.979ms
[2025-04-22T12:49:49.129+0000][3014.507s] GC(83) User=0.04s Sys=0.00s Real=0.04s
[2025-04-22T12:49:49.129+0000][3014.508s] GC(84) Concurrent Cycle
[2025-04-22T12:49:49.130+0000][3014.508s] GC(84) Concurrent Clear Claimed Marks
[2025-04-22T12:49:49.131+0000][3014.510s] GC(84) Concurrent Clear Claimed Marks 1.545ms
[2025-04-22T12:49:49.135+0000][3014.513s] GC(84) Concurrent Scan Root Regions
[2025-04-22T12:49:49.145+0000][3014.523s] GC(84) Concurrent Scan Root Regions 10.172ms
[2025-04-22T12:49:49.148+0000][3014.527s] GC(84) Concurrent Mark (3014.527s)
[2025-04-22T12:49:49.151+0000][3014.530s] GC(84) Concurrent Mark From Roots
[2025-04-22T12:49:49.152+0000][3014.531s] GC(84) Using 1 workers of 1 for marking
[2025-04-22T12:49:49.357+0000][3014.736s] GC(84) Concurrent Mark From Roots 206.038ms
[2025-04-22T12:49:49.357+0000][3014.736s] GC(84) Concurrent Preclean
[2025-04-22T12:49:49.358+0000][3014.737s] GC(84) Concurrent Preclean 0.602ms
[2025-04-22T12:49:49.359+0000][3014.737s] GC(84) Concurrent Mark (3014.527s, 3014.737s) 210.586ms
[2025-04-22T12:49:49.364+0000][3014.743s] GC(84) Pause Remark
[2025-04-22T12:49:49.378+0000][3014.756s] GC(84) Cleaned string and symbol table, strings: 27721 processed, 4 removed, symbols: 154496 processed, 75 removed
[2025-04-22T12:49:49.378+0000][3014.757s] GC(84) Pause Remark 282M->211M(512M) 14.122ms
[2025-04-22T12:49:49.379+0000][3014.757s] GC(84) User=0.03s Sys=0.00s Real=0.01s
[2025-04-22T12:49:49.379+0000][3014.757s] GC(84) Concurrent Rebuild Remembered Sets
[2025-04-22T12:49:49.492+0000][3014.870s] GC(84) Concurrent Rebuild Remembered Sets 112.932ms
[2025-04-22T12:49:49.492+0000][3014.871s] GC(84) Pause Cleanup
[2025-04-22T12:49:49.494+0000][3014.872s] GC(84) Pause Cleanup 227M->227M(512M) 1.049ms
[2025-04-22T12:49:49.494+0000][3014.872s] GC(84) User=0.01s Sys=0.00s Real=0.00s
[2025-04-22T12:49:49.494+0000][3014.873s] GC(84) Concurrent Cleanup for Next Mark
[2025-04-22T12:49:49.536+0000][3014.915s] GC(84) Concurrent Cleanup for Next Mark 42.038ms
[2025-04-22T12:49:49.536+0000][3014.915s] GC(84) Concurrent Cycle 407.446ms
[2025-04-22T12:49:50.281+0000][3015.660s] GC(85) Pause Young (Prepare Mixed) (G1 Evacuation Pause)
[2025-04-22T12:49:50.281+0000][3015.660s] GC(85) Using 4 workers of 4 for evacuation
[2025-04-22T12:49:50.315+0000][3015.693s] GC(85)   Pre Evacuate Collection Set: 0.0ms
[2025-04-22T12:49:50.315+0000][3015.694s] GC(85)   Evacuate Collection Set: 32.2ms
[2025-04-22T12:49:50.315+0000][3015.694s] GC(85)   Post Evacuate Collection Set: 0.6ms
[2025-04-22T12:49:50.315+0000][3015.694s] GC(85)   Other: 0.7ms
[2025-04-22T12:49:50.315+0000][3015.694s] GC(85) Eden regions: 173->0(6)
[2025-04-22T12:49:50.316+0000][3015.694s] GC(85) Survivor regions: 18->19(24)
[2025-04-22T12:49:50.316+0000][3015.694s] GC(85) Old regions: 161->167
[2025-04-22T12:49:50.316+0000][3015.695s] GC(85) Humongous regions: 7->7
[2025-04-22T12:49:50.316+0000][3015.695s] GC(85) Metaspace: 62024K(64128K)->62024K(64128K) NonClass: 54959K(56320K)->54959K(56320K) Class: 7064K(7808K)->7064K(7808K)
[2025-04-22T12:49:50.316+0000][3015.695s] GC(85) Pause Young (Prepare Mixed) (G1 Evacuation Pause) 356M->190M(512M) 35.043ms
[2025-04-22T12:49:50.316+0000][3015.695s] GC(85) User=0.08s Sys=0.01s Real=0.03s
[2025-04-22T12:49:50.362+0000][3015.740s] GC(86) Pause Young (Mixed) (G1 Evacuation Pause)
[2025-04-22T12:49:50.362+0000][3015.741s] GC(86) Using 4 workers of 4 for evacuation
[2025-04-22T12:49:50.379+0000][3015.758s] GC(86)   Pre Evacuate Collection Set: 0.1ms
[2025-04-22T12:49:50.379+0000][3015.758s] GC(86)   Evacuate Collection Set: 16.1ms
[2025-04-22T12:49:50.380+0000][3015.758s] GC(86)   Post Evacuate Collection Set: 0.7ms
[2025-04-22T12:49:50.380+0000][3015.758s] GC(86)   Other: 0.7ms
[2025-04-22T12:49:50.380+0000][3015.759s] GC(86) Eden regions: 6->0(23)
[2025-04-22T12:49:50.380+0000][3015.759s] GC(86) Survivor regions: 19->2(4)
[2025-04-22T12:49:50.380+0000][3015.759s] GC(86) Old regions: 167->133
[2025-04-22T12:49:50.381+0000][3015.759s] GC(86) Humongous regions: 7->7
[2025-04-22T12:49:50.381+0000][3015.759s] GC(86) Metaspace: 62024K(64128K)->62024K(64128K) NonClass: 54959K(56320K)->54959K(56320K) Class: 7064K(7808K)->7064K(7808K)
[2025-04-22T12:49:50.381+0000][3015.760s] GC(86) Pause Young (Mixed) (G1 Evacuation Pause) 196M->139M(512M) 19.364ms
[2025-04-22T12:49:50.381+0000][3015.760s] GC(86) User=0.04s Sys=0.00s Real=0.02s
[2025-04-22T12:49:50.540+0000][3015.918s] GC(87) Pause Young (Mixed) (G1 Evacuation Pause)
[2025-04-22T12:49:50.540+0000][3015.919s] GC(87) Using 4 workers of 4 for evacuation
[2025-04-22T12:49:50.546+0000][3015.925s] GC(87)   Pre Evacuate Collection Set: 0.0ms
[2025-04-22T12:49:50.546+0000][3015.925s] GC(87)   Evacuate Collection Set: 5.0ms
[2025-04-22T12:49:50.546+0000][3015.925s] GC(87)   Post Evacuate Collection Set: 0.5ms
[2025-04-22T12:49:50.546+0000][3015.925s] GC(87)   Other: 0.7ms
[2025-04-22T12:49:50.547+0000][3015.925s] GC(87) Eden regions: 23->0(236)
[2025-04-22T12:49:50.547+0000][3015.925s] GC(87) Survivor regions: 2->3(4)
[2025-04-22T12:49:50.547+0000][3015.925s] GC(87) Old regions: 133->119
[2025-04-22T12:49:50.547+0000][3015.926s] GC(87) Humongous regions: 7->7
[2025-04-22T12:49:50.547+0000][3015.926s] GC(87) Metaspace: 62024K(64128K)->62024K(64128K) NonClass: 54959K(56320K)->54959K(56320K) Class: 7064K(7808K)->7064K(7808K)
[2025-04-22T12:49:50.547+0000][3015.926s] GC(87) Pause Young (Mixed) (G1 Evacuation Pause) 162M->126M(512M) 7.393ms
[2025-04-22T12:49:50.547+0000][3015.926s] GC(87) User=0.01s Sys=0.00s Real=0.01s
[2025-04-22T12:49:52.022+0000][3017.401s] GC(88) Pause Young (Normal) (G1 Evacuation Pause)
[2025-04-22T12:49:52.022+0000][3017.401s] GC(88) Using 4 workers of 4 for evacuation
[2025-04-22T12:49:52.037+0000][3017.415s] GC(88)   Pre Evacuate Collection Set: 0.0ms
[2025-04-22T12:49:52.037+0000][3017.416s] GC(88)   Evacuate Collection Set: 12.7ms
[2025-04-22T12:49:52.037+0000][3017.416s] GC(88)   Post Evacuate Collection Set: 1.1ms
[2025-04-22T12:49:52.037+0000][3017.416s] GC(88)   Other: 0.9ms
[2025-04-22T12:49:52.037+0000][3017.416s] GC(88) Eden regions: 236->0(234)
[2025-04-22T12:49:52.038+0000][3017.416s] GC(88) Survivor regions: 3->16(30)
[2025-04-22T12:49:52.038+0000][3017.417s] GC(88) Old regions: 119->119
[2025-04-22T12:49:52.038+0000][3017.417s] GC(88) Humongous regions: 9->9
[2025-04-22T12:49:52.038+0000][3017.417s] GC(88) Metaspace: 62024K(64128K)->62024K(64128K) NonClass: 54959K(56320K)->54959K(56320K) Class: 7064K(7808K)->7064K(7808K)
[2025-04-22T12:49:52.039+0000][3017.417s] GC(88) Pause Young (Normal) (G1 Evacuation Pause) 364M->142M(512M) 16.522ms
[2025-04-22T12:49:52.039+0000][3017.417s] GC(88) User=0.03s Sys=0.01s Real=0.01s
[2025-04-22T12:49:54.702+0000][3020.081s] GC(89) Pause Young (Normal) (G1 Evacuation Pause)
[2025-04-22T12:49:54.702+0000][3020.081s] GC(89) Using 4 workers of 4 for evacuation
[2025-04-22T12:49:54.732+0000][3020.111s] GC(89)   Pre Evacuate Collection Set: 0.1ms
[2025-04-22T12:49:54.732+0000][3020.111s] GC(89)   Evacuate Collection Set: 28.2ms
[2025-04-22T12:49:54.732+0000][3020.111s] GC(89)   Post Evacuate Collection Set: 0.7ms
[2025-04-22T12:49:54.733+0000][3020.111s] GC(89)   Other: 1.1ms
[2025-04-22T12:49:54.733+0000][3020.112s] GC(89) Eden regions: 234->0(234)
[2025-04-22T12:49:54.733+0000][3020.112s] GC(89) Survivor regions: 16->24(32)
[2025-04-22T12:49:54.733+0000][3020.112s] GC(89) Old regions: 119->119
[2025-04-22T12:49:54.734+0000][3020.112s] GC(89) Humongous regions: 9->9
[2025-04-22T12:49:54.734+0000][3020.112s] GC(89) Metaspace: 62029K(64128K)->62029K(64128K) NonClass: 54965K(56320K)->54965K(56320K) Class: 7064K(7808K)->7064K(7808K)
[2025-04-22T12:49:54.734+0000][3020.113s] GC(89) Pause Young (Normal) (G1 Evacuation Pause) 376M->150M(512M) 32.016ms
[2025-04-22T12:49:54.734+0000][3020.113s] GC(89) User=0.04s Sys=0.00s Real=0.03s
[2025-04-22T12:49:57.911+0000][3023.290s] GC(90) Pause Young (Normal) (G1 Evacuation Pause)
[2025-04-22T12:49:57.912+0000][3023.291s] GC(90) Using 4 workers of 4 for evacuation
[2025-04-22T12:49:57.936+0000][3023.314s] GC(90)   Pre Evacuate Collection Set: 0.0ms
[2025-04-22T12:49:57.936+0000][3023.314s] GC(90)   Evacuate Collection Set: 22.1ms
[2025-04-22T12:49:57.936+0000][3023.315s] GC(90)   Post Evacuate Collection Set: 0.5ms
[2025-04-22T12:49:57.936+0000][3023.315s] GC(90)   Other: 1.6ms
[2025-04-22T12:49:57.936+0000][3023.315s] GC(90) Eden regions: 234->0(238)
[2025-04-22T12:49:57.937+0000][3023.315s] GC(90) Survivor regions: 24->20(33)
[2025-04-22T12:49:57.937+0000][3023.315s] GC(90) Old regions: 119->128
[2025-04-22T12:49:57.937+0000][3023.315s] GC(90) Humongous regions: 9->9
[2025-04-22T12:49:57.937+0000][3023.316s] GC(90) Metaspace: 62065K(64128K)->62065K(64128K) NonClass: 55000K(56320K)->55000K(56320K) Class: 7065K(7808K)->7065K(7808K)
[2025-04-22T12:49:57.937+0000][3023.316s] GC(90) Pause Young (Normal) (G1 Evacuation Pause) 384M->155M(512M) 25.771ms
[2025-04-22T12:49:57.937+0000][3023.316s] GC(90) User=0.06s Sys=0.00s Real=0.02s
[2025-04-22T12:49:59.408+0000][3024.787s] GC(91) Pause Young (Normal) (G1 Evacuation Pause)
[2025-04-22T12:49:59.409+0000][3024.787s] GC(91) Using 4 workers of 4 for evacuation
[2025-04-22T12:49:59.427+0000][3024.806s] GC(91)   Pre Evacuate Collection Set: 0.0ms
[2025-04-22T12:49:59.428+0000][3024.806s] GC(91)   Evacuate Collection Set: 17.8ms
[2025-04-22T12:49:59.428+0000][3024.807s] GC(91)   Post Evacuate Collection Set: 0.6ms
[2025-04-22T12:49:59.428+0000][3024.807s] GC(91)   Other: 0.7ms
[2025-04-22T12:49:59.428+0000][3024.807s] GC(91) Eden regions: 238->0(235)
[2025-04-22T12:49:59.428+0000][3024.807s] GC(91) Survivor regions: 20->18(33)
[2025-04-22T12:49:59.429+0000][3024.807s] GC(91) Old regions: 128->141
[2025-04-22T12:49:59.429+0000][3024.807s] GC(91) Humongous regions: 9->9
[2025-04-22T12:49:59.429+0000][3024.807s] GC(91) Metaspace: 62066K(64128K)->62066K(64128K) NonClass: 55001K(56320K)->55001K(56320K) Class: 7065K(7808K)->7065K(7808K)
[2025-04-22T12:49:59.429+0000][3024.808s] GC(91) Pause Young (Normal) (G1 Evacuation Pause) 393M->165M(512M) 20.544ms
[2025-04-22T12:49:59.429+0000][3024.808s] GC(91) User=0.05s Sys=0.00s Real=0.02s
[2025-04-22T12:50:00.854+0000][3026.233s] GC(92) Pause Young (Normal) (G1 Evacuation Pause)
[2025-04-22T12:50:00.854+0000][3026.233s] GC(92) Using 4 workers of 4 for evacuation
[2025-04-22T12:50:00.880+0000][3026.259s] GC(92)   Pre Evacuate Collection Set: 0.0ms
[2025-04-22T12:50:00.881+0000][3026.259s] GC(92)   Evacuate Collection Set: 25.1ms
[2025-04-22T12:50:00.881+0000][3026.260s] GC(92)   Post Evacuate Collection Set: 0.5ms
[2025-04-22T12:50:00.882+0000][3026.260s] GC(92)   Other: 0.7ms
[2025-04-22T12:50:00.882+0000][3026.260s] GC(92) Eden regions: 235->0(232)
[2025-04-22T12:50:00.882+0000][3026.261s] GC(92) Survivor regions: 18->22(32)
[2025-04-22T12:50:00.882+0000][3026.261s] GC(92) Old regions: 141->146
[2025-04-22T12:50:00.882+0000][3026.261s] GC(92) Humongous regions: 9->9
[2025-04-22T12:50:00.883+0000][3026.261s] GC(92) Metaspace: 62066K(64128K)->62066K(64128K) NonClass: 55001K(56320K)->55001K(56320K) Class: 7065K(7808K)->7065K(7808K)
[2025-04-22T12:50:00.883+0000][3026.261s] GC(92) Pause Young (Normal) (G1 Evacuation Pause) 400M->174M(512M) 28.594ms
[2025-04-22T12:50:00.883+0000][3026.262s] GC(92) User=0.08s Sys=0.00s Real=0.03s
[2025-04-22T12:50:02.416+0000][3027.794s] GC(93) Pause Young (Normal) (G1 Evacuation Pause)
[2025-04-22T12:50:02.421+0000][3027.800s] GC(93) Using 4 workers of 4 for evacuation
[2025-04-22T12:50:02.440+0000][3027.819s] GC(93)   Pre Evacuate Collection Set: 0.0ms
[2025-04-22T12:50:02.441+0000][3027.820s] GC(93)   Evacuate Collection Set: 17.8ms
[2025-04-22T12:50:02.441+0000][3027.820s] GC(93)   Post Evacuate Collection Set: 0.7ms
[2025-04-22T12:50:02.442+0000][3027.820s] GC(93)   Other: 6.0ms
[2025-04-22T12:50:02.442+0000][3027.821s] GC(93) Eden regions: 232->0(227)
[2025-04-22T12:50:02.442+0000][3027.821s] GC(93) Survivor regions: 22->23(32)
[2025-04-22T12:50:02.442+0000][3027.821s] GC(93) Old regions: 146->153
[2025-04-22T12:50:02.443+0000][3027.821s] GC(93) Humongous regions: 9->9
[2025-04-22T12:50:02.443+0000][3027.821s] GC(93) Metaspace: 62066K(64128K)->62066K(64128K) NonClass: 55001K(56320K)->55001K(56320K) Class: 7065K(7808K)->7065K(7808K)
[2025-04-22T12:50:02.443+0000][3027.822s] GC(93) Pause Young (Normal) (G1 Evacuation Pause) 406M->183M(512M) 27.273ms
[2025-04-22T12:50:02.443+0000][3027.822s] GC(93) User=0.05s Sys=0.01s Real=0.03s
[2025-04-22T12:50:03.882+0000][3029.260s] GC(94) Pause Young (Normal) (G1 Evacuation Pause)
[2025-04-22T12:50:03.882+0000][3029.260s] GC(94) Using 4 workers of 4 for evacuation
[2025-04-22T12:50:03.909+0000][3029.287s] GC(94)   Pre Evacuate Collection Set: 0.0ms
[2025-04-22T12:50:03.909+0000][3029.288s] GC(94)   Evacuate Collection Set: 25.7ms
[2025-04-22T12:50:03.909+0000][3029.288s] GC(94)   Post Evacuate Collection Set: 0.7ms
[2025-04-22T12:50:03.910+0000][3029.288s] GC(94)   Other: 0.8ms
[2025-04-22T12:50:03.910+0000][3029.288s] GC(94) Eden regions: 227->0(220)
[2025-04-22T12:50:03.910+0000][3029.289s] GC(94) Survivor regions: 23->24(32)
[2025-04-22T12:50:03.910+0000][3029.289s] GC(94) Old regions: 153->160
[2025-04-22T12:50:03.910+0000][3029.289s] GC(94) Humongous regions: 11->11
[2025-04-22T12:50:03.912+0000][3029.291s] GC(94) Metaspace: 62066K(64128K)->62066K(64128K) NonClass: 55001K(56320K)->55001K(56320K) Class: 7065K(7808K)->7065K(7808K)
[2025-04-22T12:50:03.913+0000][3029.292s] GC(94) Pause Young (Normal) (G1 Evacuation Pause) 412M->193M(512M) 31.638ms
[2025-04-22T12:50:03.913+0000][3029.292s] GC(94) User=0.05s Sys=0.00s Real=0.03s
[2025-04-22T12:50:06.041+0000][3031.419s] GC(95) Pause Young (Normal) (G1 Evacuation Pause)
[2025-04-22T12:50:06.041+0000][3031.420s] GC(95) Using 4 workers of 4 for evacuation
[2025-04-22T12:50:06.086+0000][3031.464s] GC(95)   Pre Evacuate Collection Set: 0.0ms
[2025-04-22T12:50:06.086+0000][3031.465s] GC(95)   Evacuate Collection Set: 43.4ms
[2025-04-22T12:50:06.086+0000][3031.465s] GC(95)   Post Evacuate Collection Set: 0.8ms
[2025-04-22T12:50:06.086+0000][3031.465s] GC(95)   Other: 0.8ms
[2025-04-22T12:50:06.087+0000][3031.465s] GC(95) Eden regions: 220->0(206)
[2025-04-22T12:50:06.087+0000][3031.465s] GC(95) Survivor regions: 24->27(31)
[2025-04-22T12:50:06.087+0000][3031.466s] GC(95) Old regions: 160->169
[2025-04-22T12:50:06.087+0000][3031.466s] GC(95) Humongous regions: 11->11
[2025-04-22T12:50:06.087+0000][3031.466s] GC(95) Metaspace: 62068K(64128K)->62068K(64128K) NonClass: 55003K(56320K)->55003K(56320K) Class: 7065K(7808K)->7065K(7808K)
[2025-04-22T12:50:06.088+0000][3031.466s] GC(95) Pause Young (Normal) (G1 Evacuation Pause) 413M->204M(512M) 47.001ms
[2025-04-22T12:50:06.088+0000][3031.467s] GC(95) User=0.08s Sys=0.00s Real=0.05s
[2025-04-22T12:50:09.282+0000][3034.661s] GC(96) Pause Young (Normal) (G1 Evacuation Pause)
[2025-04-22T12:50:09.283+0000][3034.661s] GC(96) Using 4 workers of 4 for evacuation
[2025-04-22T12:50:09.318+0000][3034.696s] GC(96)   Pre Evacuate Collection Set: 0.0ms
[2025-04-22T12:50:09.318+0000][3034.697s] GC(96)   Evacuate Collection Set: 34.0ms
[2025-04-22T12:50:09.318+0000][3034.697s] GC(96)   Post Evacuate Collection Set: 0.6ms
[2025-04-22T12:50:09.318+0000][3034.697s] GC(96)   Other: 0.8ms
[2025-04-22T12:50:09.319+0000][3034.697s] GC(96) Eden regions: 206->0(210)
[2025-04-22T12:50:09.319+0000][3034.697s] GC(96) Survivor regions: 27->6(30)
[2025-04-22T12:50:09.319+0000][3034.698s] GC(96) Old regions: 169->193
[2025-04-22T12:50:09.319+0000][3034.698s] GC(96) Humongous regions: 11->11
[2025-04-22T12:50:09.319+0000][3034.698s] GC(96) Metaspace: 62142K(64128K)->62142K(64128K) NonClass: 55077K(56320K)->55077K(56320K) Class: 7065K(7808K)->7065K(7808K)
[2025-04-22T12:50:09.319+0000][3034.698s] GC(96) Pause Young (Normal) (G1 Evacuation Pause) 410M->207M(512M) 36.932ms
[2025-04-22T12:50:09.320+0000][3034.698s] GC(96) User=0.07s Sys=0.00s Real=0.03s
[2025-04-22T12:50:10.279+0000][3035.658s] GC(97) Pause Young (Normal) (G1 Evacuation Pause)
[2025-04-22T12:50:10.285+0000][3035.663s] GC(97) Using 4 workers of 4 for evacuation
[2025-04-22T12:50:10.300+0000][3035.678s] GC(97)   Pre Evacuate Collection Set: 0.0ms
[2025-04-22T12:50:10.300+0000][3035.679s] GC(97)   Evacuate Collection Set: 13.6ms
[2025-04-22T12:50:10.300+0000][3035.679s] GC(97)   Post Evacuate Collection Set: 0.6ms
[2025-04-22T12:50:10.301+0000][3035.679s] GC(97)   Other: 6.5ms
[2025-04-22T12:50:10.301+0000][3035.679s] GC(97) Eden regions: 210->0(206)
[2025-04-22T12:50:10.301+0000][3035.680s] GC(97) Survivor regions: 6->13(27)
[2025-04-22T12:50:10.301+0000][3035.680s] GC(97) Old regions: 193->193
[2025-04-22T12:50:10.302+0000][3035.680s] GC(97) Humongous regions: 11->11
[2025-04-22T12:50:10.302+0000][3035.680s] GC(97) Metaspace: 62142K(64128K)->62142K(64128K) NonClass: 55077K(56320K)->55077K(56320K) Class: 7065K(7808K)->7065K(7808K)
[2025-04-22T12:50:10.302+0000][3035.681s] GC(97) Pause Young (Normal) (G1 Evacuation Pause) 417M->214M(512M) 22.755ms
[2025-04-22T12:50:10.302+0000][3035.681s] GC(97) User=0.03s Sys=0.00s Real=0.03s
[2025-04-22T12:50:11.266+0000][3036.645s] GC(98) Pause Young (Normal) (G1 Evacuation Pause)
[2025-04-22T12:50:11.266+0000][3036.645s] GC(98) Using 4 workers of 4 for evacuation
[2025-04-22T12:50:11.282+0000][3036.661s] GC(98)   Pre Evacuate Collection Set: 0.1ms
[2025-04-22T12:50:11.282+0000][3036.661s] GC(98)   Evacuate Collection Set: 14.8ms
[2025-04-22T12:50:11.283+0000][3036.661s] GC(98)   Post Evacuate Collection Set: 0.5ms
[2025-04-22T12:50:11.283+0000][3036.661s] GC(98)   Other: 0.8ms
[2025-04-22T12:50:11.283+0000][3036.662s] GC(98) Eden regions: 206->0(200)
[2025-04-22T12:50:11.283+0000][3036.662s] GC(98) Survivor regions: 13->21(28)
[2025-04-22T12:50:11.283+0000][3036.662s] GC(98) Old regions: 193->193
[2025-04-22T12:50:11.283+0000][3036.662s] GC(98) Humongous regions: 11->11
[2025-04-22T12:50:11.284+0000][3036.662s] GC(98) Metaspace: 62142K(64128K)->62142K(64128K) NonClass: 55077K(56320K)->55077K(56320K) Class: 7065K(7808K)->7065K(7808K)
[2025-04-22T12:50:11.284+0000][3036.662s] GC(98) Pause Young (Normal) (G1 Evacuation Pause) 420M->222M(512M) 17.624ms
[2025-04-22T12:50:11.284+0000][3036.662s] GC(98) User=0.03s Sys=0.00s Real=0.02s
[2025-04-22T12:50:12.398+0000][3037.776s] GC(99) Pause Young (Normal) (G1 Evacuation Pause)
[2025-04-22T12:50:12.398+0000][3037.777s] GC(99) Using 4 workers of 4 for evacuation
[2025-04-22T12:50:12.422+0000][3037.800s] GC(99)   Pre Evacuate Collection Set: 0.0ms
[2025-04-22T12:50:12.422+0000][3037.800s] GC(99)   Evacuate Collection Set: 22.6ms
[2025-04-22T12:50:12.422+0000][3037.801s] GC(99)   Post Evacuate Collection Set: 0.5ms
[2025-04-22T12:50:12.422+0000][3037.801s] GC(99)   Other: 0.7ms
[2025-04-22T12:50:12.422+0000][3037.801s] GC(99) Eden regions: 200->0(193)
[2025-04-22T12:50:12.422+0000][3037.801s] GC(99) Survivor regions: 21->20(28)
[2025-04-22T12:50:12.423+0000][3037.801s] GC(99) Old regions: 193->201
[2025-04-22T12:50:12.423+0000][3037.801s] GC(99) Humongous regions: 11->11
[2025-04-22T12:50:12.423+0000][3037.802s] GC(99) Metaspace: 62142K(64128K)->62142K(64128K) NonClass: 55077K(56320K)->55077K(56320K) Class: 7065K(7808K)->7065K(7808K)
[2025-04-22T12:50:12.423+0000][3037.802s] GC(99) Pause Young (Normal) (G1 Evacuation Pause) 422M->229M(512M) 25.458ms
[2025-04-22T12:50:12.423+0000][3037.802s] GC(99) User=0.06s Sys=0.00s Real=0.03s
[2025-04-22T12:50:13.516+0000][3038.897s] GC(100) Pause Young (Normal) (G1 Evacuation Pause)
[2025-04-22T12:50:13.516+0000][3038.898s] GC(100) Using 4 workers of 4 for evacuation
[2025-04-22T12:50:13.533+0000][3038.915s] GC(100)   Pre Evacuate Collection Set: 0.0ms
[2025-04-22T12:50:13.533+0000][3038.915s] GC(100)   Evacuate Collection Set: 16.1ms
[2025-04-22T12:50:13.534+0000][3038.915s] GC(100)   Post Evacuate Collection Set: 0.5ms
[2025-04-22T12:50:13.534+0000][3038.915s] GC(100)   Other: 0.7ms
[2025-04-22T12:50:13.534+0000][3038.915s] GC(100) Eden regions: 193->0(186)
[2025-04-22T12:50:13.534+0000][3038.916s] GC(100) Survivor regions: 20->20(27)
[2025-04-22T12:50:13.534+0000][3038.916s] GC(100) Old regions: 201->208
[2025-04-22T12:50:13.534+0000][3038.916s] GC(100) Humongous regions: 11->11
[2025-04-22T12:50:13.535+0000][3038.916s] GC(100) Metaspace: 62142K(64128K)->62142K(64128K) NonClass: 55077K(56320K)->55077K(56320K) Class: 7065K(7808K)->7065K(7808K)
[2025-04-22T12:50:13.535+0000][3038.916s] GC(100) Pause Young (Normal) (G1 Evacuation Pause) 422M->236M(512M) 18.843ms
[2025-04-22T12:50:13.535+0000][3038.916s] GC(100) User=0.05s Sys=0.00s Real=0.02s
[2025-04-22T12:50:36.160+0000][3061.541s] GC(101) Pause Young (Normal) (G1 Evacuation Pause)
[2025-04-22T12:50:36.160+0000][3061.542s] GC(101) Using 4 workers of 4 for evacuation
[2025-04-22T12:50:36.174+0000][3061.556s] GC(101)   Pre Evacuate Collection Set: 0.1ms
[2025-04-22T12:50:36.175+0000][3061.556s] GC(101)   Evacuate Collection Set: 13.2ms
[2025-04-22T12:50:36.175+0000][3061.556s] GC(101)   Post Evacuate Collection Set: 0.6ms
[2025-04-22T12:50:36.175+0000][3061.557s] GC(101)   Other: 0.7ms
[2025-04-22T12:50:36.175+0000][3061.557s] GC(101) Eden regions: 186->0(186)
[2025-04-22T12:50:36.176+0000][3061.557s] GC(101) Survivor regions: 20->15(26)
[2025-04-22T12:50:36.176+0000][3061.557s] GC(101) Old regions: 208->214
[2025-04-22T12:50:36.176+0000][3061.558s] GC(101) Humongous regions: 11->11
[2025-04-22T12:50:36.176+0000][3061.558s] GC(101) Metaspace: 62485K(64640K)->62485K(64640K) NonClass: 55379K(56832K)->55379K(56832K) Class: 7106K(7808K)->7106K(7808K)
[2025-04-22T12:50:36.176+0000][3061.558s] GC(101) Pause Young (Normal) (G1 Evacuation Pause) 422M->237M(512M) 16.570ms
[2025-04-22T12:50:36.177+0000][3061.558s] GC(101) User=0.05s Sys=0.00s Real=0.01s
[2025-04-22T12:50:41.486+0000][3066.867s] GC(102) Pause Young (Normal) (G1 Evacuation Pause)
[2025-04-22T12:50:41.486+0000][3066.868s] GC(102) Using 4 workers of 4 for evacuation
[2025-04-22T12:50:41.525+0000][3066.907s] GC(102)   Pre Evacuate Collection Set: 0.0ms
[2025-04-22T12:50:41.541+0000][3066.923s] GC(102)   Evacuate Collection Set: 37.9ms
[2025-04-22T12:50:41.541+0000][3066.923s] GC(102)   Post Evacuate Collection Set: 1.0ms
[2025-04-22T12:50:41.542+0000][3066.923s] GC(102)   Other: 0.9ms
[2025-04-22T12:50:41.542+0000][3066.923s] GC(102) Eden regions: 186->0(189)
[2025-04-22T12:50:41.542+0000][3066.924s] GC(102) Survivor regions: 15->9(26)
[2025-04-22T12:50:41.542+0000][3066.924s] GC(102) Old regions: 214->221
[2025-04-22T12:50:41.543+0000][3066.924s] GC(102) Humongous regions: 11->11
[2025-04-22T12:50:41.543+0000][3066.924s] GC(102) Metaspace: 62554K(64640K)->62554K(64640K) NonClass: 55447K(56832K)->55447K(56832K) Class: 7106K(7808K)->7106K(7808K)
[2025-04-22T12:50:41.543+0000][3066.925s] GC(102) Pause Young (Normal) (G1 Evacuation Pause) 423M->238M(512M) 57.237ms
[2025-04-22T12:50:41.543+0000][3066.925s] GC(102) User=0.16s Sys=0.02s Real=0.06s
[2025-04-22T12:50:43.737+0000][3069.123s] GC(103) Pause Young (Concurrent Start) (G1 Evacuation Pause)
[2025-04-22T12:50:43.738+0000][3069.123s] GC(103) Using 4 workers of 4 for evacuation
[2025-04-22T12:50:43.744+0000][3069.130s] GC(103)   Pre Evacuate Collection Set: 0.2ms
[2025-04-22T12:50:43.745+0000][3069.130s] GC(103)   Evacuate Collection Set: 5.7ms
[2025-04-22T12:50:43.745+0000][3069.131s] GC(103)   Post Evacuate Collection Set: 0.7ms
[2025-04-22T12:50:43.745+0000][3069.131s] GC(103)   Other: 0.6ms
[2025-04-22T12:50:43.745+0000][3069.131s] GC(103) Eden regions: 189->0(192)
[2025-04-22T12:50:43.745+0000][3069.131s] GC(103) Survivor regions: 9->9(25)
[2025-04-22T12:50:43.746+0000][3069.131s] GC(103) Old regions: 221->221
[2025-04-22T12:50:43.746+0000][3069.132s] GC(103) Humongous regions: 11->11
[2025-04-22T12:50:43.746+0000][3069.132s] GC(103) Metaspace: 62555K(64640K)->62555K(64640K) NonClass: 55448K(56832K)->55448K(56832K) Class: 7106K(7808K)->7106K(7808K)
[2025-04-22T12:50:43.746+0000][3069.132s] GC(103) Pause Young (Concurrent Start) (G1 Evacuation Pause) 427M->238M(512M) 8.771ms
[2025-04-22T12:50:43.746+0000][3069.132s] GC(103) User=0.01s Sys=0.01s Real=0.01s
[2025-04-22T12:50:43.746+0000][3069.132s] GC(104) Concurrent Cycle
[2025-04-22T12:50:43.747+0000][3069.133s] GC(104) Concurrent Clear Claimed Marks
[2025-04-22T12:50:43.747+0000][3069.133s] GC(104) Concurrent Clear Claimed Marks 0.393ms
[2025-04-22T12:50:43.747+0000][3069.133s] GC(104) Concurrent Scan Root Regions
[2025-04-22T12:50:43.750+0000][3069.136s] GC(104) Concurrent Scan Root Regions 2.924ms
[2025-04-22T12:50:43.750+0000][3069.136s] GC(104) Concurrent Mark (3069.136s)
[2025-04-22T12:50:43.751+0000][3069.137s] GC(104) Concurrent Mark From Roots
[2025-04-22T12:50:43.751+0000][3069.137s] GC(104) Using 1 workers of 1 for marking
[2025-04-22T12:50:43.885+0000][3069.270s] GC(104) Concurrent Mark From Roots 133.563ms
[2025-04-22T12:50:43.886+0000][3069.272s] GC(104) Concurrent Preclean
[2025-04-22T12:50:43.887+0000][3069.273s] GC(104) Concurrent Preclean 0.930ms
[2025-04-22T12:50:43.887+0000][3069.273s] GC(104) Concurrent Mark (3069.136s, 3069.273s) 137.007ms
[2025-04-22T12:50:43.892+0000][3069.278s] GC(104) Pause Remark
[2025-04-22T12:50:43.911+0000][3069.297s] GC(104) Cleaned string and symbol table, strings: 27873 processed, 2 removed, symbols: 154745 processed, 6 removed
[2025-04-22T12:50:43.911+0000][3069.297s] GC(104) Pause Remark 272M->206M(512M) 19.643ms
[2025-04-22T12:50:43.912+0000][3069.297s] GC(104) User=0.07s Sys=0.00s Real=0.02s
[2025-04-22T12:50:43.912+0000][3069.298s] GC(104) Concurrent Rebuild Remembered Sets
[2025-04-22T12:50:44.057+0000][3069.443s] GC(104) Concurrent Rebuild Remembered Sets 145.373ms
[2025-04-22T12:50:44.074+0000][3069.460s] GC(104) Pause Cleanup
[2025-04-22T12:50:44.075+0000][3069.461s] GC(104) Pause Cleanup 212M->212M(512M) 0.809ms
[2025-04-22T12:50:44.076+0000][3069.461s] GC(104) User=0.00s Sys=0.00s Real=0.00s
[2025-04-22T12:50:44.077+0000][3069.463s] GC(104) Concurrent Cleanup for Next Mark
[2025-04-22T12:50:44.079+0000][3069.464s] GC(104) Concurrent Cleanup for Next Mark 1.761ms
[2025-04-22T12:50:44.079+0000][3069.465s] GC(104) Concurrent Cycle 332.529ms
[2025-04-22T12:50:54.709+0000][3080.095s] GC(105) Pause Young (Prepare Mixed) (G1 Evacuation Pause)
[2025-04-22T12:50:54.710+0000][3080.096s] GC(105) Using 4 workers of 4 for evacuation
[2025-04-22T12:50:54.720+0000][3080.105s] GC(105)   Pre Evacuate Collection Set: 0.1ms
[2025-04-22T12:50:54.720+0000][3080.106s] GC(105)   Evacuate Collection Set: 8.2ms
[2025-04-22T12:50:54.720+0000][3080.106s] GC(105)   Post Evacuate Collection Set: 0.9ms
[2025-04-22T12:50:54.720+0000][3080.106s] GC(105)   Other: 1.0ms
[2025-04-22T12:50:54.720+0000][3080.106s] GC(105) Eden regions: 192->0(23)
[2025-04-22T12:50:54.721+0000][3080.106s] GC(105) Survivor regions: 9->2(26)
[2025-04-22T12:50:54.721+0000][3080.107s] GC(105) Old regions: 159->159
[2025-04-22T12:50:54.721+0000][3080.107s] GC(105) Humongous regions: 11->7
[2025-04-22T12:50:54.721+0000][3080.107s] GC(105) Metaspace: 63479K(65536K)->63479K(65536K) NonClass: 56260K(57600K)->56260K(57600K) Class: 7219K(7936K)->7219K(7936K)
[2025-04-22T12:50:54.721+0000][3080.107s] GC(105) Pause Young (Prepare Mixed) (G1 Evacuation Pause) 368M->166M(512M) 11.942ms
[2025-04-22T12:50:54.722+0000][3080.107s] GC(105) User=0.04s Sys=0.00s Real=0.01s
[2025-04-22T12:58:15.164+0000][3520.627s] GC(106) Pause Young (Mixed) (G1 Evacuation Pause)
[2025-04-22T12:58:15.170+0000][3520.631s] GC(106) Using 4 workers of 4 for evacuation
[2025-04-22T12:58:15.401+0000][3520.861s] GC(106)   Pre Evacuate Collection Set: 63.9ms
[2025-04-22T12:58:15.401+0000][3520.862s] GC(106)   Evacuate Collection Set: 149.5ms
[2025-04-22T12:58:15.401+0000][3520.862s] GC(106)   Post Evacuate Collection Set: 14.5ms
[2025-04-22T12:58:15.401+0000][3520.862s] GC(106)   Other: 9.9ms
[2025-04-22T12:58:15.401+0000][3520.862s] GC(106) Eden regions: 23->0(23)
[2025-04-22T12:58:15.401+0000][3520.862s] GC(106) Survivor regions: 2->2(4)
[2025-04-22T12:58:15.402+0000][3520.862s] GC(106) Old regions: 159->110
[2025-04-22T12:58:15.402+0000][3520.863s] GC(106) Humongous regions: 7->7
[2025-04-22T12:58:15.402+0000][3520.863s] GC(106) Metaspace: 63864K(65792K)->63864K(65792K) NonClass: 56616K(57856K)->56616K(57856K) Class: 7247K(7936K)->7247K(7936K)
[2025-04-22T12:58:15.402+0000][3520.863s] GC(106) Pause Young (Mixed) (G1 Evacuation Pause) 189M->116M(512M) 238.242ms
[2025-04-22T12:58:15.402+0000][3520.863s] GC(106) User=0.67s Sys=0.02s Real=0.24s
[2025-04-22T13:04:28.955+0000][3894.455s] GC(107) Pause Young (Mixed) (G1 Evacuation Pause)
[2025-04-22T13:04:29.086+0000][3894.586s] GC(107) Using 4 workers of 4 for evacuation
[2025-04-22T13:04:36.999+0000][3902.500s] GC(107) MMU target violated: 251.0ms (250.0ms/251.0ms)
[2025-04-22T13:04:37.211+0000][3902.712s] GC(107)   Pre Evacuate Collection Set: 18.9ms
[2025-04-22T13:04:37.340+0000][3902.840s] GC(107)   Evacuate Collection Set: 7343.6ms
[2025-04-22T13:04:39.129+0000][3904.630s] GC(107)   Post Evacuate Collection Set: 400.2ms
[2025-04-22T13:04:39.143+0000][3904.643s] GC(107)   Other: 493.7ms
[2025-04-22T13:04:39.150+0000][3904.650s] GC(107) Eden regions: 23->0(23)
[2025-04-22T13:04:39.172+0000][3904.672s] GC(107) Survivor regions: 2->2(4)
[2025-04-22T13:04:39.193+0000][3904.693s] GC(107) Old regions: 110->100
[2025-04-22T13:04:39.240+0000][3904.741s] GC(107) Humongous regions: 7->7
[2025-04-22T13:04:39.267+0000][3904.767s] GC(107) Metaspace: 64233K(66432K)->64233K(66432K) NonClass: 56956K(58368K)->56956K(58368K) Class: 7277K(8064K)->7277K(8064K)
[2025-04-22T13:04:39.294+0000][3904.794s] GC(107) Pause Young (Mixed) (G1 Evacuation Pause) 139M->106M(512M) 10339.068ms
[2025-04-22T13:04:39.311+0000][3904.812s] GC(107) User=16.79s Sys=3.97s Real=10.35s
[2025-04-22T13:05:15.671+0000][3941.174s] GC(108) Pause Young (Normal) (G1 Evacuation Pause)
[2025-04-22T13:05:15.677+0000][3941.180s] GC(108) Using 4 workers of 4 for evacuation
[2025-04-22T13:05:15.746+0000][3941.249s] GC(108)   Pre Evacuate Collection Set: 0.1ms
[2025-04-22T13:05:15.747+0000][3941.250s] GC(108)   Evacuate Collection Set: 61.9ms
[2025-04-22T13:05:15.747+0000][3941.250s] GC(108)   Post Evacuate Collection Set: 6.1ms
[2025-04-22T13:05:15.748+0000][3941.251s] GC(108)   Other: 7.9ms
[2025-04-22T13:05:15.748+0000][3941.251s] GC(108) Eden regions: 23->0(22)
[2025-04-22T13:05:15.749+0000][3941.251s] GC(108) Survivor regions: 2->3(4)
[2025-04-22T13:05:15.749+0000][3941.252s] GC(108) Old regions: 100->100
[2025-04-22T13:05:15.749+0000][3941.252s] GC(108) Humongous regions: 7->7
[2025-04-22T13:05:15.750+0000][3941.253s] GC(108) Metaspace: 64512K(66432K)->64512K(66432K) NonClass: 57203K(58368K)->57203K(58368K) Class: 7309K(8064K)->7309K(8064K)
[2025-04-22T13:05:15.750+0000][3941.253s] GC(108) Pause Young (Normal) (G1 Evacuation Pause) 129M->106M(512M) 79.095ms
[2025-04-22T13:05:15.751+0000][3941.254s] GC(108) User=0.20s Sys=0.02s Real=0.08s
[2025-04-22T13:13:53.921+0000][4459.498s] GC(109) Pause Young (Normal) (G1 Evacuation Pause)
[2025-04-22T13:13:53.927+0000][4459.501s] GC(109) Using 4 workers of 4 for evacuation
[2025-04-22T13:13:54.531+0000][4460.104s] GC(109) MMU target violated: 251.0ms (250.0ms/251.0ms)
[2025-04-22T13:13:54.531+0000][4460.104s] GC(109)   Pre Evacuate Collection Set: 176.6ms
[2025-04-22T13:13:54.531+0000][4460.105s] GC(109)   Evacuate Collection Set: 395.0ms
[2025-04-22T13:13:54.532+0000][4460.105s] GC(109)   Post Evacuate Collection Set: 18.0ms
[2025-04-22T13:13:54.532+0000][4460.106s] GC(109)   Other: 21.1ms
[2025-04-22T13:13:54.532+0000][4460.106s] GC(109) Eden regions: 22->0(22)
[2025-04-22T13:13:54.532+0000][4460.106s] GC(109) Survivor regions: 3->3(4)
[2025-04-22T13:13:54.533+0000][4460.106s] GC(109) Old regions: 100->100
[2025-04-22T13:13:54.533+0000][4460.106s] GC(109) Humongous regions: 7->7
[2025-04-22T13:13:54.533+0000][4460.106s] GC(109) Metaspace: 64728K(66688K)->64728K(66688K) NonClass: 57408K(58624K)->57408K(58624K) Class: 7320K(8064K)->7320K(8064K)
[2025-04-22T13:13:54.533+0000][4460.107s] GC(109) Pause Young (Normal) (G1 Evacuation Pause) 128M->106M(512M) 612.184ms
[2025-04-22T13:13:54.533+0000][4460.107s] GC(109) User=0.93s Sys=0.08s Real=0.61s
